[2025-04-04T17:50:08.138+0000][0.031s] Heap region size: 1M
[2025-04-04T17:50:08.591+0000][0.483s] Using G1
[2025-04-04T17:50:08.591+0000][0.483s] Heap address: 0x00000000e0000000, size: 512 MB, Compressed Oops mode: 32-bit
[2025-04-04T17:50:10.386+0000][2.279s] GC(0) Pause Young (Normal) (G1 Evacuation Pause)
[2025-04-04T17:50:10.388+0000][2.280s] GC(0) Using 8 workers of 8 for evacuation
[2025-04-04T17:50:10.392+0000][2.284s] GC(0)   Pre Evacuate Collection Set: 0.0ms
[2025-04-04T17:50:10.392+0000][2.284s] GC(0)   Evacuate Collection Set: 3.5ms
[2025-04-04T17:50:10.393+0000][2.284s] GC(0)   Post Evacuate Collection Set: 0.4ms
[2025-04-04T17:50:10.393+0000][2.285s] GC(0)   Other: 1.8ms
[2025-04-04T17:50:10.393+0000][2.285s] GC(0) Eden regions: 30->0(303)
[2025-04-04T17:50:10.395+0000][2.287s] GC(0) Survivor regions: 0->4(4)
[2025-04-04T17:50:10.395+0000][2.287s] GC(0) Old regions: 0->4
[2025-04-04T17:50:10.395+0000][2.287s] GC(0) Humongous regions: 0->0
[2025-04-04T17:50:10.395+0000][2.287s] GC(0) Metaspace: 10966K(11392K)->10966K(11392K) NonClass: 9951K(10240K)->9951K(10240K) Class: 1014K(1152K)->1014K(1152K)
[2025-04-04T17:50:10.395+0000][2.287s] GC(0) Pause Young (Normal) (G1 Evacuation Pause) 30M->7M(512M) 8.187ms
[2025-04-04T17:50:10.395+0000][2.287s] GC(0) User=0.00s Sys=0.00s Real=0.01s
[2025-04-04T17:50:11.482+0000][3.374s] GC(1) Pause Young (Concurrent Start) (Metadata GC Threshold)
[2025-04-04T17:50:11.482+0000][3.374s] GC(1) Using 8 workers of 8 for evacuation
[2025-04-04T17:50:11.493+0000][3.385s] GC(1)   Pre Evacuate Collection Set: 0.0ms
[2025-04-04T17:50:11.494+0000][3.386s] GC(1)   Evacuate Collection Set: 10.5ms
[2025-04-04T17:50:11.494+0000][3.386s] GC(1)   Post Evacuate Collection Set: 0.6ms
[2025-04-04T17:50:11.494+0000][3.386s] GC(1)   Other: 0.3ms
[2025-04-04T17:50:11.494+0000][3.386s] GC(1) Eden regions: 53->0(66)
[2025-04-04T17:50:11.494+0000][3.386s] GC(1) Survivor regions: 4->8(8)
[2025-04-04T17:50:11.494+0000][3.386s] GC(1) Old regions: 4->9
[2025-04-04T17:50:11.494+0000][3.386s] GC(1) Humongous regions: 4->4
[2025-04-04T17:50:11.494+0000][3.386s] GC(1) Metaspace: 20681K(21296K)->20681K(21296K) NonClass: 18495K(18864K)->18495K(18864K) Class: 2186K(2432K)->2186K(2432K)
[2025-04-04T17:50:11.494+0000][3.386s] GC(1) Pause Young (Concurrent Start) (Metadata GC Threshold) 64M->20M(512M) 11.839ms
[2025-04-04T17:50:11.494+0000][3.386s] GC(1) User=0.13s Sys=0.00s Real=0.01s
[2025-04-04T17:50:11.494+0000][3.386s] GC(2) Concurrent Cycle
[2025-04-04T17:50:11.494+0000][3.386s] GC(2) Concurrent Clear Claimed Marks
[2025-04-04T17:50:11.494+0000][3.386s] GC(2) Concurrent Clear Claimed Marks 0.049ms
[2025-04-04T17:50:11.494+0000][3.386s] GC(2) Concurrent Scan Root Regions
[2025-04-04T17:50:11.497+0000][3.390s] GC(2) Concurrent Scan Root Regions 3.454ms
[2025-04-04T17:50:11.497+0000][3.390s] GC(2) Concurrent Mark (3.390s)
[2025-04-04T17:50:11.497+0000][3.390s] GC(2) Concurrent Mark From Roots
[2025-04-04T17:50:11.497+0000][3.390s] GC(2) Using 2 workers of 2 for marking
[2025-04-04T17:50:11.508+0000][3.401s] GC(2) Concurrent Mark From Roots 11.018ms
[2025-04-04T17:50:11.508+0000][3.401s] GC(2) Concurrent Preclean
[2025-04-04T17:50:11.509+0000][3.401s] GC(2) Concurrent Preclean 0.275ms
[2025-04-04T17:50:11.509+0000][3.401s] GC(2) Concurrent Mark (3.390s, 3.401s) 11.436ms
[2025-04-04T17:50:11.509+0000][3.401s] GC(2) Pause Remark
[2025-04-04T17:50:11.511+0000][3.403s] GC(2) Cleaned string and symbol table, strings: 9597 processed, 0 removed, symbols: 68284 processed, 19 removed
[2025-04-04T17:50:11.511+0000][3.403s] GC(2) Pause Remark 21M->21M(512M) 1.838ms
[2025-04-04T17:50:11.511+0000][3.403s] GC(2) User=0.00s Sys=0.00s Real=0.00s
[2025-04-04T17:50:11.511+0000][3.403s] GC(2) Concurrent Rebuild Remembered Sets
[2025-04-04T17:50:11.518+0000][3.411s] GC(2) Concurrent Rebuild Remembered Sets 7.327ms
[2025-04-04T17:50:11.519+0000][3.411s] GC(2) Pause Cleanup
[2025-04-04T17:50:11.519+0000][3.411s] GC(2) Pause Cleanup 21M->21M(512M) 0.135ms
[2025-04-04T17:50:11.519+0000][3.411s] GC(2) User=0.00s Sys=0.00s Real=0.00s
[2025-04-04T17:50:11.519+0000][3.411s] GC(2) Concurrent Cleanup for Next Mark
[2025-04-04T17:50:11.519+0000][3.411s] GC(2) Concurrent Cleanup for Next Mark 0.379ms
[2025-04-04T17:50:11.519+0000][3.411s] GC(2) Concurrent Cycle 25.406ms
[2025-04-04T17:50:12.870+0000][4.762s] GC(3) Pause Young (Normal) (G1 Evacuation Pause)
[2025-04-04T17:50:12.870+0000][4.762s] GC(3) Using 8 workers of 8 for evacuation
[2025-04-04T17:50:12.878+0000][4.770s] GC(3)   Pre Evacuate Collection Set: 0.0ms
[2025-04-04T17:50:12.878+0000][4.770s] GC(3)   Evacuate Collection Set: 6.3ms
[2025-04-04T17:50:12.878+0000][4.770s] GC(3)   Post Evacuate Collection Set: 1.1ms
[2025-04-04T17:50:12.878+0000][4.770s] GC(3)   Other: 0.2ms
[2025-04-04T17:50:12.878+0000][4.770s] GC(3) Eden regions: 57->0(81)
[2025-04-04T17:50:12.878+0000][4.770s] GC(3) Survivor regions: 8->8(9)
[2025-04-04T17:50:12.878+0000][4.770s] GC(3) Old regions: 9->13
[2025-04-04T17:50:12.878+0000][4.770s] GC(3) Humongous regions: 4->4
[2025-04-04T17:50:12.878+0000][4.770s] GC(3) Metaspace: 26838K(27696K)->26838K(27696K) NonClass: 23961K(24496K)->23961K(24496K) Class: 2876K(3200K)->2876K(3200K)
[2025-04-04T17:50:12.878+0000][4.770s] GC(3) Pause Young (Normal) (G1 Evacuation Pause) 77M->24M(512M) 7.822ms
[2025-04-04T17:50:12.878+0000][4.770s] GC(3) User=0.00s Sys=0.00s Real=0.01s
[2025-04-04T17:50:13.920+0000][5.812s] GC(4) Pause Young (Concurrent Start) (Metadata GC Threshold)
[2025-04-04T17:50:13.920+0000][5.812s] GC(4) Using 8 workers of 8 for evacuation
[2025-04-04T17:50:13.928+0000][5.820s] GC(4)   Pre Evacuate Collection Set: 0.0ms
[2025-04-04T17:50:13.928+0000][5.821s] GC(4)   Evacuate Collection Set: 8.0ms
[2025-04-04T17:50:13.928+0000][5.821s] GC(4)   Post Evacuate Collection Set: 0.4ms
[2025-04-04T17:50:13.928+0000][5.821s] GC(4)   Other: 0.2ms
[2025-04-04T17:50:13.928+0000][5.821s] GC(4) Eden regions: 71->0(139)
[2025-04-04T17:50:13.928+0000][5.821s] GC(4) Survivor regions: 8->5(12)
[2025-04-04T17:50:13.928+0000][5.821s] GC(4) Old regions: 13->17
[2025-04-04T17:50:13.928+0000][5.821s] GC(4) Humongous regions: 4->4
[2025-04-04T17:50:13.929+0000][5.821s] GC(4) Metaspace: 35147K(35920K)->35147K(35920K) NonClass: 31378K(31824K)->31378K(31824K) Class: 3768K(4096K)->3768K(4096K)
[2025-04-04T17:50:13.929+0000][5.821s] GC(4) Pause Young (Concurrent Start) (Metadata GC Threshold) 95M->25M(512M) 8.937ms
[2025-04-04T17:50:13.929+0000][5.821s] GC(4) User=0.00s Sys=0.00s Real=0.01s
[2025-04-04T17:50:13.929+0000][5.821s] GC(5) Concurrent Cycle
[2025-04-04T17:50:13.929+0000][5.821s] GC(5) Concurrent Clear Claimed Marks
[2025-04-04T17:50:13.929+0000][5.821s] GC(5) Concurrent Clear Claimed Marks 0.050ms
[2025-04-04T17:50:13.929+0000][5.821s] GC(5) Concurrent Scan Root Regions
[2025-04-04T17:50:13.931+0000][5.823s] GC(5) Concurrent Scan Root Regions 2.415ms
[2025-04-04T17:50:13.931+0000][5.823s] GC(5) Concurrent Mark (5.823s)
[2025-04-04T17:50:13.931+0000][5.824s] GC(5) Concurrent Mark From Roots
[2025-04-04T17:50:13.931+0000][5.824s] GC(5) Using 2 workers of 2 for marking
[2025-04-04T17:50:13.955+0000][5.847s] GC(5) Concurrent Mark From Roots 23.068ms
[2025-04-04T17:50:13.955+0000][5.847s] GC(5) Concurrent Preclean
[2025-04-04T17:50:13.955+0000][5.847s] GC(5) Concurrent Preclean 0.403ms
[2025-04-04T17:50:13.955+0000][5.847s] GC(5) Concurrent Mark (5.823s, 5.847s) 23.650ms
[2025-04-04T17:50:13.955+0000][5.847s] GC(5) Pause Remark
[2025-04-04T17:50:13.958+0000][5.850s] GC(5) Cleaned string and symbol table, strings: 15011 processed, 3 removed, symbols: 112261 processed, 40 removed
[2025-04-04T17:50:13.958+0000][5.850s] GC(5) Pause Remark 26M->26M(512M) 3.077ms
[2025-04-04T17:50:13.959+0000][5.850s] GC(5) User=0.00s Sys=0.00s Real=0.00s
[2025-04-04T17:50:13.959+0000][5.851s] GC(5) Concurrent Rebuild Remembered Sets
[2025-04-04T17:50:13.970+0000][5.862s] GC(5) Concurrent Rebuild Remembered Sets 11.102ms
[2025-04-04T17:50:13.970+0000][5.862s] GC(5) Pause Cleanup
[2025-04-04T17:50:13.970+0000][5.862s] GC(5) Pause Cleanup 27M->27M(512M) 0.162ms
[2025-04-04T17:50:13.970+0000][5.862s] GC(5) User=0.00s Sys=0.00s Real=0.00s
[2025-04-04T17:50:13.970+0000][5.862s] GC(5) Concurrent Cleanup for Next Mark
[2025-04-04T17:50:13.971+0000][5.863s] GC(5) Concurrent Cleanup for Next Mark 0.375ms
[2025-04-04T17:50:13.971+0000][5.863s] GC(5) Concurrent Cycle 41.837ms
[2025-04-04T17:50:15.286+0000][7.178s] GC(6) Pause Young (Concurrent Start) (GCLocker Initiated GC)
[2025-04-04T17:50:15.286+0000][7.178s] GC(6) Using 8 workers of 8 for evacuation
[2025-04-04T17:50:15.296+0000][7.188s] GC(6)   Pre Evacuate Collection Set: 0.0ms
[2025-04-04T17:50:15.296+0000][7.188s] GC(6)   Evacuate Collection Set: 9.8ms
[2025-04-04T17:50:15.297+0000][7.189s] GC(6)   Post Evacuate Collection Set: 0.6ms
[2025-04-04T17:50:15.297+0000][7.189s] GC(6)   Other: 0.3ms
[2025-04-04T17:50:15.297+0000][7.189s] GC(6) Eden regions: 140->0(224)
[2025-04-04T17:50:15.297+0000][7.189s] GC(6) Survivor regions: 5->11(18)
[2025-04-04T17:50:15.297+0000][7.189s] GC(6) Old regions: 17->17
[2025-04-04T17:50:15.297+0000][7.189s] GC(6) Humongous regions: 5->4
[2025-04-04T17:50:15.297+0000][7.189s] GC(6) Metaspace: 44905K(46160K)->44905K(46160K) NonClass: 39954K(40784K)->39954K(40784K) Class: 4950K(5376K)->4950K(5376K)
[2025-04-04T17:50:15.297+0000][7.189s] GC(6) Pause Young (Concurrent Start) (GCLocker Initiated GC) 166M->31M(512M) 11.215ms
[2025-04-04T17:50:15.297+0000][7.189s] GC(6) User=0.09s Sys=0.02s Real=0.01s
[2025-04-04T17:50:15.297+0000][7.189s] GC(7) Concurrent Cycle
[2025-04-04T17:50:15.297+0000][7.189s] GC(7) Concurrent Clear Claimed Marks
[2025-04-04T17:50:15.297+0000][7.189s] GC(7) Concurrent Clear Claimed Marks 0.070ms
[2025-04-04T17:50:15.297+0000][7.189s] GC(7) Concurrent Scan Root Regions
[2025-04-04T17:50:15.302+0000][7.194s] GC(7) Concurrent Scan Root Regions 4.898ms
[2025-04-04T17:50:15.302+0000][7.194s] GC(7) Concurrent Mark (7.194s)
[2025-04-04T17:50:15.302+0000][7.194s] GC(7) Concurrent Mark From Roots
[2025-04-04T17:50:15.302+0000][7.194s] GC(7) Using 2 workers of 2 for marking
[2025-04-04T17:50:15.327+0000][7.219s] GC(7) Concurrent Mark From Roots 24.910ms
[2025-04-04T17:50:15.327+0000][7.219s] GC(7) Concurrent Preclean
[2025-04-04T17:50:15.328+0000][7.220s] GC(7) Concurrent Preclean 0.428ms
[2025-04-04T17:50:15.328+0000][7.220s] GC(7) Concurrent Mark (7.194s, 7.220s) 25.509ms
[2025-04-04T17:50:15.328+0000][7.220s] GC(7) Pause Remark
[2025-04-04T17:50:15.332+0000][7.224s] GC(7) Cleaned string and symbol table, strings: 19299 processed, 19 removed, symbols: 142309 processed, 107 removed
[2025-04-04T17:50:15.332+0000][7.224s] GC(7) Pause Remark 33M->33M(512M) 4.064ms
[2025-04-04T17:50:15.332+0000][7.224s] GC(7) User=0.00s Sys=0.00s Real=0.00s
[2025-04-04T17:50:15.332+0000][7.224s] GC(7) Concurrent Rebuild Remembered Sets
[2025-04-04T17:50:15.345+0000][7.237s] GC(7) Concurrent Rebuild Remembered Sets 12.047ms
[2025-04-04T17:50:15.345+0000][7.237s] GC(7) Pause Cleanup
[2025-04-04T17:50:15.346+0000][7.237s] GC(7) Pause Cleanup 35M->35M(512M) 0.174ms
[2025-04-04T17:50:15.346+0000][7.238s] GC(7) User=0.00s Sys=0.00s Real=0.00s
[2025-04-04T17:50:15.346+0000][7.238s] GC(7) Concurrent Cleanup for Next Mark
[2025-04-04T17:50:15.346+0000][7.238s] GC(7) Concurrent Cleanup for Next Mark 0.403ms
[2025-04-04T17:50:15.346+0000][7.238s] GC(7) Concurrent Cycle 49.103ms
[2025-04-04T17:50:15.746+0000][7.638s] GC(8) Pause Young (Normal) (G1 Evacuation Pause)
[2025-04-04T17:50:15.746+0000][7.638s] GC(8) Using 8 workers of 8 for evacuation
[2025-04-04T17:50:15.755+0000][7.647s] GC(8)   Pre Evacuate Collection Set: 0.0ms
[2025-04-04T17:50:15.755+0000][7.647s] GC(8)   Evacuate Collection Set: 8.2ms
[2025-04-04T17:50:15.755+0000][7.647s] GC(8)   Post Evacuate Collection Set: 0.5ms
[2025-04-04T17:50:15.755+0000][7.647s] GC(8)   Other: 0.3ms
[2025-04-04T17:50:15.755+0000][7.647s] GC(8) Eden regions: 224->0(293)
[2025-04-04T17:50:15.755+0000][7.647s] GC(8) Survivor regions: 11->14(30)
[2025-04-04T17:50:15.755+0000][7.647s] GC(8) Old regions: 17->17
[2025-04-04T17:50:15.755+0000][7.647s] GC(8) Humongous regions: 4->4
[2025-04-04T17:50:15.755+0000][7.647s] GC(8) Metaspace: 46404K(47696K)->46404K(47696K) NonClass: 41285K(42064K)->41285K(42064K) Class: 5119K(5632K)->5119K(5632K)
[2025-04-04T17:50:15.755+0000][7.647s] GC(8) Pause Young (Normal) (G1 Evacuation Pause) 255M->34M(512M) 9.525ms
[2025-04-04T17:50:15.755+0000][7.647s] GC(8) User=0.00s Sys=0.00s Real=0.01s
[2025-04-04T17:50:16.853+0000][8.745s] GC(9) Pause Young (Normal) (G1 Evacuation Pause)
[2025-04-04T17:50:16.853+0000][8.745s] GC(9) Using 8 workers of 8 for evacuation
[2025-04-04T17:50:16.866+0000][8.758s] GC(9)   Pre Evacuate Collection Set: 0.0ms
[2025-04-04T17:50:16.866+0000][8.758s] GC(9)   Evacuate Collection Set: 10.8ms
[2025-04-04T17:50:16.866+0000][8.758s] GC(9)   Post Evacuate Collection Set: 1.1ms
[2025-04-04T17:50:16.866+0000][8.758s] GC(9)   Other: 0.3ms
[2025-04-04T17:50:16.866+0000][8.758s] GC(9) Eden regions: 293->0(286)
[2025-04-04T17:50:16.866+0000][8.758s] GC(9) Survivor regions: 14->21(39)
[2025-04-04T17:50:16.866+0000][8.758s] GC(9) Old regions: 17->17
[2025-04-04T17:50:16.866+0000][8.758s] GC(9) Humongous regions: 5->5
[2025-04-04T17:50:16.866+0000][8.758s] GC(9) Metaspace: 51540K(52944K)->51540K(52944K) NonClass: 45781K(46672K)->45781K(46672K) Class: 5759K(6272K)->5759K(6272K)
[2025-04-04T17:50:16.866+0000][8.758s] GC(9) Pause Young (Normal) (G1 Evacuation Pause) 328M->42M(512M) 12.667ms
[2025-04-04T17:50:16.866+0000][8.758s] GC(9) User=0.00s Sys=0.00s Real=0.01s
[2025-04-04T17:50:18.593+0000][10.485s] GC(10) Pause Young (Normal) (G1 Evacuation Pause)
[2025-04-04T17:50:18.593+0000][10.485s] GC(10) Using 8 workers of 8 for evacuation
[2025-04-04T17:50:18.617+0000][10.510s] GC(10)   Pre Evacuate Collection Set: 0.0ms
[2025-04-04T17:50:18.618+0000][10.510s] GC(10)   Evacuate Collection Set: 23.0ms
[2025-04-04T17:50:18.618+0000][10.510s] GC(10)   Post Evacuate Collection Set: 1.2ms
[2025-04-04T17:50:18.618+0000][10.510s] GC(10)   Other: 0.3ms
[2025-04-04T17:50:18.618+0000][10.510s] GC(10) Eden regions: 286->0(274)
[2025-04-04T17:50:18.618+0000][10.510s] GC(10) Survivor regions: 21->33(39)
[2025-04-04T17:50:18.618+0000][10.510s] GC(10) Old regions: 17->17
[2025-04-04T17:50:18.618+0000][10.510s] GC(10) Humongous regions: 5->5
[2025-04-04T17:50:18.618+0000][10.510s] GC(10) Metaspace: 60230K(61776K)->60230K(61776K) NonClass: 53362K(54352K)->53362K(54352K) Class: 6867K(7424K)->6867K(7424K)
[2025-04-04T17:50:18.618+0000][10.510s] GC(10) Pause Young (Normal) (G1 Evacuation Pause) 328M->54M(512M) 24.958ms
[2025-04-04T17:50:18.618+0000][10.510s] GC(10) User=0.16s Sys=0.00s Real=0.03s
[2025-04-04T17:50:30.159+0000][22.052s] Heap
[2025-04-04T17:50:30.159+0000][22.052s]  garbage-first heap   total 524288K, used 242051K [0x00000000e0000000, 0x0000000100000000)
[2025-04-04T17:50:30.159+0000][22.052s]   region size 1024K, 217 young (222208K), 33 survivors (33792K)
[2025-04-04T17:50:30.159+0000][22.052s]  Metaspace       used 60976K, capacity 62403K, committed 62544K, reserved 1103872K
[2025-04-04T17:50:30.159+0000][22.052s]   class space    used 6931K, capacity 7559K, committed 7680K, reserved 1048576K
