[2025-04-04T17:51:56.716+0000][0.034s] Heap region size: 1M
[2025-04-04T17:51:57.130+0000][0.448s] Using G1
[2025-04-04T17:51:57.130+0000][0.448s] Heap address: 0x00000000e0000000, size: 512 MB, Compressed Oops mode: 32-bit
[2025-04-04T17:51:58.931+0000][2.249s] GC(0) Pause Young (Normal) (G1 Evacuation Pause)
[2025-04-04T17:51:58.933+0000][2.250s] GC(0) Using 8 workers of 8 for evacuation
[2025-04-04T17:51:58.936+0000][2.253s] GC(0)   Pre Evacuate Collection Set: 0.0ms
[2025-04-04T17:51:58.936+0000][2.253s] GC(0)   Evacuate Collection Set: 2.5ms
[2025-04-04T17:51:58.936+0000][2.253s] GC(0)   Post Evacuate Collection Set: 0.3ms
[2025-04-04T17:51:58.936+0000][2.253s] GC(0)   Other: 1.7ms
[2025-04-04T17:51:58.936+0000][2.253s] GC(0) Eden regions: 30->0(303)
[2025-04-04T17:51:58.938+0000][2.255s] GC(0) Survivor regions: 0->4(4)
[2025-04-04T17:51:58.938+0000][2.255s] GC(0) Old regions: 0->4
[2025-04-04T17:51:58.938+0000][2.255s] GC(0) Humongous regions: 0->0
[2025-04-04T17:51:58.938+0000][2.255s] GC(0) Metaspace: 10862K(11392K)->10862K(11392K) NonClass: 9864K(10240K)->9864K(10240K) Class: 998K(1152K)->998K(1152K)
[2025-04-04T17:51:58.938+0000][2.255s] GC(0) Pause Young (Normal) (G1 Evacuation Pause) 30M->7M(512M) 6.873ms
[2025-04-04T17:51:58.938+0000][2.255s] GC(0) User=0.00s Sys=0.00s Real=0.01s
[2025-04-04T17:52:00.008+0000][3.326s] GC(1) Pause Young (Concurrent Start) (Metadata GC Threshold)
[2025-04-04T17:52:00.008+0000][3.326s] GC(1) Using 8 workers of 8 for evacuation
[2025-04-04T17:52:00.017+0000][3.335s] GC(1)   Pre Evacuate Collection Set: 0.0ms
[2025-04-04T17:52:00.017+0000][3.335s] GC(1)   Evacuate Collection Set: 8.4ms
[2025-04-04T17:52:00.017+0000][3.335s] GC(1)   Post Evacuate Collection Set: 0.4ms
[2025-04-04T17:52:00.017+0000][3.335s] GC(1)   Other: 0.2ms
[2025-04-04T17:52:00.017+0000][3.335s] GC(1) Eden regions: 55->0(68)
[2025-04-04T17:52:00.017+0000][3.335s] GC(1) Survivor regions: 4->8(8)
[2025-04-04T17:52:00.017+0000][3.335s] GC(1) Old regions: 4->9
[2025-04-04T17:52:00.017+0000][3.335s] GC(1) Humongous regions: 4->4
[2025-04-04T17:52:00.017+0000][3.335s] GC(1) Metaspace: 20731K(21296K)->20731K(21296K) NonClass: 18540K(18864K)->18540K(18864K) Class: 2190K(2432K)->2190K(2432K)
[2025-04-04T17:52:00.017+0000][3.335s] GC(1) Pause Young (Concurrent Start) (Metadata GC Threshold) 66M->20M(512M) 9.383ms
[2025-04-04T17:52:00.017+0000][3.335s] GC(1) User=0.00s Sys=0.00s Real=0.01s
[2025-04-04T17:52:00.017+0000][3.335s] GC(2) Concurrent Cycle
[2025-04-04T17:52:00.017+0000][3.335s] GC(2) Concurrent Clear Claimed Marks
[2025-04-04T17:52:00.017+0000][3.335s] GC(2) Concurrent Clear Claimed Marks 0.035ms
[2025-04-04T17:52:00.017+0000][3.335s] GC(2) Concurrent Scan Root Regions
[2025-04-04T17:52:00.020+0000][3.338s] GC(2) Concurrent Scan Root Regions 3.030ms
[2025-04-04T17:52:00.020+0000][3.339s] GC(2) Concurrent Mark (3.339s)
[2025-04-04T17:52:00.020+0000][3.339s] GC(2) Concurrent Mark From Roots
[2025-04-04T17:52:00.020+0000][3.339s] GC(2) Using 2 workers of 2 for marking
[2025-04-04T17:52:00.032+0000][3.350s] GC(2) Concurrent Mark From Roots 11.893ms
[2025-04-04T17:52:00.033+0000][3.351s] GC(2) Concurrent Preclean
[2025-04-04T17:52:00.033+0000][3.351s] GC(2) Concurrent Preclean 0.340ms
[2025-04-04T17:52:00.033+0000][3.351s] GC(2) Concurrent Mark (3.339s, 3.351s) 12.381ms
[2025-04-04T17:52:00.033+0000][3.351s] GC(2) Pause Remark
[2025-04-04T17:52:00.034+0000][3.353s] GC(2) Cleaned string and symbol table, strings: 9642 processed, 0 removed, symbols: 68447 processed, 17 removed
[2025-04-04T17:52:00.035+0000][3.353s] GC(2) Pause Remark 21M->21M(512M) 1.542ms
[2025-04-04T17:52:00.035+0000][3.353s] GC(2) User=0.00s Sys=0.00s Real=0.00s
[2025-04-04T17:52:00.035+0000][3.353s] GC(2) Concurrent Rebuild Remembered Sets
[2025-04-04T17:52:00.040+0000][3.357s] GC(2) Concurrent Rebuild Remembered Sets 4.682ms
[2025-04-04T17:52:00.040+0000][3.358s] GC(2) Pause Cleanup
[2025-04-04T17:52:00.040+0000][3.358s] GC(2) Pause Cleanup 21M->21M(512M) 0.134ms
[2025-04-04T17:52:00.040+0000][3.358s] GC(2) User=0.00s Sys=0.00s Real=0.00s
[2025-04-04T17:52:00.040+0000][3.358s] GC(2) Concurrent Cleanup for Next Mark
[2025-04-04T17:52:00.041+0000][3.358s] GC(2) Concurrent Cleanup for Next Mark 0.316ms
[2025-04-04T17:52:00.041+0000][3.358s] GC(2) Concurrent Cycle 22.895ms
[2025-04-04T17:52:01.302+0000][4.620s] GC(3) Pause Young (Normal) (G1 Evacuation Pause)
[2025-04-04T17:52:01.302+0000][4.620s] GC(3) Using 8 workers of 8 for evacuation
[2025-04-04T17:52:01.309+0000][4.626s] GC(3)   Pre Evacuate Collection Set: 0.0ms
[2025-04-04T17:52:01.309+0000][4.627s] GC(3)   Evacuate Collection Set: 5.7ms
[2025-04-04T17:52:01.309+0000][4.627s] GC(3)   Post Evacuate Collection Set: 0.7ms
[2025-04-04T17:52:01.309+0000][4.627s] GC(3)   Other: 0.1ms
[2025-04-04T17:52:01.309+0000][4.627s] GC(3) Eden regions: 58->0(86)
[2025-04-04T17:52:01.309+0000][4.627s] GC(3) Survivor regions: 8->4(9)
[2025-04-04T17:52:01.309+0000][4.627s] GC(3) Old regions: 9->17
[2025-04-04T17:52:01.309+0000][4.627s] GC(3) Humongous regions: 4->4
[2025-04-04T17:52:01.309+0000][4.627s] GC(3) Metaspace: 26901K(27696K)->26901K(27696K) NonClass: 24017K(24496K)->24017K(24496K) Class: 2883K(3200K)->2883K(3200K)
[2025-04-04T17:52:01.309+0000][4.627s] GC(3) Pause Young (Normal) (G1 Evacuation Pause) 78M->23M(512M) 6.840ms
[2025-04-04T17:52:01.309+0000][4.627s] GC(3) User=0.13s Sys=0.00s Real=0.01s
[2025-04-04T17:52:02.274+0000][5.591s] GC(4) Pause Young (Concurrent Start) (Metadata GC Threshold)
[2025-04-04T17:52:02.274+0000][5.591s] GC(4) Using 8 workers of 8 for evacuation
[2025-04-04T17:52:02.278+0000][5.595s] GC(4)   Pre Evacuate Collection Set: 0.0ms
[2025-04-04T17:52:02.278+0000][5.595s] GC(4)   Evacuate Collection Set: 3.5ms
[2025-04-04T17:52:02.278+0000][5.595s] GC(4)   Post Evacuate Collection Set: 0.3ms
[2025-04-04T17:52:02.278+0000][5.595s] GC(4)   Other: 0.2ms
[2025-04-04T17:52:02.278+0000][5.595s] GC(4) Eden regions: 73->0(302)
[2025-04-04T17:52:02.278+0000][5.595s] GC(4) Survivor regions: 4->5(12)
[2025-04-04T17:52:02.278+0000][5.595s] GC(4) Old regions: 17->17
[2025-04-04T17:52:02.278+0000][5.595s] GC(4) Humongous regions: 4->4
[2025-04-04T17:52:02.278+0000][5.595s] GC(4) Metaspace: 35113K(35920K)->35113K(35920K) NonClass: 31342K(31824K)->31342K(31824K) Class: 3770K(4096K)->3770K(4096K)
[2025-04-04T17:52:02.278+0000][5.595s] GC(4) Pause Young (Concurrent Start) (Metadata GC Threshold) 96M->24M(512M) 4.282ms
[2025-04-04T17:52:02.278+0000][5.595s] GC(4) User=0.05s Sys=0.00s Real=0.00s
[2025-04-04T17:52:02.278+0000][5.595s] GC(5) Concurrent Cycle
[2025-04-04T17:52:02.278+0000][5.595s] GC(5) Concurrent Clear Claimed Marks
[2025-04-04T17:52:02.278+0000][5.596s] GC(5) Concurrent Clear Claimed Marks 0.036ms
[2025-04-04T17:52:02.278+0000][5.596s] GC(5) Concurrent Scan Root Regions
[2025-04-04T17:52:02.280+0000][5.597s] GC(5) Concurrent Scan Root Regions 1.780ms
[2025-04-04T17:52:02.280+0000][5.597s] GC(5) Concurrent Mark (5.597s)
[2025-04-04T17:52:02.280+0000][5.597s] GC(5) Concurrent Mark From Roots
[2025-04-04T17:52:02.280+0000][5.597s] GC(5) Using 2 workers of 2 for marking
[2025-04-04T17:52:02.315+0000][5.633s] GC(5) Concurrent Mark From Roots 35.224ms
[2025-04-04T17:52:02.315+0000][5.633s] GC(5) Concurrent Preclean
[2025-04-04T17:52:02.316+0000][5.633s] GC(5) Concurrent Preclean 0.429ms
[2025-04-04T17:52:02.316+0000][5.633s] GC(5) Concurrent Mark (5.597s, 5.633s) 35.838ms
[2025-04-04T17:52:02.316+0000][5.633s] GC(5) Pause Remark
[2025-04-04T17:52:02.319+0000][5.637s] GC(5) Cleaned string and symbol table, strings: 15059 processed, 22 removed, symbols: 112335 processed, 40 removed
[2025-04-04T17:52:02.319+0000][5.637s] GC(5) Pause Remark 25M->25M(512M) 3.455ms
[2025-04-04T17:52:02.319+0000][5.637s] GC(5) User=0.00s Sys=0.00s Real=0.00s
[2025-04-04T17:52:02.319+0000][5.637s] GC(5) Concurrent Rebuild Remembered Sets
[2025-04-04T17:52:02.331+0000][5.649s] GC(5) Concurrent Rebuild Remembered Sets 11.548ms
[2025-04-04T17:52:02.331+0000][5.649s] GC(5) Pause Cleanup
[2025-04-04T17:52:02.331+0000][5.649s] GC(5) Pause Cleanup 26M->26M(512M) 0.151ms
[2025-04-04T17:52:02.331+0000][5.649s] GC(5) User=0.00s Sys=0.00s Real=0.00s
[2025-04-04T17:52:02.331+0000][5.649s] GC(5) Concurrent Cleanup for Next Mark
[2025-04-04T17:52:02.332+0000][5.649s] GC(5) Concurrent Cleanup for Next Mark 0.315ms
[2025-04-04T17:52:02.332+0000][5.650s] GC(5) Concurrent Cycle 54.079ms
[2025-04-04T17:52:03.941+0000][7.258s] GC(6) Pause Young (Concurrent Start) (G1 Evacuation Pause)
[2025-04-04T17:52:03.941+0000][7.258s] GC(6) Using 8 workers of 8 for evacuation
[2025-04-04T17:52:03.951+0000][7.269s] GC(6)   Pre Evacuate Collection Set: 0.1ms
[2025-04-04T17:52:03.952+0000][7.269s] GC(6)   Evacuate Collection Set: 9.5ms
[2025-04-04T17:52:03.952+0000][7.269s] GC(6)   Post Evacuate Collection Set: 0.8ms
[2025-04-04T17:52:03.952+0000][7.269s] GC(6)   Other: 0.4ms
[2025-04-04T17:52:03.952+0000][7.269s] GC(6) Eden regions: 302->0(293)
[2025-04-04T17:52:03.952+0000][7.269s] GC(6) Survivor regions: 5->14(39)
[2025-04-04T17:52:03.952+0000][7.269s] GC(6) Old regions: 17->17
[2025-04-04T17:52:03.952+0000][7.269s] GC(6) Humongous regions: 5->4
[2025-04-04T17:52:03.952+0000][7.269s] GC(6) Metaspace: 46131K(47312K)->46131K(47312K) NonClass: 41049K(41808K)->41049K(41808K) Class: 5082K(5504K)->5082K(5504K)
[2025-04-04T17:52:03.952+0000][7.269s] GC(6) Pause Young (Concurrent Start) (G1 Evacuation Pause) 327M->33M(512M) 11.046ms
[2025-04-04T17:52:03.952+0000][7.269s] GC(6) User=0.06s Sys=0.02s Real=0.01s
[2025-04-04T17:52:03.952+0000][7.270s] GC(7) Concurrent Cycle
[2025-04-04T17:52:03.952+0000][7.270s] GC(7) Concurrent Clear Claimed Marks
[2025-04-04T17:52:03.952+0000][7.270s] GC(7) Concurrent Clear Claimed Marks 0.079ms
[2025-04-04T17:52:03.952+0000][7.270s] GC(7) Concurrent Scan Root Regions
[2025-04-04T17:52:03.959+0000][7.276s] GC(7) Concurrent Scan Root Regions 6.426ms
[2025-04-04T17:52:03.959+0000][7.276s] GC(7) Concurrent Mark (7.276s)
[2025-04-04T17:52:03.959+0000][7.276s] GC(7) Concurrent Mark From Roots
[2025-04-04T17:52:03.959+0000][7.276s] GC(7) Using 2 workers of 2 for marking
[2025-04-04T17:52:03.983+0000][7.301s] GC(7) Concurrent Mark From Roots 24.460ms
[2025-04-04T17:52:03.983+0000][7.301s] GC(7) Concurrent Preclean
[2025-04-04T17:52:03.984+0000][7.301s] GC(7) Concurrent Preclean 0.476ms
[2025-04-04T17:52:03.984+0000][7.301s] GC(7) Concurrent Mark (7.276s, 7.301s) 25.141ms
[2025-04-04T17:52:03.984+0000][7.302s] GC(7) Pause Remark
[2025-04-04T17:52:03.988+0000][7.306s] GC(7) Cleaned string and symbol table, strings: 19752 processed, 0 removed, symbols: 144070 processed, 179 removed
[2025-04-04T17:52:03.989+0000][7.306s] GC(7) Pause Remark 60M->60M(512M) 4.598ms
[2025-04-04T17:52:03.989+0000][7.306s] GC(7) User=0.00s Sys=0.00s Real=0.01s
[2025-04-04T17:52:03.989+0000][7.306s] GC(7) Concurrent Rebuild Remembered Sets
[2025-04-04T17:52:04.000+0000][7.317s] GC(7) Concurrent Rebuild Remembered Sets 11.013ms
[2025-04-04T17:52:04.000+0000][7.318s] GC(7) Pause Cleanup
[2025-04-04T17:52:04.000+0000][7.318s] GC(7) Pause Cleanup 72M->72M(512M) 0.145ms
[2025-04-04T17:52:04.000+0000][7.318s] GC(7) User=0.00s Sys=0.00s Real=0.00s
[2025-04-04T17:52:04.000+0000][7.318s] GC(7) Concurrent Cleanup for Next Mark
[2025-04-04T17:52:04.001+0000][7.318s] GC(7) Concurrent Cleanup for Next Mark 0.476ms
[2025-04-04T17:52:04.001+0000][7.319s] GC(7) Concurrent Cycle 49.038ms
[2025-04-04T17:52:04.676+0000][7.994s] GC(8) Pause Young (Normal) (G1 Evacuation Pause)
[2025-04-04T17:52:04.676+0000][7.994s] GC(8) Using 8 workers of 8 for evacuation
[2025-04-04T17:52:04.684+0000][8.002s] GC(8)   Pre Evacuate Collection Set: 0.0ms
[2025-04-04T17:52:04.684+0000][8.002s] GC(8)   Evacuate Collection Set: 6.8ms
[2025-04-04T17:52:04.684+0000][8.002s] GC(8)   Post Evacuate Collection Set: 0.9ms
[2025-04-04T17:52:04.684+0000][8.002s] GC(8)   Other: 0.3ms
[2025-04-04T17:52:04.684+0000][8.002s] GC(8) Eden regions: 293->0(289)
[2025-04-04T17:52:04.684+0000][8.002s] GC(8) Survivor regions: 14->18(39)
[2025-04-04T17:52:04.684+0000][8.002s] GC(8) Old regions: 17->17
[2025-04-04T17:52:04.684+0000][8.002s] GC(8) Humongous regions: 5->5
[2025-04-04T17:52:04.684+0000][8.002s] GC(8) Metaspace: 48366K(49616K)->48366K(49616K) NonClass: 43047K(43856K)->43047K(43856K) Class: 5319K(5760K)->5319K(5760K)
[2025-04-04T17:52:04.684+0000][8.002s] GC(8) Pause Young (Normal) (G1 Evacuation Pause) 327M->38M(512M) 8.380ms
[2025-04-04T17:52:04.684+0000][8.002s] GC(8) User=0.13s Sys=0.00s Real=0.01s
[2025-04-04T17:52:06.478+0000][9.796s] GC(9) Pause Young (Normal) (G1 Evacuation Pause)
[2025-04-04T17:52:06.478+0000][9.796s] GC(9) Using 8 workers of 8 for evacuation
[2025-04-04T17:52:06.498+0000][9.816s] GC(9)   Pre Evacuate Collection Set: 0.0ms
[2025-04-04T17:52:06.498+0000][9.816s] GC(9)   Evacuate Collection Set: 18.2ms
[2025-04-04T17:52:06.498+0000][9.816s] GC(9)   Post Evacuate Collection Set: 2.0ms
[2025-04-04T17:52:06.499+0000][9.816s] GC(9)   Other: 0.2ms
[2025-04-04T17:52:06.499+0000][9.816s] GC(9) Eden regions: 289->0(280)
[2025-04-04T17:52:06.499+0000][9.816s] GC(9) Survivor regions: 18->27(39)
[2025-04-04T17:52:06.499+0000][9.816s] GC(9) Old regions: 17->17
[2025-04-04T17:52:06.499+0000][9.816s] GC(9) Humongous regions: 5->5
[2025-04-04T17:52:06.499+0000][9.816s] GC(9) Metaspace: 59079K(60624K)->59079K(60624K) NonClass: 52340K(53328K)->52340K(53328K) Class: 6738K(7296K)->6738K(7296K)
[2025-04-04T17:52:06.499+0000][9.816s] GC(9) Pause Young (Normal) (G1 Evacuation Pause) 327M->48M(512M) 20.853ms
[2025-04-04T17:52:06.499+0000][9.816s] GC(9) User=0.11s Sys=0.00s Real=0.02s
[2025-04-04T17:52:09.119+0000][12.437s] Heap
[2025-04-04T17:52:09.119+0000][12.437s]  garbage-first heap   total 524288K, used 316845K [0x00000000e0000000, 0x0000000100000000)
[2025-04-04T17:52:09.119+0000][12.437s]   region size 1024K, 290 young (296960K), 27 survivors (27648K)
[2025-04-04T17:52:09.119+0000][12.437s]  Metaspace       used 60943K, capacity 62461K, committed 62800K, reserved 1103872K
[2025-04-04T17:52:09.119+0000][12.437s]   class space    used 6934K, capacity 7563K, committed 7680K, reserved 1048576K
