[2025-04-04T17:51:02.427+0000][0.029s] Heap region size: 1M
[2025-04-04T17:51:02.856+0000][0.460s] Using G1
[2025-04-04T17:51:02.856+0000][0.460s] Heap address: 0x00000000e0000000, size: 512 MB, Compressed Oops mode: 32-bit
[2025-04-04T17:51:05.015+0000][2.618s] GC(0) Pause Young (Normal) (G1 Evacuation Pause)
[2025-04-04T17:51:05.017+0000][2.620s] GC(0) Using 8 workers of 8 for evacuation
[2025-04-04T17:51:05.047+0000][2.651s] GC(0)   Pre Evacuate Collection Set: 0.0ms
[2025-04-04T17:51:05.047+0000][2.651s] GC(0)   Evacuate Collection Set: 30.3ms
[2025-04-04T17:51:05.047+0000][2.651s] GC(0)   Post Evacuate Collection Set: 0.5ms
[2025-04-04T17:51:05.047+0000][2.651s] GC(0)   Other: 1.7ms
[2025-04-04T17:51:05.047+0000][2.651s] GC(0) Eden regions: 30->0(303)
[2025-04-04T17:51:05.048+0000][2.651s] GC(0) Survivor regions: 0->4(4)
[2025-04-04T17:51:05.048+0000][2.651s] GC(0) Old regions: 0->4
[2025-04-04T17:51:05.048+0000][2.651s] GC(0) Humongous regions: 0->0
[2025-04-04T17:51:05.048+0000][2.651s] GC(0) Metaspace: 10970K(11392K)->10970K(11392K) NonClass: 9955K(10240K)->9955K(10240K) Class: 1014K(1152K)->1014K(1152K)
[2025-04-04T17:51:05.048+0000][2.651s] GC(0) Pause Young (Normal) (G1 Evacuation Pause) 30M->7M(512M) 33.254ms
[2025-04-04T17:51:05.048+0000][2.651s] GC(0) User=0.17s Sys=0.00s Real=0.03s
[2025-04-04T17:51:06.356+0000][3.959s] GC(1) Pause Young (Concurrent Start) (Metadata GC Threshold)
[2025-04-04T17:51:06.356+0000][3.959s] GC(1) Using 8 workers of 8 for evacuation
[2025-04-04T17:51:06.369+0000][3.972s] GC(1)   Pre Evacuate Collection Set: 0.0ms
[2025-04-04T17:51:06.369+0000][3.972s] GC(1)   Evacuate Collection Set: 11.8ms
[2025-04-04T17:51:06.369+0000][3.972s] GC(1)   Post Evacuate Collection Set: 0.6ms
[2025-04-04T17:51:06.369+0000][3.972s] GC(1)   Other: 0.3ms
[2025-04-04T17:51:06.369+0000][3.972s] GC(1) Eden regions: 53->0(64)
[2025-04-04T17:51:06.369+0000][3.972s] GC(1) Survivor regions: 4->13(39)
[2025-04-04T17:51:06.369+0000][3.972s] GC(1) Old regions: 4->4
[2025-04-04T17:51:06.369+0000][3.972s] GC(1) Humongous regions: 4->4
[2025-04-04T17:51:06.369+0000][3.972s] GC(1) Metaspace: 20717K(21296K)->20717K(21296K) NonClass: 18530K(18864K)->18530K(18864K) Class: 2187K(2432K)->2187K(2432K)
[2025-04-04T17:51:06.369+0000][3.972s] GC(1) Pause Young (Concurrent Start) (Metadata GC Threshold) 63M->20M(512M) 12.994ms
[2025-04-04T17:51:06.369+0000][3.972s] GC(1) User=0.13s Sys=0.00s Real=0.01s
[2025-04-04T17:51:06.369+0000][3.972s] GC(2) Concurrent Cycle
[2025-04-04T17:51:06.369+0000][3.972s] GC(2) Concurrent Clear Claimed Marks
[2025-04-04T17:51:06.369+0000][3.972s] GC(2) Concurrent Clear Claimed Marks 0.047ms
[2025-04-04T17:51:06.369+0000][3.972s] GC(2) Concurrent Scan Root Regions
[2025-04-04T17:51:06.374+0000][3.977s] GC(2) Concurrent Scan Root Regions 4.832ms
[2025-04-04T17:51:06.374+0000][3.977s] GC(2) Concurrent Mark (3.977s)
[2025-04-04T17:51:06.374+0000][3.977s] GC(2) Concurrent Mark From Roots
[2025-04-04T17:51:06.374+0000][3.977s] GC(2) Using 2 workers of 2 for marking
[2025-04-04T17:51:06.379+0000][3.982s] GC(2) Concurrent Mark From Roots 4.381ms
[2025-04-04T17:51:06.379+0000][3.982s] GC(2) Concurrent Preclean
[2025-04-04T17:51:06.379+0000][3.982s] GC(2) Concurrent Preclean 0.349ms
[2025-04-04T17:51:06.379+0000][3.982s] GC(2) Concurrent Mark (3.977s, 3.982s) 4.898ms
[2025-04-04T17:51:06.379+0000][3.982s] GC(2) Pause Remark
[2025-04-04T17:51:06.381+0000][3.984s] GC(2) Cleaned string and symbol table, strings: 9602 processed, 1 removed, symbols: 68051 processed, 18 removed
[2025-04-04T17:51:06.381+0000][3.984s] GC(2) Pause Remark 20M->20M(512M) 1.813ms
[2025-04-04T17:51:06.381+0000][3.984s] GC(2) User=0.00s Sys=0.00s Real=0.00s
[2025-04-04T17:51:06.381+0000][3.984s] GC(2) Concurrent Rebuild Remembered Sets
[2025-04-04T17:51:06.384+0000][3.987s] GC(2) Concurrent Rebuild Remembered Sets 3.177ms
[2025-04-04T17:51:06.385+0000][3.987s] GC(2) Pause Cleanup
[2025-04-04T17:51:06.385+0000][3.988s] GC(2) Pause Cleanup 21M->21M(512M) 0.117ms
[2025-04-04T17:51:06.385+0000][3.988s] GC(2) User=0.00s Sys=0.00s Real=0.00s
[2025-04-04T17:51:06.385+0000][3.988s] GC(2) Concurrent Cleanup for Next Mark
[2025-04-04T17:51:06.385+0000][3.988s] GC(2) Concurrent Cleanup for Next Mark 0.346ms
[2025-04-04T17:51:06.385+0000][3.988s] GC(2) Concurrent Cycle 16.217ms
[2025-04-04T17:51:08.204+0000][5.807s] GC(3) Pause Young (Normal) (G1 Evacuation Pause)
[2025-04-04T17:51:08.204+0000][5.807s] GC(3) Using 8 workers of 8 for evacuation
[2025-04-04T17:51:08.214+0000][5.817s] GC(3)   Pre Evacuate Collection Set: 0.0ms
[2025-04-04T17:51:08.214+0000][5.817s] GC(3)   Evacuate Collection Set: 8.3ms
[2025-04-04T17:51:08.214+0000][5.817s] GC(3)   Post Evacuate Collection Set: 0.9ms
[2025-04-04T17:51:08.214+0000][5.817s] GC(3)   Other: 0.2ms
[2025-04-04T17:51:08.214+0000][5.817s] GC(3) Eden regions: 56->0(83)
[2025-04-04T17:51:08.214+0000][5.817s] GC(3) Survivor regions: 13->4(9)
[2025-04-04T17:51:08.214+0000][5.817s] GC(3) Old regions: 4->17
[2025-04-04T17:51:08.214+0000][5.817s] GC(3) Humongous regions: 4->4
[2025-04-04T17:51:08.214+0000][5.817s] GC(3) Metaspace: 26765K(27440K)->26765K(27440K) NonClass: 23896K(24240K)->23896K(24240K) Class: 2868K(3200K)->2868K(3200K)
[2025-04-04T17:51:08.214+0000][5.817s] GC(3) Pause Young (Normal) (G1 Evacuation Pause) 76M->23M(512M) 9.810ms
[2025-04-04T17:51:08.214+0000][5.817s] GC(3) User=0.11s Sys=0.00s Real=0.01s
[2025-04-04T17:51:09.593+0000][7.196s] GC(4) Pause Young (Concurrent Start) (Metadata GC Threshold)
[2025-04-04T17:51:09.593+0000][7.196s] GC(4) Using 8 workers of 8 for evacuation
[2025-04-04T17:51:09.601+0000][7.204s] GC(4)   Pre Evacuate Collection Set: 0.1ms
[2025-04-04T17:51:09.601+0000][7.204s] GC(4)   Evacuate Collection Set: 7.2ms
[2025-04-04T17:51:09.601+0000][7.204s] GC(4)   Post Evacuate Collection Set: 0.4ms
[2025-04-04T17:51:09.601+0000][7.204s] GC(4)   Other: 0.3ms
[2025-04-04T17:51:09.601+0000][7.204s] GC(4) Eden regions: 64->0(285)
[2025-04-04T17:51:09.601+0000][7.204s] GC(4) Survivor regions: 4->5(11)
[2025-04-04T17:51:09.601+0000][7.204s] GC(4) Old regions: 17->17
[2025-04-04T17:51:09.601+0000][7.204s] GC(4) Humongous regions: 4->4
[2025-04-04T17:51:09.601+0000][7.204s] GC(4) Metaspace: 35134K(35920K)->35134K(35920K) NonClass: 31367K(31824K)->31367K(31824K) Class: 3767K(4096K)->3767K(4096K)
[2025-04-04T17:51:09.601+0000][7.204s] GC(4) Pause Young (Concurrent Start) (Metadata GC Threshold) 87M->24M(512M) 8.323ms
[2025-04-04T17:51:09.601+0000][7.204s] GC(4) User=0.00s Sys=0.00s Real=0.01s
[2025-04-04T17:51:09.602+0000][7.204s] GC(5) Concurrent Cycle
[2025-04-04T17:51:09.602+0000][7.204s] GC(5) Concurrent Clear Claimed Marks
[2025-04-04T17:51:09.602+0000][7.204s] GC(5) Concurrent Clear Claimed Marks 0.047ms
[2025-04-04T17:51:09.602+0000][7.204s] GC(5) Concurrent Scan Root Regions
[2025-04-04T17:51:09.604+0000][7.207s] GC(5) Concurrent Scan Root Regions 2.410ms
[2025-04-04T17:51:09.604+0000][7.207s] GC(5) Concurrent Mark (7.207s)
[2025-04-04T17:51:09.604+0000][7.207s] GC(5) Concurrent Mark From Roots
[2025-04-04T17:51:09.604+0000][7.207s] GC(5) Using 2 workers of 2 for marking
[2025-04-04T17:51:09.627+0000][7.230s] GC(5) Concurrent Mark From Roots 23.091ms
[2025-04-04T17:51:09.627+0000][7.230s] GC(5) Concurrent Preclean
[2025-04-04T17:51:09.628+0000][7.230s] GC(5) Concurrent Preclean 0.435ms
[2025-04-04T17:51:09.628+0000][7.231s] GC(5) Concurrent Mark (7.207s, 7.231s) 23.697ms
[2025-04-04T17:51:09.628+0000][7.231s] GC(5) Pause Remark
[2025-04-04T17:51:09.631+0000][7.234s] GC(5) Cleaned string and symbol table, strings: 15044 processed, 21 removed, symbols: 111846 processed, 40 removed
[2025-04-04T17:51:09.632+0000][7.234s] GC(5) Pause Remark 26M->26M(512M) 3.588ms
[2025-04-04T17:51:09.632+0000][7.234s] GC(5) User=0.00s Sys=0.00s Real=0.00s
[2025-04-04T17:51:09.632+0000][7.234s] GC(5) Concurrent Rebuild Remembered Sets
[2025-04-04T17:51:09.643+0000][7.246s] GC(5) Concurrent Rebuild Remembered Sets 11.631ms
[2025-04-04T17:51:09.643+0000][7.246s] GC(5) Pause Cleanup
[2025-04-04T17:51:09.643+0000][7.246s] GC(5) Pause Cleanup 26M->26M(512M) 0.166ms
[2025-04-04T17:51:09.643+0000][7.247s] GC(5) User=0.00s Sys=0.00s Real=0.00s
[2025-04-04T17:51:09.643+0000][7.247s] GC(5) Concurrent Cleanup for Next Mark
[2025-04-04T17:51:09.644+0000][7.247s] GC(5) Concurrent Cleanup for Next Mark 0.465ms
[2025-04-04T17:51:09.644+0000][7.247s] GC(5) Concurrent Cycle 43.030ms
[2025-04-04T17:51:11.364+0000][8.967s] GC(6) Pause Young (Concurrent Start) (G1 Evacuation Pause)
[2025-04-04T17:51:11.364+0000][8.967s] GC(6) Using 8 workers of 8 for evacuation
[2025-04-04T17:51:11.376+0000][8.979s] GC(6)   Pre Evacuate Collection Set: 0.1ms
[2025-04-04T17:51:11.376+0000][8.979s] GC(6)   Evacuate Collection Set: 11.1ms
[2025-04-04T17:51:11.376+0000][8.979s] GC(6)   Post Evacuate Collection Set: 0.6ms
[2025-04-04T17:51:11.376+0000][8.979s] GC(6)   Other: 0.4ms
[2025-04-04T17:51:11.376+0000][8.979s] GC(6) Eden regions: 285->0(293)
[2025-04-04T17:51:11.376+0000][8.979s] GC(6) Survivor regions: 5->14(37)
[2025-04-04T17:51:11.376+0000][8.979s] GC(6) Old regions: 17->17
[2025-04-04T17:51:11.376+0000][8.979s] GC(6) Humongous regions: 5->4
[2025-04-04T17:51:11.376+0000][8.979s] GC(6) Metaspace: 46113K(47312K)->46113K(47312K) NonClass: 41033K(41808K)->41033K(41808K) Class: 5079K(5504K)->5079K(5504K)
[2025-04-04T17:51:11.376+0000][8.979s] GC(6) Pause Young (Concurrent Start) (G1 Evacuation Pause) 310M->33M(512M) 12.491ms
[2025-04-04T17:51:11.376+0000][8.979s] GC(6) User=0.11s Sys=0.00s Real=0.01s
[2025-04-04T17:51:11.376+0000][8.979s] GC(7) Concurrent Cycle
[2025-04-04T17:51:11.376+0000][8.979s] GC(7) Concurrent Clear Claimed Marks
[2025-04-04T17:51:11.376+0000][8.979s] GC(7) Concurrent Clear Claimed Marks 0.090ms
[2025-04-04T17:51:11.376+0000][8.979s] GC(7) Concurrent Scan Root Regions
[2025-04-04T17:51:11.383+0000][8.986s] GC(7) Concurrent Scan Root Regions 6.522ms
[2025-04-04T17:51:11.383+0000][8.986s] GC(7) Concurrent Mark (8.986s)
[2025-04-04T17:51:11.383+0000][8.986s] GC(7) Concurrent Mark From Roots
[2025-04-04T17:51:11.383+0000][8.986s] GC(7) Using 2 workers of 2 for marking
[2025-04-04T17:51:11.408+0000][9.011s] GC(7) Concurrent Mark From Roots 25.062ms
[2025-04-04T17:51:11.408+0000][9.011s] GC(7) Concurrent Preclean
[2025-04-04T17:51:11.409+0000][9.012s] GC(7) Concurrent Preclean 0.405ms
[2025-04-04T17:51:11.409+0000][9.012s] GC(7) Concurrent Mark (8.986s, 9.012s) 25.643ms
[2025-04-04T17:51:11.409+0000][9.012s] GC(7) Pause Remark
[2025-04-04T17:51:11.415+0000][9.017s] GC(7) Cleaned string and symbol table, strings: 19707 processed, 0 removed, symbols: 143594 processed, 177 removed
[2025-04-04T17:51:11.415+0000][9.018s] GC(7) Pause Remark 60M->60M(512M) 5.701ms
[2025-04-04T17:51:11.415+0000][9.018s] GC(7) User=0.09s Sys=0.00s Real=0.01s
[2025-04-04T17:51:11.415+0000][9.018s] GC(7) Concurrent Rebuild Remembered Sets
[2025-04-04T17:51:11.427+0000][9.030s] GC(7) Concurrent Rebuild Remembered Sets 12.031ms
[2025-04-04T17:51:11.427+0000][9.030s] GC(7) Pause Cleanup
[2025-04-04T17:51:11.427+0000][9.031s] GC(7) Pause Cleanup 72M->72M(512M) 0.169ms
[2025-04-04T17:51:11.428+0000][9.031s] GC(7) User=0.00s Sys=0.00s Real=0.00s
[2025-04-04T17:51:11.428+0000][9.031s] GC(7) Concurrent Cleanup for Next Mark
[2025-04-04T17:51:11.428+0000][9.031s] GC(7) Concurrent Cleanup for Next Mark 0.389ms
[2025-04-04T17:51:11.428+0000][9.031s] GC(7) Concurrent Cycle 52.010ms
[2025-04-04T17:51:11.963+0000][9.565s] GC(8) Pause Young (Normal) (G1 Evacuation Pause)
[2025-04-04T17:51:11.963+0000][9.565s] GC(8) Using 8 workers of 8 for evacuation
[2025-04-04T17:51:11.972+0000][9.575s] GC(8)   Pre Evacuate Collection Set: 0.0ms
[2025-04-04T17:51:11.972+0000][9.575s] GC(8)   Evacuate Collection Set: 8.6ms
[2025-04-04T17:51:11.972+0000][9.575s] GC(8)   Post Evacuate Collection Set: 0.6ms
[2025-04-04T17:51:11.972+0000][9.575s] GC(8)   Other: 0.2ms
[2025-04-04T17:51:11.972+0000][9.575s] GC(8) Eden regions: 293->0(290)
[2025-04-04T17:51:11.972+0000][9.575s] GC(8) Survivor regions: 14->17(39)
[2025-04-04T17:51:11.972+0000][9.575s] GC(8) Old regions: 17->17
[2025-04-04T17:51:11.972+0000][9.575s] GC(8) Humongous regions: 5->5
[2025-04-04T17:51:11.972+0000][9.575s] GC(8) Metaspace: 48108K(49360K)->48108K(49360K) NonClass: 42808K(43600K)->42808K(43600K) Class: 5300K(5760K)->5300K(5760K)
[2025-04-04T17:51:11.972+0000][9.575s] GC(8) Pause Young (Normal) (G1 Evacuation Pause) 327M->37M(512M) 9.818ms
[2025-04-04T17:51:11.972+0000][9.575s] GC(8) User=0.00s Sys=0.00s Real=0.01s
[2025-04-04T17:51:14.006+0000][11.609s] GC(9) Pause Young (Normal) (GCLocker Initiated GC)
[2025-04-04T17:51:14.006+0000][11.609s] GC(9) Using 8 workers of 8 for evacuation
[2025-04-04T17:51:14.021+0000][11.625s] GC(9)   Pre Evacuate Collection Set: 0.0ms
[2025-04-04T17:51:14.021+0000][11.625s] GC(9)   Evacuate Collection Set: 14.7ms
[2025-04-04T17:51:14.021+0000][11.625s] GC(9)   Post Evacuate Collection Set: 1.1ms
[2025-04-04T17:51:14.021+0000][11.625s] GC(9)   Other: 0.3ms
[2025-04-04T17:51:14.021+0000][11.625s] GC(9) Eden regions: 291->0(279)
[2025-04-04T17:51:14.022+0000][11.625s] GC(9) Survivor regions: 17->28(39)
[2025-04-04T17:51:14.022+0000][11.625s] GC(9) Old regions: 17->17
[2025-04-04T17:51:14.022+0000][11.625s] GC(9) Humongous regions: 5->5
[2025-04-04T17:51:14.022+0000][11.625s] GC(9) Metaspace: 59242K(60624K)->59242K(60624K) NonClass: 52481K(53328K)->52481K(53328K) Class: 6761K(7296K)->6761K(7296K)
[2025-04-04T17:51:14.022+0000][11.625s] GC(9) Pause Young (Normal) (GCLocker Initiated GC) 328M->48M(512M) 16.514ms
[2025-04-04T17:51:14.022+0000][11.625s] GC(9) User=0.13s Sys=0.00s Real=0.02s
[2025-04-04T17:51:25.775+0000][23.378s] Heap
[2025-04-04T17:51:25.775+0000][23.378s]  garbage-first heap   total 524288K, used 312296K [0x00000000e0000000, 0x0000000100000000)
[2025-04-04T17:51:25.775+0000][23.378s]   region size 1024K, 286 young (292864K), 28 survivors (28672K)
[2025-04-04T17:51:25.775+0000][23.378s]  Metaspace       used 61056K, capacity 62574K, committed 62800K, reserved 1103872K
[2025-04-04T17:51:25.775+0000][23.378s]   class space    used 6952K, capacity 7598K, committed 7680K, reserved 1048576K
