[2025-04-07T11:02:15.870+0100][0.017s] Heap region size: 1M
[2025-04-07T11:02:16.074+0100][0.230s] Using G1
[2025-04-07T11:02:16.074+0100][0.230s] Heap address: 0x00000000e0000000, size: 512 MB, Compressed Oops mode: 32-bit
[2025-04-07T11:02:21.952+0100][6.103s] GC(0) Pause Young (Normal) (G1 Evacuation Pause)
[2025-04-07T11:02:21.952+0100][6.103s] GC(0) Using 8 workers of 8 for evacuation
[2025-04-07T11:02:21.952+0100][6.107s] GC(0)   Pre Evacuate Collection Set: 0.0ms
[2025-04-07T11:02:21.952+0100][6.107s] GC(0)   Evacuate Collection Set: 2.6ms
[2025-04-07T11:02:21.952+0100][6.107s] GC(0)   Post Evacuate Collection Set: 0.5ms
[2025-04-07T11:02:21.952+0100][6.107s] GC(0)   Other: 0.6ms
[2025-04-07T11:02:21.952+0100][6.107s] GC(0) Eden regions: 30->0(303)
[2025-04-07T11:02:21.952+0100][6.107s] GC(0) Survivor regions: 0->4(4)
[2025-04-07T11:02:21.952+0100][6.107s] GC(0) Old regions: 0->4
[2025-04-07T11:02:21.952+0100][6.107s] GC(0) Humongous regions: 0->0
[2025-04-07T11:02:21.952+0100][6.107s] GC(0) Metaspace: 10381K->10381K(1058816K)
[2025-04-07T11:02:21.952+0100][6.107s] GC(0) Pause Young (Normal) (G1 Evacuation Pause) 30M->7M(512M) 4.358ms
[2025-04-07T11:02:21.952+0100][6.107s] GC(0) User=0.00s Sys=0.00s Real=0.00s
[2025-04-07T11:02:22.872+0100][7.017s] GC(1) Pause Young (Concurrent Start) (Metadata GC Threshold)
[2025-04-07T11:02:22.872+0100][7.017s] GC(1) Using 8 workers of 8 for evacuation
[2025-04-07T11:02:22.883+0100][7.028s] GC(1)   Pre Evacuate Collection Set: 0.0ms
[2025-04-07T11:02:22.883+0100][7.028s] GC(1)   Evacuate Collection Set: 9.6ms
[2025-04-07T11:02:22.883+0100][7.028s] GC(1)   Post Evacuate Collection Set: 0.7ms
[2025-04-07T11:02:22.883+0100][7.028s] GC(1)   Other: 0.5ms
[2025-04-07T11:02:22.883+0100][7.028s] GC(1) Eden regions: 78->0(89)
[2025-04-07T11:02:22.883+0100][7.028s] GC(1) Survivor regions: 4->14(39)
[2025-04-07T11:02:22.883+0100][7.028s] GC(1) Old regions: 4->4
[2025-04-07T11:02:22.883+0100][7.028s] GC(1) Humongous regions: 4->4
[2025-04-07T11:02:22.883+0100][7.028s] GC(1) Metaspace: 20701K->20701K(1069056K)
[2025-04-07T11:02:22.883+0100][7.028s] GC(1) Pause Young (Concurrent Start) (Metadata GC Threshold) 89M->20M(512M) 10.896ms
[2025-04-07T11:02:22.883+0100][7.028s] GC(1) User=0.02s Sys=0.00s Real=0.01s
[2025-04-07T11:02:22.883+0100][7.028s] GC(2) Concurrent Cycle
[2025-04-07T11:02:22.883+0100][7.028s] GC(2) Concurrent Clear Claimed Marks
[2025-04-07T11:02:22.883+0100][7.028s] GC(2) Concurrent Clear Claimed Marks 0.030ms
[2025-04-07T11:02:22.883+0100][7.028s] GC(2) Concurrent Scan Root Regions
[2025-04-07T11:02:22.883+0100][7.033s] GC(2) Concurrent Scan Root Regions 4.504ms
[2025-04-07T11:02:22.883+0100][7.033s] GC(2) Concurrent Mark (7.033s)
[2025-04-07T11:02:22.883+0100][7.033s] GC(2) Concurrent Mark From Roots
[2025-04-07T11:02:22.883+0100][7.033s] GC(2) Using 2 workers of 2 for marking
[2025-04-07T11:02:22.890+0100][7.035s] GC(2) Concurrent Mark From Roots 2.818ms
[2025-04-07T11:02:22.890+0100][7.036s] GC(2) Concurrent Preclean
[2025-04-07T11:02:22.891+0100][7.036s] GC(2) Concurrent Preclean 0.157ms
[2025-04-07T11:02:22.891+0100][7.036s] GC(2) Concurrent Mark (7.033s, 7.036s) 3.076ms
[2025-04-07T11:02:22.891+0100][7.036s] GC(2) Pause Remark
[2025-04-07T11:02:22.892+0100][7.037s] GC(2) Cleaned string and symbol table, strings: 9652 processed, 0 removed, symbols: 67858 processed, 18 removed
[2025-04-07T11:02:22.892+0100][7.037s] GC(2) Pause Remark 21M->21M(512M) 1.513ms
[2025-04-07T11:02:22.892+0100][7.037s] GC(2) User=0.00s Sys=0.00s Real=0.00s
[2025-04-07T11:02:22.892+0100][7.037s] GC(2) Concurrent Rebuild Remembered Sets
[2025-04-07T11:02:22.894+0100][7.039s] GC(2) Concurrent Rebuild Remembered Sets 1.852ms
[2025-04-07T11:02:22.894+0100][7.039s] GC(2) Pause Cleanup
[2025-04-07T11:02:22.895+0100][7.040s] GC(2) Pause Cleanup 21M->21M(512M) 0.139ms
[2025-04-07T11:02:22.895+0100][7.040s] GC(2) User=0.00s Sys=0.00s Real=0.00s
[2025-04-07T11:02:22.895+0100][7.040s] GC(2) Concurrent Cleanup for Next Mark
[2025-04-07T11:02:22.896+0100][7.041s] GC(2) Concurrent Cleanup for Next Mark 0.900ms
[2025-04-07T11:02:22.896+0100][7.041s] GC(2) Concurrent Cycle 12.800ms
[2025-04-07T11:02:24.047+0100][8.195s] GC(3) Pause Young (Normal) (G1 Evacuation Pause)
[2025-04-07T11:02:24.047+0100][8.195s] GC(3) Using 8 workers of 8 for evacuation
[2025-04-07T11:02:24.047+0100][8.207s] GC(3)   Pre Evacuate Collection Set: 0.0ms
[2025-04-07T11:02:24.047+0100][8.207s] GC(3)   Evacuate Collection Set: 10.4ms
[2025-04-07T11:02:24.047+0100][8.207s] GC(3)   Post Evacuate Collection Set: 1.0ms
[2025-04-07T11:02:24.047+0100][8.207s] GC(3)   Other: 0.1ms
[2025-04-07T11:02:24.047+0100][8.207s] GC(3) Eden regions: 80->0(112)
[2025-04-07T11:02:24.047+0100][8.207s] GC(3) Survivor regions: 14->5(12)
[2025-04-07T11:02:24.047+0100][8.207s] GC(3) Old regions: 4->16
[2025-04-07T11:02:24.047+0100][8.207s] GC(3) Humongous regions: 4->4
[2025-04-07T11:02:24.047+0100][8.207s] GC(3) Metaspace: 30223K->30223K(1077248K)
[2025-04-07T11:02:24.047+0100][8.207s] GC(3) Pause Young (Normal) (G1 Evacuation Pause) 100M->24M(512M) 11.736ms
[2025-04-07T11:02:24.047+0100][8.207s] GC(3) User=0.00s Sys=0.00s Real=0.00s
[2025-04-07T11:02:24.492+0100][8.637s] GC(4) Pause Young (Concurrent Start) (Metadata GC Threshold)
[2025-04-07T11:02:24.493+0100][8.637s] GC(4) Using 8 workers of 8 for evacuation
[2025-04-07T11:02:24.496+0100][8.641s] GC(4)   Pre Evacuate Collection Set: 0.0ms
[2025-04-07T11:02:24.496+0100][8.641s] GC(4)   Evacuate Collection Set: 2.8ms
[2025-04-07T11:02:24.496+0100][8.641s] GC(4)   Post Evacuate Collection Set: 0.4ms
[2025-04-07T11:02:24.496+0100][8.641s] GC(4)   Other: 0.1ms
[2025-04-07T11:02:24.496+0100][8.641s] GC(4) Eden regions: 39->0(156)
[2025-04-07T11:02:24.496+0100][8.641s] GC(4) Survivor regions: 5->5(15)
[2025-04-07T11:02:24.496+0100][8.641s] GC(4) Old regions: 16->16
[2025-04-07T11:02:24.496+0100][8.641s] GC(4) Humongous regions: 4->4
[2025-04-07T11:02:24.496+0100][8.641s] GC(4) Metaspace: 35128K->35128K(1081344K)
[2025-04-07T11:02:24.496+0100][8.641s] GC(4) Pause Young (Concurrent Start) (Metadata GC Threshold) 63M->24M(512M) 3.509ms
[2025-04-07T11:02:24.496+0100][8.641s] GC(4) User=0.00s Sys=0.00s Real=0.00s
[2025-04-07T11:02:24.496+0100][8.641s] GC(5) Concurrent Cycle
[2025-04-07T11:02:24.496+0100][8.641s] GC(5) Concurrent Clear Claimed Marks
[2025-04-07T11:02:24.496+0100][8.641s] GC(5) Concurrent Clear Claimed Marks 0.021ms
[2025-04-07T11:02:24.496+0100][8.641s] GC(5) Concurrent Scan Root Regions
[2025-04-07T11:02:24.498+0100][8.642s] GC(5) Concurrent Scan Root Regions 1.556ms
[2025-04-07T11:02:24.498+0100][8.642s] GC(5) Concurrent Mark (8.642s)
[2025-04-07T11:02:24.498+0100][8.642s] GC(5) Concurrent Mark From Roots
[2025-04-07T11:02:24.498+0100][8.642s] GC(5) Using 2 workers of 2 for marking
[2025-04-07T11:02:24.516+0100][8.660s] GC(5) Concurrent Mark From Roots 18.000ms
[2025-04-07T11:02:24.516+0100][8.660s] GC(5) Concurrent Preclean
[2025-04-07T11:02:24.516+0100][8.661s] GC(5) Concurrent Preclean 0.143ms
[2025-04-07T11:02:24.516+0100][8.661s] GC(5) Concurrent Mark (8.642s, 8.661s) 18.222ms
[2025-04-07T11:02:24.516+0100][8.661s] GC(5) Pause Remark
[2025-04-07T11:02:24.518+0100][8.663s] GC(5) Cleaned string and symbol table, strings: 15131 processed, 22 removed, symbols: 111559 processed, 39 removed
[2025-04-07T11:02:24.519+0100][8.663s] GC(5) Pause Remark 25M->25M(512M) 2.155ms
[2025-04-07T11:02:24.519+0100][8.663s] GC(5) User=0.00s Sys=0.00s Real=0.00s
[2025-04-07T11:02:24.519+0100][8.663s] GC(5) Concurrent Rebuild Remembered Sets
[2025-04-07T11:02:24.526+0100][8.670s] GC(5) Concurrent Rebuild Remembered Sets 6.980ms
[2025-04-07T11:02:24.526+0100][8.670s] GC(5) Pause Cleanup
[2025-04-07T11:02:24.526+0100][8.670s] GC(5) Pause Cleanup 25M->25M(512M) 0.109ms
[2025-04-07T11:02:24.526+0100][8.670s] GC(5) User=0.00s Sys=0.00s Real=0.00s
[2025-04-07T11:02:24.526+0100][8.670s] GC(5) Concurrent Cleanup for Next Mark
[2025-04-07T11:02:24.526+0100][8.671s] GC(5) Concurrent Cleanup for Next Mark 0.514ms
[2025-04-07T11:02:24.526+0100][8.671s] GC(5) Concurrent Cycle 30.189ms
[2025-04-07T11:02:26.003+0100][10.159s] GC(6) Pause Young (Normal) (G1 Evacuation Pause)
[2025-04-07T11:02:26.003+0100][10.159s] GC(6) Using 8 workers of 8 for evacuation
[2025-04-07T11:02:26.019+0100][10.164s] GC(6)   Pre Evacuate Collection Set: 0.0ms
[2025-04-07T11:02:26.019+0100][10.164s] GC(6)   Evacuate Collection Set: 4.8ms
[2025-04-07T11:02:26.019+0100][10.164s] GC(6)   Post Evacuate Collection Set: 0.6ms
[2025-04-07T11:02:26.019+0100][10.164s] GC(6)   Other: 0.2ms
[2025-04-07T11:02:26.019+0100][10.164s] GC(6) Eden regions: 156->0(296)
[2025-04-07T11:02:26.019+0100][10.164s] GC(6) Survivor regions: 5->11(21)
[2025-04-07T11:02:26.019+0100][10.164s] GC(6) Old regions: 16->16
[2025-04-07T11:02:26.019+0100][10.164s] GC(6) Humongous regions: 5->4
[2025-04-07T11:02:26.019+0100][10.164s] GC(6) Metaspace: 44930K->44930K(1089536K)
[2025-04-07T11:02:26.019+0100][10.164s] GC(6) Pause Young (Normal) (G1 Evacuation Pause) 181M->30M(512M) 5.734ms
[2025-04-07T11:02:26.019+0100][10.164s] GC(6) User=0.02s Sys=0.00s Real=0.02s
[2025-04-07T11:02:26.269+0100][10.421s] GC(7) Pause Young (Normal) (G1 Evacuation Pause)
[2025-04-07T11:02:26.269+0100][10.421s] GC(7) Using 8 workers of 8 for evacuation
[2025-04-07T11:02:26.269+0100][10.427s] GC(7)   Pre Evacuate Collection Set: 0.0ms
[2025-04-07T11:02:26.269+0100][10.428s] GC(7)   Evacuate Collection Set: 6.0ms
[2025-04-07T11:02:26.269+0100][10.428s] GC(7)   Post Evacuate Collection Set: 0.6ms
[2025-04-07T11:02:26.269+0100][10.428s] GC(7)   Other: 0.2ms
[2025-04-07T11:02:26.269+0100][10.428s] GC(7) Eden regions: 296->0(293)
[2025-04-07T11:02:26.269+0100][10.428s] GC(7) Survivor regions: 11->14(39)
[2025-04-07T11:02:26.269+0100][10.428s] GC(7) Old regions: 16->16
[2025-04-07T11:02:26.269+0100][10.428s] GC(7) Humongous regions: 4->4
[2025-04-07T11:02:26.269+0100][10.428s] GC(7) Metaspace: 46011K->46011K(1091584K)
[2025-04-07T11:02:26.269+0100][10.428s] GC(7) Pause Young (Normal) (G1 Evacuation Pause) 326M->33M(512M) 6.887ms
[2025-04-07T11:02:26.269+0100][10.428s] GC(7) User=0.00s Sys=0.00s Real=0.00s
[2025-04-07T11:02:27.163+0100][11.308s] GC(8) Pause Young (Normal) (G1 Evacuation Pause)
[2025-04-07T11:02:27.163+0100][11.308s] GC(8) Using 8 workers of 8 for evacuation
[2025-04-07T11:02:27.171+0100][11.316s] GC(8)   Pre Evacuate Collection Set: 0.0ms
[2025-04-07T11:02:27.171+0100][11.316s] GC(8)   Evacuate Collection Set: 7.6ms
[2025-04-07T11:02:27.171+0100][11.316s] GC(8)   Post Evacuate Collection Set: 0.6ms
[2025-04-07T11:02:27.172+0100][11.316s] GC(8)   Other: 0.1ms
[2025-04-07T11:02:27.172+0100][11.316s] GC(8) Eden regions: 293->0(289)
[2025-04-07T11:02:27.172+0100][11.316s] GC(8) Survivor regions: 14->18(39)
[2025-04-07T11:02:27.172+0100][11.316s] GC(8) Old regions: 16->16
[2025-04-07T11:02:27.172+0100][11.316s] GC(8) Humongous regions: 5->5
[2025-04-07T11:02:27.172+0100][11.316s] GC(8) Metaspace: 51441K->51441K(1095680K)
[2025-04-07T11:02:27.172+0100][11.316s] GC(8) Pause Young (Normal) (G1 Evacuation Pause) 327M->38M(512M) 8.562ms
[2025-04-07T11:02:27.172+0100][11.316s] GC(8) User=0.02s Sys=0.00s Real=0.01s
[2025-04-07T11:02:28.208+0100][12.356s] GC(9) Pause Young (Normal) (G1 Evacuation Pause)
[2025-04-07T11:02:28.208+0100][12.356s] GC(9) Using 8 workers of 8 for evacuation
[2025-04-07T11:02:28.208+0100][12.367s] GC(9)   Pre Evacuate Collection Set: 0.0ms
[2025-04-07T11:02:28.208+0100][12.367s] GC(9)   Evacuate Collection Set: 10.5ms
[2025-04-07T11:02:28.208+0100][12.368s] GC(9)   Post Evacuate Collection Set: 0.7ms
[2025-04-07T11:02:28.208+0100][12.368s] GC(9)   Other: 0.2ms
[2025-04-07T11:02:28.208+0100][12.368s] GC(9) Eden regions: 289->0(279)
[2025-04-07T11:02:28.208+0100][12.368s] GC(9) Survivor regions: 18->28(39)
[2025-04-07T11:02:28.208+0100][12.368s] GC(9) Old regions: 16->16
[2025-04-07T11:02:28.208+0100][12.368s] GC(9) Humongous regions: 5->5
[2025-04-07T11:02:28.208+0100][12.368s] GC(9) Metaspace: 56046K->56046K(1099776K)
[2025-04-07T11:02:28.208+0100][12.368s] GC(9) Pause Young (Normal) (G1 Evacuation Pause) 327M->48M(512M) 11.630ms
[2025-04-07T11:02:28.208+0100][12.368s] GC(9) User=0.02s Sys=0.00s Real=0.00s
[2025-04-07T11:03:15.136+0100][59.281s] GC(10) Pause Young (Normal) (G1 Evacuation Pause)
[2025-04-07T11:03:15.136+0100][59.281s] GC(10) Using 8 workers of 8 for evacuation
[2025-04-07T11:03:15.151+0100][59.305s] GC(10)   Pre Evacuate Collection Set: 0.0ms
[2025-04-07T11:03:15.151+0100][59.305s] GC(10)   Evacuate Collection Set: 22.8ms
[2025-04-07T11:03:15.151+0100][59.305s] GC(10)   Post Evacuate Collection Set: 1.0ms
[2025-04-07T11:03:15.151+0100][59.305s] GC(10)   Other: 0.3ms
[2025-04-07T11:03:15.151+0100][59.305s] GC(10) Eden regions: 279->0(268)
[2025-04-07T11:03:15.151+0100][59.305s] GC(10) Survivor regions: 28->39(39)
[2025-04-07T11:03:15.151+0100][59.305s] GC(10) Old regions: 16->28
[2025-04-07T11:03:15.151+0100][59.305s] GC(10) Humongous regions: 5->5
[2025-04-07T11:03:15.151+0100][59.305s] GC(10) Metaspace: 57580K->57580K(1101824K)
[2025-04-07T11:03:15.151+0100][59.305s] GC(10) Pause Young (Normal) (G1 Evacuation Pause) 327M->71M(512M) 24.225ms
[2025-04-07T11:03:15.151+0100][59.305s] GC(10) User=0.13s Sys=0.00s Real=0.02s
[2025-04-07T11:06:12.922+0100][237.067s] GC(11) Pause Young (Concurrent Start) (Metadata GC Threshold)
[2025-04-07T11:06:12.922+0100][237.067s] GC(11) Using 8 workers of 8 for evacuation
[2025-04-07T11:06:12.989+0100][237.134s] GC(11)   Pre Evacuate Collection Set: 0.1ms
[2025-04-07T11:06:12.989+0100][237.134s] GC(11)   Evacuate Collection Set: 65.7ms
[2025-04-07T11:06:12.989+0100][237.134s] GC(11)   Post Evacuate Collection Set: 0.5ms
[2025-04-07T11:06:12.989+0100][237.134s] GC(11)   Other: 0.3ms
[2025-04-07T11:06:12.989+0100][237.134s] GC(11) Eden regions: 18->0(185)
[2025-04-07T11:06:12.989+0100][237.134s] GC(11) Survivor regions: 39->4(39)
[2025-04-07T11:06:12.989+0100][237.134s] GC(11) Old regions: 28->68
[2025-04-07T11:06:12.989+0100][237.134s] GC(11) Humongous regions: 5->5
[2025-04-07T11:06:12.989+0100][237.134s] GC(11) Metaspace: 58925K->58925K(1101824K)
[2025-04-07T11:06:12.989+0100][237.134s] GC(11) Pause Young (Concurrent Start) (Metadata GC Threshold) 89M->76M(512M) 66.845ms
[2025-04-07T11:06:12.989+0100][237.134s] GC(11) User=0.19s Sys=0.00s Real=0.07s
[2025-04-07T11:06:12.990+0100][237.134s] GC(12) Concurrent Cycle
[2025-04-07T11:06:12.990+0100][237.134s] GC(12) Concurrent Clear Claimed Marks
[2025-04-07T11:06:12.990+0100][237.134s] GC(12) Concurrent Clear Claimed Marks 0.081ms
[2025-04-07T11:06:12.990+0100][237.134s] GC(12) Concurrent Scan Root Regions
[2025-04-07T11:06:12.990+0100][237.135s] GC(12) Concurrent Scan Root Regions 0.589ms
[2025-04-07T11:06:12.990+0100][237.135s] GC(12) Concurrent Mark (237.135s)
[2025-04-07T11:06:12.990+0100][237.135s] GC(12) Concurrent Mark From Roots
[2025-04-07T11:06:12.990+0100][237.135s] GC(12) Using 2 workers of 2 for marking
[2025-04-07T11:06:13.099+0100][237.245s] GC(12) Concurrent Mark From Roots 109.737ms
[2025-04-07T11:06:13.099+0100][237.245s] GC(12) Concurrent Preclean
[2025-04-07T11:06:13.100+0100][237.245s] GC(12) Concurrent Preclean 0.271ms
[2025-04-07T11:06:13.100+0100][237.245s] GC(12) Concurrent Mark (237.135s, 237.245s) 110.097ms
[2025-04-07T11:06:13.100+0100][237.245s] GC(12) Pause Remark
[2025-04-07T11:06:13.360+0100][237.508s] GC(12) Cleaned string and symbol table, strings: 28135 processed, 14 removed, symbols: 172842 processed, 505 removed
[2025-04-07T11:06:13.360+0100][237.509s] GC(12) MMU target violated: 251.0ms (250.0ms/251.0ms)
[2025-04-07T11:06:13.360+0100][237.509s] GC(12) Pause Remark 80M->80M(512M) 263.645ms
[2025-04-07T11:06:13.360+0100][237.509s] GC(12) User=0.27s Sys=0.02s Real=0.26s
[2025-04-07T11:06:13.360+0100][237.509s] GC(12) Concurrent Rebuild Remembered Sets
[2025-04-07T11:06:13.407+0100][237.564s] GC(12) Concurrent Rebuild Remembered Sets 54.827ms
[2025-04-07T11:06:13.407+0100][237.564s] GC(12) Pause Cleanup
[2025-04-07T11:06:13.407+0100][237.564s] GC(12) Pause Cleanup 82M->82M(512M) 0.157ms
[2025-04-07T11:06:13.407+0100][237.564s] GC(12) User=0.00s Sys=0.00s Real=0.00s
[2025-04-07T11:06:13.407+0100][237.564s] GC(12) Concurrent Cleanup for Next Mark
[2025-04-07T11:06:13.407+0100][237.565s] GC(12) Concurrent Cleanup for Next Mark 0.822ms
[2025-04-07T11:06:13.407+0100][237.565s] GC(12) Concurrent Cycle 430.981ms
[2025-04-07T11:06:17.126+0100][241.278s] GC(13) Pause Young (Concurrent Start) (G1 Evacuation Pause)
[2025-04-07T11:06:17.126+0100][241.279s] GC(13) Using 8 workers of 8 for evacuation
[2025-04-07T11:06:17.157+0100][241.308s] GC(13)   Pre Evacuate Collection Set: 0.1ms
[2025-04-07T11:06:17.157+0100][241.308s] GC(13)   Evacuate Collection Set: 28.6ms
[2025-04-07T11:06:17.157+0100][241.308s] GC(13)   Post Evacuate Collection Set: 0.7ms
[2025-04-07T11:06:17.157+0100][241.308s] GC(13)   Other: 0.3ms
[2025-04-07T11:06:17.157+0100][241.308s] GC(13) Eden regions: 185->0(204)
[2025-04-07T11:06:17.157+0100][241.308s] GC(13) Survivor regions: 4->7(24)
[2025-04-07T11:06:17.157+0100][241.308s] GC(13) Old regions: 68->68
[2025-04-07T11:06:17.157+0100][241.308s] GC(13) Humongous regions: 5->5
[2025-04-07T11:06:17.157+0100][241.308s] GC(13) Metaspace: 64178K->64178K(1107968K)
[2025-04-07T11:06:17.157+0100][241.308s] GC(13) Pause Young (Concurrent Start) (G1 Evacuation Pause) 261M->79M(512M) 29.864ms
[2025-04-07T11:06:17.157+0100][241.308s] GC(13) User=0.06s Sys=0.00s Real=0.03s
[2025-04-07T11:06:17.157+0100][241.308s] GC(14) Concurrent Cycle
[2025-04-07T11:06:17.157+0100][241.308s] GC(14) Concurrent Clear Claimed Marks
[2025-04-07T11:06:17.157+0100][241.309s] GC(14) Concurrent Clear Claimed Marks 0.121ms
[2025-04-07T11:06:17.157+0100][241.309s] GC(14) Concurrent Scan Root Regions
[2025-04-07T11:06:17.157+0100][241.311s] GC(14) Concurrent Scan Root Regions 2.868ms
[2025-04-07T11:06:17.157+0100][241.312s] GC(14) Concurrent Mark (241.312s)
[2025-04-07T11:06:17.157+0100][241.312s] GC(14) Concurrent Mark From Roots
[2025-04-07T11:06:17.157+0100][241.312s] GC(14) Using 2 workers of 2 for marking
[2025-04-07T11:06:17.266+0100][241.417s] GC(14) Concurrent Mark From Roots 105.047ms
[2025-04-07T11:06:17.266+0100][241.417s] GC(14) Concurrent Preclean
[2025-04-07T11:06:17.266+0100][241.417s] GC(14) Concurrent Preclean 0.333ms
[2025-04-07T11:06:17.266+0100][241.417s] GC(14) Concurrent Mark (241.312s, 241.417s) 105.509ms
[2025-04-07T11:06:17.266+0100][241.418s] GC(14) Pause Remark
[2025-04-07T11:06:17.282+0100][241.426s] GC(14) Cleaned string and symbol table, strings: 30332 processed, 9 removed, symbols: 180045 processed, 19 removed
[2025-04-07T11:06:17.282+0100][241.427s] GC(14) Pause Remark 240M->240M(512M) 9.168ms
[2025-04-07T11:06:17.282+0100][241.427s] GC(14) User=0.03s Sys=0.00s Real=0.02s
[2025-04-07T11:06:17.282+0100][241.427s] GC(14) Concurrent Rebuild Remembered Sets
[2025-04-07T11:06:17.329+0100][241.474s] GC(15) Pause Young (Normal) (G1 Evacuation Pause)
[2025-04-07T11:06:17.329+0100][241.474s] GC(15) Using 8 workers of 8 for evacuation
[2025-04-07T11:06:17.335+0100][241.480s] GC(15)   Pre Evacuate Collection Set: 0.0ms
[2025-04-07T11:06:17.335+0100][241.480s] GC(15)   Evacuate Collection Set: 5.2ms
[2025-04-07T11:06:17.335+0100][241.480s] GC(15)   Post Evacuate Collection Set: 0.5ms
[2025-04-07T11:06:17.335+0100][241.480s] GC(15)   Other: 0.2ms
[2025-04-07T11:06:17.335+0100][241.480s] GC(15) Eden regions: 204->0(222)
[2025-04-07T11:06:17.335+0100][241.480s] GC(15) Survivor regions: 7->9(27)
[2025-04-07T11:06:17.335+0100][241.480s] GC(15) Old regions: 68->68
[2025-04-07T11:06:17.335+0100][241.480s] GC(15) Humongous regions: 5->5
[2025-04-07T11:06:17.335+0100][241.480s] GC(15) Metaspace: 64106K->64106K(1107968K)
[2025-04-07T11:06:17.335+0100][241.480s] GC(15) Pause Young (Normal) (G1 Evacuation Pause) 283M->80M(512M) 6.225ms
[2025-04-07T11:06:17.335+0100][241.481s] GC(15) User=0.00s Sys=0.00s Real=0.01s
[2025-04-07T11:06:17.347+0100][241.492s] GC(14) Concurrent Rebuild Remembered Sets 65.323ms
[2025-04-07T11:06:17.349+0100][241.494s] GC(14) Pause Cleanup
[2025-04-07T11:06:17.349+0100][241.494s] GC(14) Pause Cleanup 100M->100M(512M) 0.174ms
[2025-04-07T11:06:17.349+0100][241.494s] GC(14) User=0.00s Sys=0.00s Real=0.00s
[2025-04-07T11:06:17.349+0100][241.494s] GC(14) Concurrent Cleanup for Next Mark
[2025-04-07T11:06:17.350+0100][241.495s] GC(14) Concurrent Cleanup for Next Mark 0.761ms
[2025-04-07T11:06:17.350+0100][241.495s] GC(14) Concurrent Cycle 186.525ms
[2025-04-07T11:06:17.616+0100][241.761s] GC(16) Pause Young (Normal) (G1 Evacuation Pause)
[2025-04-07T11:06:17.616+0100][241.761s] GC(16) Using 8 workers of 8 for evacuation
[2025-04-07T11:06:17.623+0100][241.768s] GC(16)   Pre Evacuate Collection Set: 0.0ms
[2025-04-07T11:06:17.623+0100][241.768s] GC(16)   Evacuate Collection Set: 6.5ms
[2025-04-07T11:06:17.623+0100][241.768s] GC(16)   Post Evacuate Collection Set: 0.4ms
[2025-04-07T11:06:17.623+0100][241.768s] GC(16)   Other: 0.3ms
[2025-04-07T11:06:17.623+0100][241.768s] GC(16) Eden regions: 222->0(242)
[2025-04-07T11:06:17.623+0100][241.768s] GC(16) Survivor regions: 9->7(29)
[2025-04-07T11:06:17.623+0100][241.768s] GC(16) Old regions: 68->68
[2025-04-07T11:06:17.623+0100][241.768s] GC(16) Humongous regions: 5->5
[2025-04-07T11:06:17.623+0100][241.768s] GC(16) Metaspace: 64356K->64356K(1107968K)
[2025-04-07T11:06:17.623+0100][241.768s] GC(16) Pause Young (Normal) (G1 Evacuation Pause) 302M->79M(512M) 7.512ms
[2025-04-07T11:06:17.623+0100][241.768s] GC(16) User=0.02s Sys=0.00s Real=0.01s
[2025-04-07T11:06:21.666+0100][245.819s] GC(17) Pause Young (Normal) (G1 Evacuation Pause)
[2025-04-07T11:06:21.666+0100][245.819s] GC(17) Using 8 workers of 8 for evacuation
[2025-04-07T11:06:21.682+0100][245.836s] GC(17)   Pre Evacuate Collection Set: 0.0ms
[2025-04-07T11:06:21.682+0100][245.836s] GC(17)   Evacuate Collection Set: 15.1ms
[2025-04-07T11:06:21.682+0100][245.836s] GC(17)   Post Evacuate Collection Set: 1.4ms
[2025-04-07T11:06:21.682+0100][245.836s] GC(17)   Other: 0.3ms
[2025-04-07T11:06:21.682+0100][245.836s] GC(17) Eden regions: 242->0(246)
[2025-04-07T11:06:21.682+0100][245.836s] GC(17) Survivor regions: 7->21(32)
[2025-04-07T11:06:21.682+0100][245.836s] GC(17) Old regions: 68->68
[2025-04-07T11:06:21.682+0100][245.836s] GC(17) Humongous regions: 5->5
[2025-04-07T11:06:21.682+0100][245.836s] GC(17) Metaspace: 64815K->64815K(1107968K)
[2025-04-07T11:06:21.682+0100][245.836s] GC(17) Pause Young (Normal) (G1 Evacuation Pause) 321M->92M(512M) 17.116ms
[2025-04-07T11:06:21.682+0100][245.836s] GC(17) User=0.09s Sys=0.00s Real=0.02s
[2025-04-07T11:07:31.709+0100][315.854s] GC(18) Pause Young (Normal) (G1 Evacuation Pause)
[2025-04-07T11:07:31.709+0100][315.854s] GC(18) Using 8 workers of 8 for evacuation
[2025-04-07T11:07:39.406+0100][323.552s] GC(18) MMU target violated: 251.0ms (250.0ms/251.0ms)
[2025-04-07T11:07:39.406+0100][323.552s] GC(18)   Pre Evacuate Collection Set: 438.6ms
[2025-04-07T11:07:39.406+0100][323.552s] GC(18)   Evacuate Collection Set: 7257.3ms
[2025-04-07T11:07:39.406+0100][323.552s] GC(18)   Post Evacuate Collection Set: 1.2ms
[2025-04-07T11:07:39.406+0100][323.552s] GC(18)   Other: 0.8ms
[2025-04-07T11:07:39.406+0100][323.552s] GC(18) Eden regions: 246->0(1)
[2025-04-07T11:07:39.406+0100][323.552s] GC(18) Survivor regions: 21->34(34)
[2025-04-07T11:07:39.406+0100][323.552s] GC(18) Old regions: 68->79
[2025-04-07T11:07:39.406+0100][323.552s] GC(18) Humongous regions: 35->35
[2025-04-07T11:07:39.415+0100][323.560s] GC(18) Metaspace: 67293K->67293K(1110016K)
[2025-04-07T11:07:39.415+0100][323.560s] GC(18) Pause Young (Normal) (G1 Evacuation Pause) 368M->147M(512M) 7705.587ms
[2025-04-07T11:07:39.415+0100][323.560s] GC(18) User=0.03s Sys=0.08s Real=7.71s
[2025-04-07T11:07:39.415+0100][323.567s] GC(19) Pause Young (Normal) (G1 Evacuation Pause)
[2025-04-07T11:07:39.415+0100][323.567s] GC(19) Using 8 workers of 8 for evacuation
[2025-04-07T11:07:39.422+0100][323.580s] GC(19)   Pre Evacuate Collection Set: 0.0ms
[2025-04-07T11:07:39.422+0100][323.580s] GC(19)   Evacuate Collection Set: 13.3ms
[2025-04-07T11:07:39.422+0100][323.580s] GC(19)   Post Evacuate Collection Set: 0.5ms
[2025-04-07T11:07:39.422+0100][323.581s] GC(19)   Other: 0.2ms
[2025-04-07T11:07:39.422+0100][323.581s] GC(19) Eden regions: 1->0(21)
[2025-04-07T11:07:39.422+0100][323.581s] GC(19) Survivor regions: 34->4(5)
[2025-04-07T11:07:39.422+0100][323.581s] GC(19) Old regions: 79->111
[2025-04-07T11:07:39.422+0100][323.581s] GC(19) Humongous regions: 35->35
[2025-04-07T11:07:39.422+0100][323.581s] GC(19) Metaspace: 67296K->67296K(1110016K)
[2025-04-07T11:07:39.422+0100][323.581s] GC(19) Pause Young (Normal) (G1 Evacuation Pause) 148M->149M(512M) 14.083ms
[2025-04-07T11:07:39.422+0100][323.581s] GC(19) User=0.02s Sys=0.00s Real=0.01s
[2025-04-07T11:07:52.992+0100][337.138s] GC(20) Pause Young (Normal) (GCLocker Initiated GC)
[2025-04-07T11:07:52.992+0100][337.138s] GC(20) Using 8 workers of 8 for evacuation
[2025-04-07T11:07:53.024+0100][337.180s] GC(20)   Pre Evacuate Collection Set: 0.0ms
[2025-04-07T11:07:53.024+0100][337.180s] GC(20)   Evacuate Collection Set: 42.0ms
[2025-04-07T11:07:53.024+0100][337.180s] GC(20)   Post Evacuate Collection Set: 0.2ms
[2025-04-07T11:07:53.024+0100][337.181s] GC(20)   Other: 0.2ms
[2025-04-07T11:07:53.024+0100][337.181s] GC(20) Eden regions: 23->0(21)
[2025-04-07T11:07:53.024+0100][337.181s] GC(20) Survivor regions: 4->4(4)
[2025-04-07T11:07:53.024+0100][337.181s] GC(20) Old regions: 111->111
[2025-04-07T11:07:53.024+0100][337.181s] GC(20) Humongous regions: 35->35
[2025-04-07T11:07:53.024+0100][337.181s] GC(20) Metaspace: 67324K->67324K(1110016K)
[2025-04-07T11:07:53.024+0100][337.181s] GC(20) Pause Young (Normal) (GCLocker Initiated GC) 172M->149M(512M) 42.611ms
[2025-04-07T11:07:53.024+0100][337.181s] GC(20) User=0.05s Sys=0.00s Real=0.03s
[2025-04-07T11:07:53.347+0100][337.493s] GC(21) Pause Young (Normal) (G1 Evacuation Pause)
[2025-04-07T11:07:53.347+0100][337.493s] GC(21) Using 8 workers of 8 for evacuation
[2025-04-07T11:07:53.347+0100][337.496s] GC(21)   Pre Evacuate Collection Set: 0.0ms
[2025-04-07T11:07:53.347+0100][337.496s] GC(21)   Evacuate Collection Set: 2.2ms
[2025-04-07T11:07:53.347+0100][337.496s] GC(21)   Post Evacuate Collection Set: 0.4ms
[2025-04-07T11:07:53.347+0100][337.496s] GC(21)   Other: 0.2ms
[2025-04-07T11:07:53.347+0100][337.496s] GC(21) Eden regions: 21->0(21)
[2025-04-07T11:07:53.347+0100][337.496s] GC(21) Survivor regions: 4->4(4)
[2025-04-07T11:07:53.347+0100][337.496s] GC(21) Old regions: 111->114
[2025-04-07T11:07:53.347+0100][337.496s] GC(21) Humongous regions: 37->37
[2025-04-07T11:07:53.347+0100][337.496s] GC(21) Metaspace: 67390K->67390K(1110016K)
[2025-04-07T11:07:53.347+0100][337.496s] GC(21) Pause Young (Normal) (G1 Evacuation Pause) 172M->154M(512M) 3.114ms
[2025-04-07T11:07:53.347+0100][337.496s] GC(21) User=0.02s Sys=0.00s Real=0.00s
[2025-04-07T11:07:53.487+0100][337.642s] GC(22) Pause Young (Normal) (G1 Evacuation Pause)
[2025-04-07T11:07:53.487+0100][337.642s] GC(22) Using 8 workers of 8 for evacuation
[2025-04-07T11:07:53.487+0100][337.644s] GC(22)   Pre Evacuate Collection Set: 0.0ms
[2025-04-07T11:07:53.487+0100][337.644s] GC(22)   Evacuate Collection Set: 2.0ms
[2025-04-07T11:07:53.487+0100][337.645s] GC(22)   Post Evacuate Collection Set: 0.3ms
[2025-04-07T11:07:53.487+0100][337.645s] GC(22)   Other: 0.2ms
[2025-04-07T11:07:53.487+0100][337.645s] GC(22) Eden regions: 21->0(21)
[2025-04-07T11:07:53.487+0100][337.645s] GC(22) Survivor regions: 4->4(4)
[2025-04-07T11:07:53.487+0100][337.645s] GC(22) Old regions: 114->118
[2025-04-07T11:07:53.487+0100][337.645s] GC(22) Humongous regions: 43->43
[2025-04-07T11:07:53.487+0100][337.645s] GC(22) Metaspace: 67454K->67454K(1110016K)
[2025-04-07T11:07:53.487+0100][337.645s] GC(22) Pause Young (Normal) (G1 Evacuation Pause) 181M->164M(512M) 2.883ms
[2025-04-07T11:07:53.487+0100][337.645s] GC(22) User=0.00s Sys=0.00s Real=0.00s
[2025-04-07T11:07:53.612+0100][337.759s] GC(23) Pause Young (Normal) (G1 Evacuation Pause)
[2025-04-07T11:07:53.612+0100][337.759s] GC(23) Using 8 workers of 8 for evacuation
[2025-04-07T11:07:53.612+0100][337.760s] GC(23)   Pre Evacuate Collection Set: 0.0ms
[2025-04-07T11:07:53.612+0100][337.760s] GC(23)   Evacuate Collection Set: 1.2ms
[2025-04-07T11:07:53.612+0100][337.760s] GC(23)   Post Evacuate Collection Set: 0.2ms
[2025-04-07T11:07:53.612+0100][337.760s] GC(23)   Other: 0.1ms
[2025-04-07T11:07:53.612+0100][337.760s] GC(23) Eden regions: 21->0(22)
[2025-04-07T11:07:53.612+0100][337.760s] GC(23) Survivor regions: 4->3(4)
[2025-04-07T11:07:53.612+0100][337.760s] GC(23) Old regions: 118->121
[2025-04-07T11:07:53.612+0100][337.760s] GC(23) Humongous regions: 43->43
[2025-04-07T11:07:53.612+0100][337.760s] GC(23) Metaspace: 67466K->67466K(1110016K)
[2025-04-07T11:07:53.612+0100][337.760s] GC(23) Pause Young (Normal) (G1 Evacuation Pause) 185M->165M(512M) 1.726ms
[2025-04-07T11:07:53.612+0100][337.760s] GC(23) User=0.00s Sys=0.00s Real=0.00s
[2025-04-07T11:07:54.378+0100][338.522s] GC(24) Pause Young (Normal) (G1 Evacuation Pause)
[2025-04-07T11:07:54.378+0100][338.522s] GC(24) Using 8 workers of 8 for evacuation
[2025-04-07T11:07:54.378+0100][338.523s] GC(24)   Pre Evacuate Collection Set: 0.0ms
[2025-04-07T11:07:54.378+0100][338.523s] GC(24)   Evacuate Collection Set: 1.0ms
[2025-04-07T11:07:54.378+0100][338.524s] GC(24)   Post Evacuate Collection Set: 0.3ms
[2025-04-07T11:07:54.378+0100][338.524s] GC(24)   Other: 0.2ms
[2025-04-07T11:07:54.378+0100][338.524s] GC(24) Eden regions: 22->0(26)
[2025-04-07T11:07:54.378+0100][338.524s] GC(24) Survivor regions: 3->4(4)
[2025-04-07T11:07:54.378+0100][338.524s] GC(24) Old regions: 121->121
[2025-04-07T11:07:54.378+0100][338.524s] GC(24) Humongous regions: 43->43
[2025-04-07T11:07:54.378+0100][338.524s] GC(24) Metaspace: 67971K->67971K(1112064K)
[2025-04-07T11:07:54.378+0100][338.524s] GC(24) Pause Young (Normal) (G1 Evacuation Pause) 187M->167M(512M) 1.737ms
[2025-04-07T11:07:54.378+0100][338.524s] GC(24) User=0.00s Sys=0.00s Real=0.00s
[2025-04-07T11:07:56.510+0100][340.664s] GC(25) Pause Young (Normal) (G1 Evacuation Pause)
[2025-04-07T11:07:56.510+0100][340.664s] GC(25) Using 8 workers of 8 for evacuation
[2025-04-07T11:07:56.510+0100][340.667s] GC(25)   Pre Evacuate Collection Set: 0.0ms
[2025-04-07T11:07:56.510+0100][340.667s] GC(25)   Evacuate Collection Set: 2.4ms
[2025-04-07T11:07:56.510+0100][340.667s] GC(25)   Post Evacuate Collection Set: 0.3ms
[2025-04-07T11:07:56.510+0100][340.667s] GC(25)   Other: 0.2ms
[2025-04-07T11:07:56.510+0100][340.667s] GC(25) Eden regions: 26->0(41)
[2025-04-07T11:07:56.510+0100][340.667s] GC(25) Survivor regions: 4->4(4)
[2025-04-07T11:07:56.510+0100][340.667s] GC(25) Old regions: 121->123
[2025-04-07T11:07:56.510+0100][340.667s] GC(25) Humongous regions: 43->43
[2025-04-07T11:07:56.510+0100][340.667s] GC(25) Metaspace: 68340K->68340K(1112064K)
[2025-04-07T11:07:56.510+0100][340.667s] GC(25) Pause Young (Normal) (G1 Evacuation Pause) 193M->168M(512M) 3.158ms
[2025-04-07T11:07:56.510+0100][340.667s] GC(25) User=0.00s Sys=0.00s Real=0.00s
[2025-04-07T11:07:57.572+0100][341.727s] GC(26) Pause Young (Normal) (G1 Evacuation Pause)
[2025-04-07T11:07:57.572+0100][341.727s] GC(26) Using 8 workers of 8 for evacuation
[2025-04-07T11:07:57.572+0100][341.729s] GC(26)   Pre Evacuate Collection Set: 0.0ms
[2025-04-07T11:07:57.572+0100][341.729s] GC(26)   Evacuate Collection Set: 1.3ms
[2025-04-07T11:07:57.572+0100][341.729s] GC(26)   Post Evacuate Collection Set: 0.4ms
[2025-04-07T11:07:57.572+0100][341.729s] GC(26)   Other: 0.2ms
[2025-04-07T11:07:57.572+0100][341.729s] GC(26) Eden regions: 41->0(64)
[2025-04-07T11:07:57.572+0100][341.729s] GC(26) Survivor regions: 4->4(6)
[2025-04-07T11:07:57.572+0100][341.729s] GC(26) Old regions: 123->123
[2025-04-07T11:07:57.572+0100][341.729s] GC(26) Humongous regions: 43->43
[2025-04-07T11:07:57.572+0100][341.729s] GC(26) Metaspace: 68709K->68709K(1112064K)
[2025-04-07T11:07:57.572+0100][341.729s] GC(26) Pause Young (Normal) (G1 Evacuation Pause) 209M->169M(512M) 2.265ms
[2025-04-07T11:07:57.572+0100][341.729s] GC(26) User=0.00s Sys=0.00s Real=0.00s
[2025-04-07T11:08:05.753+0100][349.907s] GC(27) Pause Young (Normal) (G1 Evacuation Pause)
[2025-04-07T11:08:05.753+0100][349.907s] GC(27) Using 8 workers of 8 for evacuation
[2025-04-07T11:08:05.753+0100][349.910s] GC(27)   Pre Evacuate Collection Set: 0.0ms
[2025-04-07T11:08:05.753+0100][349.910s] GC(27)   Evacuate Collection Set: 2.4ms
[2025-04-07T11:08:05.753+0100][349.910s] GC(27)   Post Evacuate Collection Set: 0.5ms
[2025-04-07T11:08:05.753+0100][349.910s] GC(27)   Other: 0.3ms
[2025-04-07T11:08:05.753+0100][349.910s] GC(27) Eden regions: 64->0(80)
[2025-04-07T11:08:05.753+0100][349.910s] GC(27) Survivor regions: 4->9(9)
[2025-04-07T11:08:05.753+0100][349.910s] GC(27) Old regions: 123->123
[2025-04-07T11:08:05.753+0100][349.910s] GC(27) Humongous regions: 43->43
[2025-04-07T11:08:05.753+0100][349.910s] GC(27) Metaspace: 69100K->69100K(1112064K)
[2025-04-07T11:08:05.753+0100][349.910s] GC(27) Pause Young (Normal) (G1 Evacuation Pause) 233M->174M(512M) 3.502ms
[2025-04-07T11:08:05.753+0100][349.910s] GC(27) User=0.05s Sys=0.00s Real=0.00s
[2025-04-07T11:08:12.504+0100][356.652s] GC(28) Pause Young (Normal) (G1 Evacuation Pause)
[2025-04-07T11:08:12.504+0100][356.652s] GC(28) Using 8 workers of 8 for evacuation
[2025-04-07T11:08:12.504+0100][356.656s] GC(28)   Pre Evacuate Collection Set: 0.0ms
[2025-04-07T11:08:12.504+0100][356.656s] GC(28)   Evacuate Collection Set: 3.4ms
[2025-04-07T11:08:12.504+0100][356.656s] GC(28)   Post Evacuate Collection Set: 0.4ms
[2025-04-07T11:08:12.504+0100][356.656s] GC(28)   Other: 0.2ms
[2025-04-07T11:08:12.504+0100][356.656s] GC(28) Eden regions: 80->0(89)
[2025-04-07T11:08:12.504+0100][356.656s] GC(28) Survivor regions: 9->12(12)
[2025-04-07T11:08:12.504+0100][356.656s] GC(28) Old regions: 123->126
[2025-04-07T11:08:12.504+0100][356.656s] GC(28) Humongous regions: 43->43
[2025-04-07T11:08:12.504+0100][356.656s] GC(28) Metaspace: 69136K->69136K(1112064K)
[2025-04-07T11:08:12.504+0100][356.657s] GC(28) Pause Young (Normal) (G1 Evacuation Pause) 254M->179M(512M) 4.314ms
[2025-04-07T11:08:12.504+0100][356.657s] GC(28) User=0.00s Sys=0.00s Real=0.00s
[2025-04-07T11:08:14.957+0100][359.106s] GC(29) Pause Young (Normal) (G1 Evacuation Pause)
[2025-04-07T11:08:14.957+0100][359.106s] GC(29) Using 8 workers of 8 for evacuation
[2025-04-07T11:08:15.770+0100][359.927s] GC(29) MMU target violated: 251.0ms (250.0ms/251.0ms)
[2025-04-07T11:08:15.770+0100][359.927s] GC(29)   Pre Evacuate Collection Set: 0.0ms
[2025-04-07T11:08:15.770+0100][359.927s] GC(29)   Evacuate Collection Set: 820.6ms
[2025-04-07T11:08:15.770+0100][359.927s] GC(29)   Post Evacuate Collection Set: 0.3ms
[2025-04-07T11:08:15.770+0100][359.927s] GC(29)   Other: 0.3ms
[2025-04-07T11:08:15.770+0100][359.927s] GC(29) Eden regions: 89->0(16)
[2025-04-07T11:08:15.770+0100][359.927s] GC(29) Survivor regions: 12->9(13)
[2025-04-07T11:08:15.770+0100][359.927s] GC(29) Old regions: 126->131
[2025-04-07T11:08:15.770+0100][359.927s] GC(29) Humongous regions: 43->43
[2025-04-07T11:08:15.770+0100][359.927s] GC(29) Metaspace: 69166K->69166K(1112064K)
[2025-04-07T11:08:15.770+0100][359.927s] GC(29) Pause Young (Normal) (G1 Evacuation Pause) 268M->182M(512M) 821.456ms
[2025-04-07T11:08:15.770+0100][359.927s] GC(29) User=0.05s Sys=0.00s Real=0.81s
[2025-04-07T11:08:15.910+0100][360.056s] GC(30) Pause Young (Normal) (G1 Evacuation Pause)
[2025-04-07T11:08:15.910+0100][360.056s] GC(30) Using 8 workers of 8 for evacuation
[2025-04-07T11:08:16.317+0100][360.475s] GC(30) MMU target violated: 251.0ms (250.0ms/251.0ms)
[2025-04-07T11:08:16.317+0100][360.475s] GC(30)   Pre Evacuate Collection Set: 0.0ms
[2025-04-07T11:08:16.317+0100][360.475s] GC(30)   Evacuate Collection Set: 418.4ms
[2025-04-07T11:08:16.317+0100][360.475s] GC(30)   Post Evacuate Collection Set: 0.2ms
[2025-04-07T11:08:16.317+0100][360.475s] GC(30)   Other: 0.2ms
[2025-04-07T11:08:16.317+0100][360.475s] GC(30) Eden regions: 16->0(28)
[2025-04-07T11:08:16.317+0100][360.475s] GC(30) Survivor regions: 9->2(4)
[2025-04-07T11:08:16.317+0100][360.475s] GC(30) Old regions: 131->138
[2025-04-07T11:08:16.317+0100][360.475s] GC(30) Humongous regions: 43->43
[2025-04-07T11:08:16.317+0100][360.475s] GC(30) Metaspace: 69166K->69166K(1112064K)
[2025-04-07T11:08:16.317+0100][360.475s] GC(30) Pause Young (Normal) (G1 Evacuation Pause) 198M->182M(512M) 419.064ms
[2025-04-07T11:08:16.317+0100][360.475s] GC(30) User=0.00s Sys=0.00s Real=0.41s
[2025-04-07T11:08:16.488+0100][360.647s] GC(31) Pause Young (Normal) (G1 Evacuation Pause)
[2025-04-07T11:08:16.488+0100][360.647s] GC(31) Using 8 workers of 8 for evacuation
[2025-04-07T11:08:16.832+0100][360.977s] GC(31) MMU target violated: 251.0ms (250.0ms/251.0ms)
[2025-04-07T11:08:16.832+0100][360.977s] GC(31)   Pre Evacuate Collection Set: 0.0ms
[2025-04-07T11:08:16.832+0100][360.977s] GC(31)   Evacuate Collection Set: 329.2ms
[2025-04-07T11:08:16.832+0100][360.977s] GC(31)   Post Evacuate Collection Set: 0.3ms
[2025-04-07T11:08:16.832+0100][360.977s] GC(31)   Other: 0.4ms
[2025-04-07T11:08:16.832+0100][360.977s] GC(31) Eden regions: 28->0(22)
[2025-04-07T11:08:16.832+0100][360.977s] GC(31) Survivor regions: 2->4(4)
[2025-04-07T11:08:16.832+0100][360.977s] GC(31) Old regions: 138->139
[2025-04-07T11:08:16.832+0100][360.977s] GC(31) Humongous regions: 43->43
[2025-04-07T11:08:16.832+0100][360.977s] GC(31) Metaspace: 69172K->69172K(1112064K)
[2025-04-07T11:08:16.832+0100][360.977s] GC(31) Pause Young (Normal) (G1 Evacuation Pause) 210M->185M(512M) 330.086ms
[2025-04-07T11:08:16.832+0100][360.977s] GC(31) User=0.13s Sys=0.02s Real=0.34s
[2025-04-07T11:08:17.066+0100][361.224s] GC(32) Pause Young (Normal) (G1 Evacuation Pause)
[2025-04-07T11:08:17.066+0100][361.224s] GC(32) Using 8 workers of 8 for evacuation
[2025-04-07T11:08:17.363+0100][361.521s] GC(32) MMU target violated: 251.0ms (250.0ms/251.0ms)
[2025-04-07T11:08:17.363+0100][361.521s] GC(32)   Pre Evacuate Collection Set: 0.0ms
[2025-04-07T11:08:17.363+0100][361.521s] GC(32)   Evacuate Collection Set: 296.2ms
[2025-04-07T11:08:17.363+0100][361.521s] GC(32)   Post Evacuate Collection Set: 0.2ms
[2025-04-07T11:08:17.363+0100][361.521s] GC(32)   Other: 0.3ms
[2025-04-07T11:08:17.363+0100][361.521s] GC(32) Eden regions: 22->0(24)
[2025-04-07T11:08:17.363+0100][361.521s] GC(32) Survivor regions: 4->1(4)
[2025-04-07T11:08:17.363+0100][361.521s] GC(32) Old regions: 139->143
[2025-04-07T11:08:17.363+0100][361.521s] GC(32) Humongous regions: 43->43
[2025-04-07T11:08:17.363+0100][361.521s] GC(32) Metaspace: 69172K->69172K(1112064K)
[2025-04-07T11:08:17.363+0100][361.521s] GC(32) Pause Young (Normal) (G1 Evacuation Pause) 207M->186M(512M) 296.981ms
[2025-04-07T11:08:17.363+0100][361.521s] GC(32) User=0.00s Sys=0.02s Real=0.30s
[2025-04-07T11:08:17.660+0100][361.810s] GC(33) Pause Young (Normal) (G1 Evacuation Pause)
[2025-04-07T11:08:17.660+0100][361.810s] GC(33) Using 8 workers of 8 for evacuation
[2025-04-07T11:08:17.660+0100][361.811s] GC(33)   Pre Evacuate Collection Set: 0.0ms
[2025-04-07T11:08:17.660+0100][361.811s] GC(33)   Evacuate Collection Set: 0.5ms
[2025-04-07T11:08:17.660+0100][361.811s] GC(33)   Post Evacuate Collection Set: 0.2ms
[2025-04-07T11:08:17.660+0100][361.811s] GC(33)   Other: 0.2ms
[2025-04-07T11:08:17.660+0100][361.811s] GC(33) Eden regions: 24->0(27)
[2025-04-07T11:08:17.660+0100][361.811s] GC(33) Survivor regions: 1->1(4)
[2025-04-07T11:08:17.660+0100][361.811s] GC(33) Old regions: 143->143
[2025-04-07T11:08:17.660+0100][361.811s] GC(33) Humongous regions: 43->43
[2025-04-07T11:08:17.660+0100][361.811s] GC(33) Metaspace: 69220K->69220K(1112064K)
[2025-04-07T11:08:17.660+0100][361.811s] GC(33) Pause Young (Normal) (G1 Evacuation Pause) 210M->186M(512M) 1.247ms
[2025-04-07T11:08:17.660+0100][361.811s] GC(33) User=0.00s Sys=0.00s Real=0.00s
[2025-04-07T11:08:17.832+0100][361.987s] GC(34) Pause Young (Normal) (G1 Evacuation Pause)
[2025-04-07T11:08:17.832+0100][361.987s] GC(34) Using 8 workers of 8 for evacuation
[2025-04-07T11:08:17.832+0100][361.988s] GC(34)   Pre Evacuate Collection Set: 0.0ms
[2025-04-07T11:08:17.832+0100][361.988s] GC(34)   Evacuate Collection Set: 0.5ms
[2025-04-07T11:08:17.832+0100][361.988s] GC(34)   Post Evacuate Collection Set: 0.2ms
[2025-04-07T11:08:17.832+0100][361.988s] GC(34)   Other: 0.2ms
[2025-04-07T11:08:17.832+0100][361.988s] GC(34) Eden regions: 27->0(35)
[2025-04-07T11:08:17.832+0100][361.988s] GC(34) Survivor regions: 1->1(4)
[2025-04-07T11:08:17.832+0100][361.988s] GC(34) Old regions: 143->143
[2025-04-07T11:08:17.832+0100][361.988s] GC(34) Humongous regions: 43->43
[2025-04-07T11:08:17.832+0100][361.988s] GC(34) Metaspace: 69228K->69228K(1112064K)
[2025-04-07T11:08:17.832+0100][361.988s] GC(34) Pause Young (Normal) (G1 Evacuation Pause) 213M->186M(512M) 1.170ms
[2025-04-07T11:08:17.832+0100][361.988s] GC(34) User=0.00s Sys=0.00s Real=0.00s
[2025-04-07T11:08:17.972+0100][362.131s] GC(35) Pause Young (Normal) (G1 Evacuation Pause)
[2025-04-07T11:08:17.972+0100][362.131s] GC(35) Using 8 workers of 8 for evacuation
[2025-04-07T11:08:17.972+0100][362.132s] GC(35)   Pre Evacuate Collection Set: 0.0ms
[2025-04-07T11:08:17.972+0100][362.132s] GC(35)   Evacuate Collection Set: 0.8ms
[2025-04-07T11:08:17.972+0100][362.132s] GC(35)   Post Evacuate Collection Set: 0.2ms
[2025-04-07T11:08:17.972+0100][362.132s] GC(35)   Other: 0.2ms
[2025-04-07T11:08:17.972+0100][362.132s] GC(35) Eden regions: 35->0(44)
[2025-04-07T11:08:17.972+0100][362.132s] GC(35) Survivor regions: 1->1(5)
[2025-04-07T11:08:17.972+0100][362.132s] GC(35) Old regions: 143->143
[2025-04-07T11:08:17.972+0100][362.132s] GC(35) Humongous regions: 43->43
[2025-04-07T11:08:17.972+0100][362.132s] GC(35) Metaspace: 69261K->69261K(1112064K)
[2025-04-07T11:08:17.972+0100][362.132s] GC(35) Pause Young (Normal) (G1 Evacuation Pause) 221M->186M(512M) 1.658ms
[2025-04-07T11:08:17.972+0100][362.132s] GC(35) User=0.00s Sys=0.00s Real=0.00s
[2025-04-07T11:08:20.285+0100][364.430s] GC(36) Pause Young (Normal) (G1 Evacuation Pause)
[2025-04-07T11:08:20.285+0100][364.430s] GC(36) Using 8 workers of 8 for evacuation
[2025-04-07T11:08:20.285+0100][364.432s] GC(36)   Pre Evacuate Collection Set: 0.0ms
[2025-04-07T11:08:20.285+0100][364.433s] GC(36)   Evacuate Collection Set: 1.6ms
[2025-04-07T11:08:20.285+0100][364.433s] GC(36)   Post Evacuate Collection Set: 0.3ms
[2025-04-07T11:08:20.285+0100][364.433s] GC(36)   Other: 0.2ms
[2025-04-07T11:08:20.285+0100][364.433s] GC(36) Eden regions: 44->0(51)
[2025-04-07T11:08:20.285+0100][364.433s] GC(36) Survivor regions: 1->4(6)
[2025-04-07T11:08:20.285+0100][364.433s] GC(36) Old regions: 143->143
[2025-04-07T11:08:20.285+0100][364.433s] GC(36) Humongous regions: 43->43
[2025-04-07T11:08:20.285+0100][364.433s] GC(36) Metaspace: 69297K->69297K(1112064K)
[2025-04-07T11:08:20.285+0100][364.433s] GC(36) Pause Young (Normal) (G1 Evacuation Pause) 230M->189M(512M) 2.497ms
[2025-04-07T11:08:20.285+0100][364.433s] GC(36) User=0.00s Sys=0.00s Real=0.00s
[2025-04-07T11:08:23.085+0100][367.229s] GC(37) Pause Young (Normal) (G1 Evacuation Pause)
[2025-04-07T11:08:23.085+0100][367.229s] GC(37) Using 8 workers of 8 for evacuation
[2025-04-07T11:08:23.252+0100][367.397s] GC(37)   Pre Evacuate Collection Set: 0.0ms
[2025-04-07T11:08:23.252+0100][367.397s] GC(37)   Evacuate Collection Set: 167.3ms
[2025-04-07T11:08:23.252+0100][367.397s] GC(37)   Post Evacuate Collection Set: 0.6ms
[2025-04-07T11:08:23.252+0100][367.397s] GC(37)   Other: 0.2ms
[2025-04-07T11:08:23.252+0100][367.397s] GC(37) Eden regions: 51->0(48)
[2025-04-07T11:08:23.252+0100][367.397s] GC(37) Survivor regions: 4->7(7)
[2025-04-07T11:08:23.252+0100][367.397s] GC(37) Old regions: 143->144
[2025-04-07T11:08:23.252+0100][367.397s] GC(37) Humongous regions: 43->43
[2025-04-07T11:08:23.252+0100][367.397s] GC(37) Metaspace: 69313K->69313K(1112064K)
[2025-04-07T11:08:23.253+0100][367.397s] GC(37) Pause Young (Normal) (G1 Evacuation Pause) 240M->193M(512M) 168.466ms
[2025-04-07T11:08:23.253+0100][367.397s] GC(37) User=0.02s Sys=0.02s Real=0.17s
[2025-04-07T11:08:29.128+0100][373.283s] GC(38) Pause Young (Normal) (G1 Evacuation Pause)
[2025-04-07T11:08:29.128+0100][373.283s] GC(38) Using 8 workers of 8 for evacuation
[2025-04-07T11:08:33.037+0100][377.184s] GC(38) MMU target violated: 251.0ms (250.0ms/251.0ms)
[2025-04-07T11:08:33.037+0100][377.184s] GC(38)   Pre Evacuate Collection Set: 0.0ms
[2025-04-07T11:08:33.037+0100][377.184s] GC(38)   Evacuate Collection Set: 3900.9ms
[2025-04-07T11:08:33.037+0100][377.184s] GC(38)   Post Evacuate Collection Set: 0.3ms
[2025-04-07T11:08:33.037+0100][377.184s] GC(38)   Other: 0.3ms
[2025-04-07T11:08:33.037+0100][377.184s] GC(38) Eden regions: 48->0(22)
[2025-04-07T11:08:33.037+0100][377.184s] GC(38) Survivor regions: 7->3(7)
[2025-04-07T11:08:33.037+0100][377.184s] GC(38) Old regions: 144->151
[2025-04-07T11:08:33.037+0100][377.184s] GC(38) Humongous regions: 43->43
[2025-04-07T11:08:33.037+0100][377.184s] GC(38) Metaspace: 69315K->69315K(1112064K)
[2025-04-07T11:08:33.037+0100][377.184s] GC(38) Pause Young (Normal) (G1 Evacuation Pause) 241M->196M(512M) 3901.765ms
[2025-04-07T11:08:33.037+0100][377.184s] GC(38) User=0.00s Sys=0.03s Real=3.91s
[2025-04-07T11:08:33.647+0100][377.800s] GC(39) Pause Young (Normal) (G1 Evacuation Pause)
[2025-04-07T11:08:33.647+0100][377.800s] GC(39) Using 8 workers of 8 for evacuation
[2025-04-07T11:08:34.100+0100][378.244s] GC(39) MMU target violated: 251.0ms (250.0ms/251.0ms)
[2025-04-07T11:08:34.100+0100][378.244s] GC(39)   Pre Evacuate Collection Set: 0.0ms
[2025-04-07T11:08:34.100+0100][378.244s] GC(39)   Evacuate Collection Set: 443.7ms
[2025-04-07T11:08:34.100+0100][378.244s] GC(39)   Post Evacuate Collection Set: 0.3ms
[2025-04-07T11:08:34.100+0100][378.245s] GC(39)   Other: 0.3ms
[2025-04-07T11:08:34.100+0100][378.245s] GC(39) Eden regions: 22->0(22)
[2025-04-07T11:08:34.100+0100][378.245s] GC(39) Survivor regions: 3->3(4)
[2025-04-07T11:08:34.100+0100][378.245s] GC(39) Old regions: 151->152
[2025-04-07T11:08:34.100+0100][378.245s] GC(39) Humongous regions: 43->43
[2025-04-07T11:08:34.100+0100][378.245s] GC(39) Metaspace: 69341K->69341K(1112064K)
[2025-04-07T11:08:34.100+0100][378.245s] GC(39) Pause Young (Normal) (G1 Evacuation Pause) 218M->197M(512M) 444.539ms
[2025-04-07T11:08:34.100+0100][378.245s] GC(39) User=0.09s Sys=0.03s Real=0.45s
[2025-04-07T11:08:34.162+0100][378.316s] GC(40) Pause Young (Normal) (G1 Evacuation Pause)
[2025-04-07T11:08:34.162+0100][378.316s] GC(40) Using 8 workers of 8 for evacuation
[2025-04-07T11:08:36.105+0100][380.258s] GC(40) MMU target violated: 251.0ms (250.0ms/251.0ms)
[2025-04-07T11:08:36.105+0100][380.258s] GC(40)   Pre Evacuate Collection Set: 0.0ms
[2025-04-07T11:08:36.105+0100][380.258s] GC(40)   Evacuate Collection Set: 1941.7ms
[2025-04-07T11:08:36.105+0100][380.258s] GC(40)   Post Evacuate Collection Set: 0.2ms
[2025-04-07T11:08:36.105+0100][380.258s] GC(40)   Other: 0.2ms
[2025-04-07T11:08:36.105+0100][380.258s] GC(40) Eden regions: 22->0(21)
[2025-04-07T11:08:36.105+0100][380.258s] GC(40) Survivor regions: 3->4(4)
[2025-04-07T11:08:36.105+0100][380.258s] GC(40) Old regions: 152->158
[2025-04-07T11:08:36.105+0100][380.258s] GC(40) Humongous regions: 43->43
[2025-04-07T11:08:36.105+0100][380.258s] GC(40) Metaspace: 69343K->69343K(1112064K)
[2025-04-07T11:08:36.105+0100][380.258s] GC(40) Pause Young (Normal) (G1 Evacuation Pause) 219M->204M(512M) 1942.352ms
[2025-04-07T11:08:36.105+0100][380.258s] GC(40) User=0.03s Sys=0.03s Real=1.94s
[2025-04-07T11:08:36.356+0100][380.509s] GC(41) Pause Young (Normal) (G1 Evacuation Pause)
[2025-04-07T11:08:36.356+0100][380.509s] GC(41) Using 8 workers of 8 for evacuation
[2025-04-07T11:08:37.656+0100][381.808s] GC(41) MMU target violated: 251.0ms (250.0ms/251.0ms)
[2025-04-07T11:08:37.656+0100][381.808s] GC(41)   Pre Evacuate Collection Set: 0.0ms
[2025-04-07T11:08:37.656+0100][381.808s] GC(41)   Evacuate Collection Set: 1298.8ms
[2025-04-07T11:08:37.656+0100][381.808s] GC(41)   Post Evacuate Collection Set: 0.2ms
[2025-04-07T11:08:37.656+0100][381.808s] GC(41)   Other: 0.2ms
[2025-04-07T11:08:37.656+0100][381.808s] GC(41) Eden regions: 21->0(24)
[2025-04-07T11:08:37.656+0100][381.808s] GC(41) Survivor regions: 4->1(4)
[2025-04-07T11:08:37.656+0100][381.809s] GC(41) Old regions: 158->162
[2025-04-07T11:08:37.656+0100][381.809s] GC(41) Humongous regions: 43->43
[2025-04-07T11:08:37.656+0100][381.809s] GC(41) Metaspace: 69387K->69387K(1112064K)
[2025-04-07T11:08:37.656+0100][381.809s] GC(41) Pause Young (Normal) (G1 Evacuation Pause) 225M->205M(512M) 1299.548ms
[2025-04-07T11:08:37.656+0100][381.809s] GC(41) User=0.13s Sys=0.03s Real=1.30s
[2025-04-07T11:08:39.110+0100][383.264s] GC(42) Pause Young (Normal) (G1 Evacuation Pause)
[2025-04-07T11:08:39.110+0100][383.264s] GC(42) Using 8 workers of 8 for evacuation
[2025-04-07T11:08:39.735+0100][383.880s] GC(42) MMU target violated: 251.0ms (250.0ms/251.0ms)
[2025-04-07T11:08:39.735+0100][383.880s] GC(42)   Pre Evacuate Collection Set: 0.0ms
[2025-04-07T11:08:39.735+0100][383.880s] GC(42)   Evacuate Collection Set: 615.4ms
[2025-04-07T11:08:39.735+0100][383.880s] GC(42)   Post Evacuate Collection Set: 0.3ms
[2025-04-07T11:08:39.735+0100][383.880s] GC(42)   Other: 0.3ms
[2025-04-07T11:08:39.735+0100][383.880s] GC(42) Eden regions: 24->0(21)
[2025-04-07T11:08:39.735+0100][383.880s] GC(42) Survivor regions: 1->4(4)
[2025-04-07T11:08:39.735+0100][383.880s] GC(42) Old regions: 162->163
[2025-04-07T11:08:39.735+0100][383.880s] GC(42) Humongous regions: 43->43
[2025-04-07T11:08:39.735+0100][383.881s] GC(42) Metaspace: 69401K->69401K(1112064K)
[2025-04-07T11:08:39.735+0100][383.881s] GC(42) Pause Young (Normal) (G1 Evacuation Pause) 229M->209M(512M) 616.241ms
[2025-04-07T11:08:39.735+0100][383.881s] GC(42) User=0.13s Sys=0.02s Real=0.63s
[2025-04-07T11:08:39.798+0100][383.946s] GC(43) Pause Young (Normal) (G1 Evacuation Pause)
[2025-04-07T11:08:39.798+0100][383.946s] GC(43) Using 8 workers of 8 for evacuation
[2025-04-07T11:08:40.985+0100][385.140s] GC(43) MMU target violated: 251.0ms (250.0ms/251.0ms)
[2025-04-07T11:08:40.985+0100][385.140s] GC(43)   Pre Evacuate Collection Set: 0.0ms
[2025-04-07T11:08:40.985+0100][385.140s] GC(43)   Evacuate Collection Set: 1193.0ms
[2025-04-07T11:08:40.985+0100][385.140s] GC(43)   Post Evacuate Collection Set: 0.6ms
[2025-04-07T11:08:40.985+0100][385.140s] GC(43)   Other: 0.3ms
[2025-04-07T11:08:40.985+0100][385.140s] GC(43) Eden regions: 21->0(21)
[2025-04-07T11:08:40.985+0100][385.140s] GC(43) Survivor regions: 4->4(4)
[2025-04-07T11:08:40.985+0100][385.140s] GC(43) Old regions: 163->166
[2025-04-07T11:08:40.985+0100][385.140s] GC(43) Humongous regions: 43->43
[2025-04-07T11:08:40.985+0100][385.140s] GC(43) Metaspace: 69404K->69404K(1112064K)
[2025-04-07T11:08:40.985+0100][385.140s] GC(43) Pause Young (Normal) (G1 Evacuation Pause) 230M->211M(512M) 1193.961ms
[2025-04-07T11:08:40.985+0100][385.140s] GC(43) User=0.00s Sys=0.00s Real=1.19s
[2025-04-07T11:08:41.016+0100][385.164s] GC(44) Pause Young (Normal) (G1 Evacuation Pause)
[2025-04-07T11:08:41.016+0100][385.164s] GC(44) Using 8 workers of 8 for evacuation
[2025-04-07T11:08:41.423+0100][385.572s] GC(44) MMU target violated: 251.0ms (250.0ms/251.0ms)
[2025-04-07T11:08:41.423+0100][385.572s] GC(44)   Pre Evacuate Collection Set: 0.1ms
[2025-04-07T11:08:41.423+0100][385.572s] GC(44)   Evacuate Collection Set: 408.1ms
[2025-04-07T11:08:41.423+0100][385.572s] GC(44)   Post Evacuate Collection Set: 0.4ms
[2025-04-07T11:08:41.423+0100][385.572s] GC(44)   Other: 0.3ms
[2025-04-07T11:08:41.423+0100][385.572s] GC(44) Eden regions: 21->0(23)
[2025-04-07T11:08:41.423+0100][385.572s] GC(44) Survivor regions: 4->2(4)
[2025-04-07T11:08:41.423+0100][385.572s] GC(44) Old regions: 166->169
[2025-04-07T11:08:41.423+0100][385.572s] GC(44) Humongous regions: 43->43
[2025-04-07T11:08:41.423+0100][385.572s] GC(44) Metaspace: 69407K->69407K(1112064K)
[2025-04-07T11:08:41.423+0100][385.572s] GC(44) Pause Young (Normal) (G1 Evacuation Pause) 232M->213M(512M) 408.947ms
[2025-04-07T11:08:41.423+0100][385.572s] GC(44) User=0.00s Sys=0.00s Real=0.41s
[2025-04-07T11:08:41.454+0100][385.601s] GC(45) Pause Young (Normal) (G1 Evacuation Pause)
[2025-04-07T11:08:41.454+0100][385.601s] GC(45) Using 8 workers of 8 for evacuation
[2025-04-07T11:08:41.517+0100][385.661s] GC(45)   Pre Evacuate Collection Set: 0.0ms
[2025-04-07T11:08:41.517+0100][385.661s] GC(45)   Evacuate Collection Set: 60.3ms
[2025-04-07T11:08:41.517+0100][385.661s] GC(45)   Post Evacuate Collection Set: 0.3ms
[2025-04-07T11:08:41.517+0100][385.661s] GC(45)   Other: 0.2ms
[2025-04-07T11:08:41.517+0100][385.661s] GC(45) Eden regions: 23->0(21)
[2025-04-07T11:08:41.517+0100][385.661s] GC(45) Survivor regions: 2->4(4)
[2025-04-07T11:08:41.517+0100][385.661s] GC(45) Old regions: 169->169
[2025-04-07T11:08:41.517+0100][385.661s] GC(45) Humongous regions: 43->43
[2025-04-07T11:08:41.517+0100][385.661s] GC(45) Metaspace: 69407K->69407K(1112064K)
[2025-04-07T11:08:41.517+0100][385.662s] GC(45) Pause Young (Normal) (G1 Evacuation Pause) 236M->215M(512M) 60.973ms
[2025-04-07T11:08:41.517+0100][385.662s] GC(45) User=0.09s Sys=0.02s Real=0.06s
[2025-04-07T11:08:41.548+0100][385.694s] GC(46) Pause Young (Normal) (G1 Evacuation Pause)
[2025-04-07T11:08:41.548+0100][385.694s] GC(46) Using 8 workers of 8 for evacuation
[2025-04-07T11:08:41.548+0100][385.696s] GC(46)   Pre Evacuate Collection Set: 0.0ms
[2025-04-07T11:08:41.548+0100][385.696s] GC(46)   Evacuate Collection Set: 1.1ms
[2025-04-07T11:08:41.548+0100][385.696s] GC(46)   Post Evacuate Collection Set: 0.3ms
[2025-04-07T11:08:41.548+0100][385.696s] GC(46)   Other: 0.2ms
[2025-04-07T11:08:41.548+0100][385.696s] GC(46) Eden regions: 21->0(23)
[2025-04-07T11:08:41.548+0100][385.696s] GC(46) Survivor regions: 4->2(4)
[2025-04-07T11:08:41.548+0100][385.696s] GC(46) Old regions: 169->173
[2025-04-07T11:08:41.548+0100][385.696s] GC(46) Humongous regions: 43->43
[2025-04-07T11:08:41.548+0100][385.696s] GC(46) Metaspace: 69413K->69413K(1112064K)
[2025-04-07T11:08:41.548+0100][385.696s] GC(46) Pause Young (Normal) (G1 Evacuation Pause) 236M->216M(512M) 1.958ms
[2025-04-07T11:08:41.548+0100][385.696s] GC(46) User=0.00s Sys=0.00s Real=0.00s
[2025-04-07T11:08:42.642+0100][386.801s] GC(47) Pause Young (Normal) (G1 Evacuation Pause)
[2025-04-07T11:08:42.642+0100][386.801s] GC(47) Using 8 workers of 8 for evacuation
[2025-04-07T11:08:42.642+0100][386.802s] GC(47)   Pre Evacuate Collection Set: 0.0ms
[2025-04-07T11:08:42.658+0100][386.802s] GC(47)   Evacuate Collection Set: 0.6ms
[2025-04-07T11:08:42.658+0100][386.802s] GC(47)   Post Evacuate Collection Set: 0.3ms
[2025-04-07T11:08:42.658+0100][386.802s] GC(47)   Other: 0.1ms
[2025-04-07T11:08:42.658+0100][386.802s] GC(47) Eden regions: 23->0(23)
[2025-04-07T11:08:42.658+0100][386.802s] GC(47) Survivor regions: 2->2(4)
[2025-04-07T11:08:42.658+0100][386.802s] GC(47) Old regions: 173->173
[2025-04-07T11:08:42.658+0100][386.802s] GC(47) Humongous regions: 43->43
[2025-04-07T11:08:42.658+0100][386.802s] GC(47) Metaspace: 69416K->69416K(1112064K)
[2025-04-07T11:08:42.658+0100][386.802s] GC(47) Pause Young (Normal) (G1 Evacuation Pause) 239M->216M(512M) 1.318ms
[2025-04-07T11:08:42.658+0100][386.803s] GC(47) User=0.00s Sys=0.00s Real=0.02s
[2025-04-07T11:08:42.799+0100][386.947s] GC(48) Pause Young (Normal) (G1 Evacuation Pause)
[2025-04-07T11:08:42.799+0100][386.947s] GC(48) Using 8 workers of 8 for evacuation
[2025-04-07T11:08:42.799+0100][386.948s] GC(48)   Pre Evacuate Collection Set: 0.0ms
[2025-04-07T11:08:42.799+0100][386.948s] GC(48)   Evacuate Collection Set: 0.4ms
[2025-04-07T11:08:42.799+0100][386.948s] GC(48)   Post Evacuate Collection Set: 0.2ms
[2025-04-07T11:08:42.799+0100][386.948s] GC(48)   Other: 0.1ms
[2025-04-07T11:08:42.799+0100][386.948s] GC(48) Eden regions: 23->0(23)
[2025-04-07T11:08:42.799+0100][386.948s] GC(48) Survivor regions: 2->2(4)
[2025-04-07T11:08:42.799+0100][386.948s] GC(48) Old regions: 173->173
[2025-04-07T11:08:42.799+0100][386.948s] GC(48) Humongous regions: 43->43
[2025-04-07T11:08:42.799+0100][386.948s] GC(48) Metaspace: 69418K->69418K(1112064K)
[2025-04-07T11:08:42.799+0100][386.948s] GC(48) Pause Young (Normal) (G1 Evacuation Pause) 239M->216M(512M) 0.885ms
[2025-04-07T11:08:42.799+0100][386.948s] GC(48) User=0.00s Sys=0.00s Real=0.00s
[2025-04-07T11:08:42.877+0100][387.025s] GC(49) Pause Young (Normal) (G1 Evacuation Pause)
[2025-04-07T11:08:42.877+0100][387.025s] GC(49) Using 8 workers of 8 for evacuation
[2025-04-07T11:08:42.877+0100][387.025s] GC(49)   Pre Evacuate Collection Set: 0.0ms
[2025-04-07T11:08:42.877+0100][387.025s] GC(49)   Evacuate Collection Set: 0.4ms
[2025-04-07T11:08:42.877+0100][387.025s] GC(49)   Post Evacuate Collection Set: 0.2ms
[2025-04-07T11:08:42.877+0100][387.025s] GC(49)   Other: 0.1ms
[2025-04-07T11:08:42.877+0100][387.025s] GC(49) Eden regions: 23->0(27)
[2025-04-07T11:08:42.877+0100][387.025s] GC(49) Survivor regions: 2->2(4)
[2025-04-07T11:08:42.877+0100][387.025s] GC(49) Old regions: 173->173
[2025-04-07T11:08:42.877+0100][387.025s] GC(49) Humongous regions: 43->43
[2025-04-07T11:08:42.877+0100][387.025s] GC(49) Metaspace: 69418K->69418K(1112064K)
[2025-04-07T11:08:42.877+0100][387.025s] GC(49) Pause Young (Normal) (G1 Evacuation Pause) 239M->216M(512M) 0.890ms
[2025-04-07T11:08:42.877+0100][387.025s] GC(49) User=0.00s Sys=0.00s Real=0.00s
[2025-04-07T11:08:43.673+0100][387.826s] GC(50) Pause Young (Normal) (G1 Evacuation Pause)
[2025-04-07T11:08:43.673+0100][387.826s] GC(50) Using 8 workers of 8 for evacuation
[2025-04-07T11:08:43.673+0100][387.826s] GC(50)   Pre Evacuate Collection Set: 0.0ms
[2025-04-07T11:08:43.673+0100][387.826s] GC(50)   Evacuate Collection Set: 0.6ms
[2025-04-07T11:08:43.673+0100][387.827s] GC(50)   Post Evacuate Collection Set: 0.2ms
[2025-04-07T11:08:43.673+0100][387.827s] GC(50)   Other: 0.1ms
[2025-04-07T11:08:43.673+0100][387.827s] GC(50) Eden regions: 27->0(35)
[2025-04-07T11:08:43.673+0100][387.827s] GC(50) Survivor regions: 2->2(4)
[2025-04-07T11:08:43.673+0100][387.827s] GC(50) Old regions: 173->173
[2025-04-07T11:08:43.673+0100][387.827s] GC(50) Humongous regions: 43->43
[2025-04-07T11:08:43.673+0100][387.827s] GC(50) Metaspace: 69422K->69422K(1112064K)
[2025-04-07T11:08:43.673+0100][387.827s] GC(50) Pause Young (Normal) (G1 Evacuation Pause) 243M->216M(512M) 1.056ms
[2025-04-07T11:08:43.673+0100][387.827s] GC(50) User=0.00s Sys=0.00s Real=0.00s
[2025-04-07T11:08:46.158+0100][390.317s] GC(51) Pause Young (Normal) (G1 Evacuation Pause)
[2025-04-07T11:08:46.158+0100][390.317s] GC(51) Using 8 workers of 8 for evacuation
[2025-04-07T11:08:46.173+0100][390.318s] GC(51)   Pre Evacuate Collection Set: 0.0ms
[2025-04-07T11:08:46.173+0100][390.318s] GC(51)   Evacuate Collection Set: 0.6ms
[2025-04-07T11:08:46.173+0100][390.318s] GC(51)   Post Evacuate Collection Set: 0.2ms
[2025-04-07T11:08:46.173+0100][390.318s] GC(51)   Other: 0.1ms
[2025-04-07T11:08:46.173+0100][390.318s] GC(51) Eden regions: 35->0(47)
[2025-04-07T11:08:46.173+0100][390.318s] GC(51) Survivor regions: 2->2(5)
[2025-04-07T11:08:46.173+0100][390.318s] GC(51) Old regions: 173->173
[2025-04-07T11:08:46.173+0100][390.318s] GC(51) Humongous regions: 43->43
[2025-04-07T11:08:46.173+0100][390.318s] GC(51) Metaspace: 69423K->69423K(1112064K)
[2025-04-07T11:08:46.173+0100][390.318s] GC(51) Pause Young (Normal) (G1 Evacuation Pause) 251M->216M(512M) 1.134ms
[2025-04-07T11:08:46.173+0100][390.318s] GC(51) User=0.00s Sys=0.00s Real=0.02s
[2025-04-07T11:08:46.439+0100][390.598s] GC(52) Pause Young (Normal) (G1 Evacuation Pause)
[2025-04-07T11:08:46.439+0100][390.598s] GC(52) Using 8 workers of 8 for evacuation
[2025-04-07T11:08:46.454+0100][390.599s] GC(52)   Pre Evacuate Collection Set: 0.0ms
[2025-04-07T11:08:46.454+0100][390.599s] GC(52)   Evacuate Collection Set: 0.7ms
[2025-04-07T11:08:46.454+0100][390.599s] GC(52)   Post Evacuate Collection Set: 0.2ms
[2025-04-07T11:08:46.454+0100][390.599s] GC(52)   Other: 0.2ms
[2025-04-07T11:08:46.454+0100][390.599s] GC(52) Eden regions: 47->0(64)
[2025-04-07T11:08:46.454+0100][390.599s] GC(52) Survivor regions: 2->2(7)
[2025-04-07T11:08:46.454+0100][390.599s] GC(52) Old regions: 173->173
[2025-04-07T11:08:46.454+0100][390.599s] GC(52) Humongous regions: 43->43
[2025-04-07T11:08:46.454+0100][390.599s] GC(52) Metaspace: 69431K->69431K(1112064K)
[2025-04-07T11:08:46.454+0100][390.599s] GC(52) Pause Young (Normal) (G1 Evacuation Pause) 263M->216M(512M) 1.386ms
[2025-04-07T11:08:46.454+0100][390.600s] GC(52) User=0.03s Sys=0.00s Real=0.02s
[2025-04-07T11:08:52.767+0100][396.927s] GC(53) Pause Young (Normal) (G1 Evacuation Pause)
[2025-04-07T11:08:52.783+0100][396.927s] GC(53) Using 8 workers of 8 for evacuation
[2025-04-07T11:08:52.783+0100][396.929s] GC(53)   Pre Evacuate Collection Set: 0.1ms
[2025-04-07T11:08:52.783+0100][396.929s] GC(53)   Evacuate Collection Set: 1.3ms
[2025-04-07T11:08:52.783+0100][396.929s] GC(53)   Post Evacuate Collection Set: 0.3ms
[2025-04-07T11:08:52.783+0100][396.929s] GC(53)   Other: 0.2ms
[2025-04-07T11:08:52.783+0100][396.930s] GC(53) Eden regions: 64->0(81)
[2025-04-07T11:08:52.783+0100][396.930s] GC(53) Survivor regions: 2->5(9)
[2025-04-07T11:08:52.783+0100][396.930s] GC(53) Old regions: 173->173
[2025-04-07T11:08:52.783+0100][396.930s] GC(53) Humongous regions: 43->43
[2025-04-07T11:08:52.783+0100][396.930s] GC(53) Metaspace: 69445K->69445K(1112064K)
[2025-04-07T11:08:52.783+0100][396.930s] GC(53) Pause Young (Normal) (G1 Evacuation Pause) 280M->219M(512M) 2.282ms
[2025-04-07T11:08:52.783+0100][396.930s] GC(53) User=0.00s Sys=0.00s Real=0.02s
[2025-04-07T11:08:57.665+0100][401.816s] GC(54) Pause Young (Normal) (G1 Evacuation Pause)
[2025-04-07T11:08:57.665+0100][401.816s] GC(54) Using 8 workers of 8 for evacuation
[2025-04-07T11:08:57.665+0100][401.818s] GC(54)   Pre Evacuate Collection Set: 0.0ms
[2025-04-07T11:08:57.665+0100][401.818s] GC(54)   Evacuate Collection Set: 1.7ms
[2025-04-07T11:08:57.665+0100][401.818s] GC(54)   Post Evacuate Collection Set: 0.3ms
[2025-04-07T11:08:57.665+0100][401.818s] GC(54)   Other: 0.2ms
[2025-04-07T11:08:57.665+0100][401.818s] GC(54) Eden regions: 81->0(98)
[2025-04-07T11:08:57.665+0100][401.818s] GC(54) Survivor regions: 5->6(11)
[2025-04-07T11:08:57.665+0100][401.818s] GC(54) Old regions: 173->173
[2025-04-07T11:08:57.665+0100][401.818s] GC(54) Humongous regions: 43->43
[2025-04-07T11:08:57.665+0100][401.818s] GC(54) Metaspace: 69756K->69756K(1112064K)
[2025-04-07T11:08:57.665+0100][401.818s] GC(54) Pause Young (Normal) (G1 Evacuation Pause) 300M->221M(512M) 2.521ms
[2025-04-07T11:08:57.665+0100][401.818s] GC(54) User=0.00s Sys=0.00s Real=0.00s
[2025-04-07T11:09:03.858+0100][408.007s] GC(55) Pause Young (Normal) (G1 Evacuation Pause)
[2025-04-07T11:09:03.858+0100][408.007s] GC(55) Using 8 workers of 8 for evacuation
[2025-04-07T11:09:03.858+0100][408.012s] GC(55)   Pre Evacuate Collection Set: 0.0ms
[2025-04-07T11:09:03.858+0100][408.012s] GC(55)   Evacuate Collection Set: 4.3ms
[2025-04-07T11:09:03.858+0100][408.012s] GC(55)   Post Evacuate Collection Set: 0.3ms
[2025-04-07T11:09:03.858+0100][408.012s] GC(55)   Other: 0.2ms
[2025-04-07T11:09:03.858+0100][408.012s] GC(55) Eden regions: 98->0(118)
[2025-04-07T11:09:03.858+0100][408.012s] GC(55) Survivor regions: 6->10(13)
[2025-04-07T11:09:03.858+0100][408.012s] GC(55) Old regions: 173->173
[2025-04-07T11:09:03.858+0100][408.012s] GC(55) Humongous regions: 43->43
[2025-04-07T11:09:03.858+0100][408.012s] GC(55) Metaspace: 70007K->70007K(1114112K)
[2025-04-07T11:09:03.858+0100][408.012s] GC(55) Pause Young (Normal) (G1 Evacuation Pause) 319M->224M(512M) 5.099ms
[2025-04-07T11:09:03.858+0100][408.012s] GC(55) User=0.00s Sys=0.00s Real=0.00s
[2025-04-07T11:09:23.985+0100][428.133s] GC(56) Pause Young (Normal) (G1 Evacuation Pause)
[2025-04-07T11:09:23.985+0100][428.133s] GC(56) Using 8 workers of 8 for evacuation
[2025-04-07T11:09:24.001+0100][428.160s] GC(56)   Pre Evacuate Collection Set: 0.0ms
[2025-04-07T11:09:24.001+0100][428.160s] GC(56)   Evacuate Collection Set: 26.9ms
[2025-04-07T11:09:24.001+0100][428.160s] GC(56)   Post Evacuate Collection Set: 0.5ms
[2025-04-07T11:09:24.001+0100][428.160s] GC(56)   Other: 0.2ms
[2025-04-07T11:09:24.001+0100][428.160s] GC(56) Eden regions: 118->0(139)
[2025-04-07T11:09:24.001+0100][428.160s] GC(56) Survivor regions: 10->10(16)
[2025-04-07T11:09:24.016+0100][428.160s] GC(56) Old regions: 173->175
[2025-04-07T11:09:24.016+0100][428.160s] GC(56) Humongous regions: 43->43
[2025-04-07T11:09:24.016+0100][428.161s] GC(56) Metaspace: 70023K->70023K(1114112K)
[2025-04-07T11:09:24.016+0100][428.161s] GC(56) Pause Young (Normal) (G1 Evacuation Pause) 342M->227M(512M) 27.836ms
[2025-04-07T11:09:24.016+0100][428.161s] GC(56) User=0.00s Sys=0.00s Real=0.03s
[2025-04-07T11:09:25.189+0100][429.346s] GC(57) Pause Young (Normal) (G1 Evacuation Pause)
[2025-04-07T11:09:25.189+0100][429.346s] GC(57) Using 8 workers of 8 for evacuation
[2025-04-07T11:09:25.205+0100][429.349s] GC(57)   Pre Evacuate Collection Set: 0.0ms
[2025-04-07T11:09:25.205+0100][429.349s] GC(57)   Evacuate Collection Set: 2.5ms
[2025-04-07T11:09:25.205+0100][429.349s] GC(57)   Post Evacuate Collection Set: 0.5ms
[2025-04-07T11:09:25.205+0100][429.349s] GC(57)   Other: 0.1ms
[2025-04-07T11:09:25.205+0100][429.349s] GC(57) Eden regions: 139->0(158)
[2025-04-07T11:09:25.205+0100][429.349s] GC(57) Survivor regions: 10->11(19)
[2025-04-07T11:09:25.205+0100][429.349s] GC(57) Old regions: 175->175
[2025-04-07T11:09:25.205+0100][429.349s] GC(57) Humongous regions: 43->43
[2025-04-07T11:09:25.205+0100][429.349s] GC(57) Metaspace: 70033K->70033K(1114112K)
[2025-04-07T11:09:25.205+0100][429.349s] GC(57) Pause Young (Normal) (G1 Evacuation Pause) 366M->228M(512M) 3.342ms
[2025-04-07T11:09:25.205+0100][429.349s] GC(57) User=0.02s Sys=0.00s Real=0.02s
[2025-04-07T11:10:25.606+0100][489.760s] GC(58) Pause Young (Normal) (G1 Evacuation Pause)
[2025-04-07T11:10:25.606+0100][489.760s] GC(58) Using 8 workers of 8 for evacuation
[2025-04-07T11:10:25.716+0100][489.866s] GC(58)   Pre Evacuate Collection Set: 0.1ms
[2025-04-07T11:10:25.716+0100][489.866s] GC(58)   Evacuate Collection Set: 106.0ms
[2025-04-07T11:10:25.716+0100][489.866s] GC(58)   Post Evacuate Collection Set: 0.5ms
[2025-04-07T11:10:25.716+0100][489.866s] GC(58)   Other: 0.2ms
[2025-04-07T11:10:25.716+0100][489.866s] GC(58) Eden regions: 158->0(172)
[2025-04-07T11:10:25.716+0100][489.866s] GC(58) Survivor regions: 11->16(22)
[2025-04-07T11:10:25.716+0100][489.866s] GC(58) Old regions: 175->175
[2025-04-07T11:10:25.716+0100][489.866s] GC(58) Humongous regions: 43->43
[2025-04-07T11:10:25.716+0100][489.866s] GC(58) Metaspace: 70238K->70238K(1114112K)
[2025-04-07T11:10:25.716+0100][489.866s] GC(58) Pause Young (Normal) (G1 Evacuation Pause) 386M->233M(512M) 106.892ms
[2025-04-07T11:10:25.716+0100][489.866s] GC(58) User=0.03s Sys=0.00s Real=0.11s
[2025-04-07T11:45:20.118+0100][2584.263s] GC(59) Pause Young (Normal) (G1 Evacuation Pause)
[2025-04-07T11:45:20.264+0100][2584.409s] GC(59) Using 8 workers of 8 for evacuation
[2025-04-07T11:45:36.311+0100][2600.456s] GC(59) MMU target violated: 251.0ms (250.0ms/251.0ms)
[2025-04-07T11:45:36.311+0100][2600.456s] GC(59)   Pre Evacuate Collection Set: 175.3ms
[2025-04-07T11:45:36.311+0100][2600.456s] GC(59)   Evacuate Collection Set: 15420.7ms
[2025-04-07T11:45:36.311+0100][2600.456s] GC(59)   Post Evacuate Collection Set: 342.3ms
[2025-04-07T11:45:36.311+0100][2600.456s] GC(59)   Other: 254.7ms
[2025-04-07T11:45:36.311+0100][2600.456s] GC(59) Eden regions: 172->0(7)
[2025-04-07T11:45:36.311+0100][2600.456s] GC(59) Survivor regions: 16->18(24)
[2025-04-07T11:45:36.311+0100][2600.456s] GC(59) Old regions: 175->185
[2025-04-07T11:45:36.311+0100][2600.456s] GC(59) Humongous regions: 43->43
[2025-04-07T11:45:36.312+0100][2600.456s] GC(59) Metaspace: 70575K->70575K(1114112K)
[2025-04-07T11:45:36.324+0100][2600.469s] GC(59) Pause Young (Normal) (G1 Evacuation Pause) 405M->244M(512M) 16193.448ms
[2025-04-07T11:45:36.324+0100][2600.469s] GC(59) User=0.03s Sys=0.03s Real=16.21s
[2025-04-07T11:52:25.008+0100][3009.152s] GC(60) Pause Young (Normal) (G1 Evacuation Pause)
[2025-04-07T11:52:25.008+0100][3009.152s] GC(60) Using 8 workers of 8 for evacuation
[2025-04-07T11:52:26.612+0100][3010.757s] GC(60) MMU target violated: 251.0ms (250.0ms/251.0ms)
[2025-04-07T11:52:26.612+0100][3010.757s] GC(60)   Pre Evacuate Collection Set: 0.0ms
[2025-04-07T11:52:26.612+0100][3010.757s] GC(60)   Evacuate Collection Set: 1541.2ms
[2025-04-07T11:52:26.612+0100][3010.757s] GC(60)   Post Evacuate Collection Set: 29.5ms
[2025-04-07T11:52:26.612+0100][3010.757s] GC(60)   Other: 57.2ms
[2025-04-07T11:52:26.612+0100][3010.757s] GC(60) Eden regions: 7->0(23)
[2025-04-07T11:52:26.612+0100][3010.757s] GC(60) Survivor regions: 18->2(4)
[2025-04-07T11:52:26.612+0100][3010.757s] GC(60) Old regions: 185->201
[2025-04-07T11:52:26.612+0100][3010.757s] GC(60) Humongous regions: 43->43
[2025-04-07T11:52:26.612+0100][3010.757s] GC(60) Metaspace: 70584K->70584K(1114112K)
[2025-04-07T11:52:26.624+0100][3010.769s] GC(60) Pause Young (Normal) (G1 Evacuation Pause) 251M->245M(512M) 1604.981ms
[2025-04-07T11:52:26.624+0100][3010.769s] GC(60) User=0.02s Sys=0.03s Real=1.62s
[2025-04-07T12:14:49.798+0100][4353.943s] GC(61) Pause Young (Concurrent Start) (G1 Evacuation Pause)
[2025-04-07T12:14:49.798+0100][4353.943s] GC(61) Using 8 workers of 8 for evacuation
[2025-04-07T12:15:05.600+0100][4369.746s] GC(61) MMU target violated: 251.0ms (250.0ms/251.0ms)
[2025-04-07T12:15:05.600+0100][4369.746s] GC(61)   Pre Evacuate Collection Set: 0.5ms
[2025-04-07T12:15:05.600+0100][4369.746s] GC(61)   Evacuate Collection Set: 14720.6ms
[2025-04-07T12:15:05.600+0100][4369.746s] GC(61)   Post Evacuate Collection Set: 683.4ms
[2025-04-07T12:15:05.600+0100][4369.746s] GC(61)   Other: 399.4ms
[2025-04-07T12:15:05.600+0100][4369.746s] GC(61) Eden regions: 23->0(24)
[2025-04-07T12:15:05.600+0100][4369.746s] GC(61) Survivor regions: 2->1(4)
[2025-04-07T12:15:05.600+0100][4369.746s] GC(61) Old regions: 201->201
[2025-04-07T12:15:05.600+0100][4369.747s] GC(61) Humongous regions: 43->43
[2025-04-07T12:15:05.600+0100][4369.747s] GC(61) Metaspace: 70610K->70610K(1114112K)
[2025-04-07T12:15:05.600+0100][4369.747s] GC(61) Pause Young (Concurrent Start) (G1 Evacuation Pause) 268M->244M(512M) 15803.994ms
[2025-04-07T12:15:05.600+0100][4369.747s] GC(61) User=0.39s Sys=0.02s Real=15.80s
[2025-04-07T12:15:05.777+0100][4369.922s] GC(62) Concurrent Cycle
[2025-04-07T12:15:05.777+0100][4369.922s] GC(62) Concurrent Clear Claimed Marks
[2025-04-07T12:15:05.985+0100][4370.130s] GC(62) Concurrent Clear Claimed Marks 207.856ms
[2025-04-07T12:15:05.985+0100][4370.130s] GC(62) Concurrent Scan Root Regions
[2025-04-07T12:15:19.943+0100][4384.087s] GC(62) Concurrent Scan Root Regions 13957.388ms
[2025-04-07T12:15:19.943+0100][4384.087s] GC(62) Concurrent Mark (4384.087s)
[2025-04-07T12:15:19.943+0100][4384.087s] GC(62) Concurrent Mark From Roots
[2025-04-07T12:15:19.943+0100][4384.087s] GC(62) Using 2 workers of 2 for marking
[2025-04-07T12:18:11.175+0100][4555.320s] GC(62) Concurrent Mark From Roots 171232.339ms
[2025-04-07T12:18:11.175+0100][4555.320s] GC(62) Concurrent Preclean
[2025-04-07T12:18:11.175+0100][4555.320s] GC(62) Concurrent Preclean 0.611ms
[2025-04-07T12:18:11.175+0100][4555.320s] GC(62) Concurrent Mark (4384.087s, 4555.320s) 171233.054ms
[2025-04-07T12:18:11.302+0100][4555.447s] GC(62) Pause Remark
[2025-04-07T12:19:44.716+0100][4648.861s] GC(62) Cleaned string and symbol table, strings: 33968 processed, 1456 removed, symbols: 186175 processed, 76 removed
[2025-04-07T12:19:46.196+0100][4650.341s] GC(62) MMU target violated: 251.0ms (250.0ms/251.0ms)
[2025-04-07T12:19:46.196+0100][4650.341s] GC(62) Pause Remark 246M->232M(512M) 94894.352ms
[2025-04-07T12:19:46.196+0100][4650.341s] GC(62) User=0.52s Sys=0.25s Real=94.89s
[2025-04-07T12:19:46.196+0100][4650.341s] GC(62) Concurrent Rebuild Remembered Sets
[2025-04-07T12:20:00.257+0100][4664.402s] GC(62) Concurrent Rebuild Remembered Sets 14060.341ms
[2025-04-07T12:20:00.257+0100][4664.402s] GC(62) Pause Cleanup
[2025-04-07T12:20:00.282+0100][4664.427s] GC(62) Pause Cleanup 233M->233M(512M) 24.914ms
[2025-04-07T12:20:00.282+0100][4664.427s] GC(62) User=0.00s Sys=0.00s Real=0.03s
[2025-04-07T12:20:00.282+0100][4664.427s] GC(62) Concurrent Cleanup for Next Mark
[2025-04-07T12:20:00.874+0100][4665.019s] GC(62) Concurrent Cleanup for Next Mark 592.173ms
[2025-04-07T12:20:00.874+0100][4665.019s] GC(62) Concurrent Cycle 295097.235ms
[2025-04-07T12:40:55.221+0100][5919.369s] GC(63) Pause Young (Prepare Mixed) (G1 Evacuation Pause)
[2025-04-07T12:40:55.252+0100][5919.399s] GC(63) Using 8 workers of 8 for evacuation
[2025-04-07T12:40:59.821+0100][5923.967s] GC(63) MMU target violated: 251.0ms (250.0ms/251.0ms)
[2025-04-07T12:40:59.821+0100][5923.967s] GC(63)   Pre Evacuate Collection Set: 74.9ms
[2025-04-07T12:40:59.821+0100][5923.967s] GC(63)   Evacuate Collection Set: 4220.7ms
[2025-04-07T12:40:59.821+0100][5923.967s] GC(63)   Post Evacuate Collection Set: 111.0ms
[2025-04-07T12:40:59.821+0100][5923.967s] GC(63)   Other: 210.2ms
[2025-04-07T12:40:59.821+0100][5923.967s] GC(63) Eden regions: 24->0(24)
[2025-04-07T12:40:59.821+0100][5923.967s] GC(63) Survivor regions: 1->1(4)
[2025-04-07T12:40:59.821+0100][5923.967s] GC(63) Old regions: 192->192
[2025-04-07T12:40:59.821+0100][5923.967s] GC(63) Humongous regions: 38->38
[2025-04-07T12:40:59.821+0100][5923.967s] GC(63) Metaspace: 70090K->70090K(1114112K)
[2025-04-07T12:40:59.821+0100][5923.967s] GC(63) Pause Young (Prepare Mixed) (G1 Evacuation Pause) 254M->229M(512M) 4598.372ms
[2025-04-07T12:40:59.821+0100][5923.967s] GC(63) User=0.77s Sys=0.09s Real=4.60s
[2025-04-07T13:04:27.768+0100][7331.928s] GC(64) Pause Young (Mixed) (G1 Evacuation Pause)
[2025-04-07T13:04:27.820+0100][7331.973s] GC(64) Using 8 workers of 8 for evacuation
[2025-04-07T13:04:29.380+0100][7333.544s] GC(64) MMU target violated: 251.0ms (250.0ms/251.0ms)
[2025-04-07T13:04:29.380+0100][7333.544s] GC(64)   Pre Evacuate Collection Set: 73.1ms
[2025-04-07T13:04:29.380+0100][7333.544s] GC(64)   Evacuate Collection Set: 1477.5ms
[2025-04-07T13:04:29.380+0100][7333.544s] GC(64)   Post Evacuate Collection Set: 9.8ms
[2025-04-07T13:04:29.380+0100][7333.544s] GC(64)   Other: 625.7ms
[2025-04-07T13:04:29.380+0100][7333.544s] GC(64) Eden regions: 24->0(24)
[2025-04-07T13:04:29.380+0100][7333.544s] GC(64) Survivor regions: 1->1(4)
[2025-04-07T13:04:29.380+0100][7333.544s] GC(64) Old regions: 192->177
[2025-04-07T13:04:29.380+0100][7333.545s] GC(64) Humongous regions: 38->38
[2025-04-07T13:04:29.380+0100][7333.545s] GC(64) Metaspace: 70117K->70117K(1114112K)
[2025-04-07T13:04:29.380+0100][7333.545s] GC(64) Pause Young (Mixed) (G1 Evacuation Pause) 253M->214M(512M) 1616.383ms
[2025-04-07T13:04:29.380+0100][7333.545s] GC(64) User=1.22s Sys=0.13s Real=1.61s
[2025-04-07T13:46:06.849+0100][9831.168s] GC(65) Pause Young (Mixed) (G1 Evacuation Pause)
[2025-04-07T13:46:07.563+0100][9831.733s] GC(65) Using 8 workers of 8 for evacuation
[2025-04-07T13:46:30.498+0100][9854.668s] GC(65) MMU target violated: 251.0ms (250.0ms/251.0ms)
[2025-04-07T13:46:30.498+0100][9854.668s] GC(65)   Pre Evacuate Collection Set: 3732.6ms
[2025-04-07T13:46:30.498+0100][9854.668s] GC(65)   Evacuate Collection Set: 14565.9ms
[2025-04-07T13:46:30.498+0100][9854.669s] GC(65)   Post Evacuate Collection Set: 3923.7ms
[2025-04-07T13:46:30.498+0100][9854.669s] GC(65)   Other: 1600.0ms
[2025-04-07T13:46:30.498+0100][9854.669s] GC(65) Eden regions: 24->0(24)
[2025-04-07T13:46:30.498+0100][9854.669s] GC(65) Survivor regions: 1->1(4)
[2025-04-07T13:46:30.498+0100][9854.669s] GC(65) Old regions: 177->163
[2025-04-07T13:46:30.498+0100][9854.669s] GC(65) Humongous regions: 38->38
[2025-04-07T13:46:30.498+0100][9854.669s] GC(65) Metaspace: 70124K->70124K(1114112K)
[2025-04-07T13:46:30.498+0100][9854.669s] GC(65) Pause Young (Mixed) (G1 Evacuation Pause) 238M->200M(512M) 23658.417ms
[2025-04-07T13:46:30.498+0100][9854.670s] GC(65) User=8.03s Sys=0.44s Real=23.65s
[2025-04-07T14:28:48.363+0100][12399.149s] GC(66) Pause Young (Mixed) (G1 Evacuation Pause)
[2025-04-07T14:28:48.363+0100][12399.150s] GC(66) Using 8 workers of 8 for evacuation
[2025-04-07T14:29:03.734+0100][12414.516s] GC(66) MMU target violated: 251.0ms (250.0ms/251.0ms)
[2025-04-07T14:29:03.734+0100][12414.516s] GC(66)   Pre Evacuate Collection Set: 799.5ms
[2025-04-07T14:29:03.734+0100][12414.516s] GC(66)   Evacuate Collection Set: 13056.9ms
[2025-04-07T14:29:03.734+0100][12414.516s] GC(66)   Post Evacuate Collection Set: 1509.1ms
[2025-04-07T14:29:03.855+0100][12414.638s] GC(66)   Other: 1.6ms
[2025-04-07T14:29:03.855+0100][12414.639s] GC(66) Eden regions: 24->0(24)
[2025-04-07T14:29:03.855+0100][12414.639s] GC(66) Survivor regions: 1->1(4)
[2025-04-07T14:29:03.855+0100][12414.639s] GC(66) Old regions: 163->149
[2025-04-07T14:29:03.855+0100][12414.639s] GC(66) Humongous regions: 38->38
[2025-04-07T14:29:03.873+0100][12414.646s] GC(66) Metaspace: 70139K->70139K(1114112K)
[2025-04-07T14:29:03.873+0100][12414.646s] GC(66) Pause Young (Mixed) (G1 Evacuation Pause) 224M->186M(512M) 15497.122ms
[2025-04-07T14:29:03.873+0100][12414.646s] GC(66) User=1.27s Sys=0.09s Real=15.51s
[2025-04-07T14:52:13.858+0100][13804.644s] GC(67) Pause Young (Mixed) (G1 Evacuation Pause)
[2025-04-07T14:52:14.061+0100][13804.845s] GC(67) Using 8 workers of 8 for evacuation
[2025-04-07T14:52:21.648+0100][13812.436s] GC(67) MMU target violated: 251.0ms (250.0ms/251.0ms)
[2025-04-07T14:52:22.941+0100][13813.721s] GC(67)   Pre Evacuate Collection Set: 1351.0ms
[2025-04-07T14:52:22.941+0100][13813.721s] GC(67)   Evacuate Collection Set: 5601.5ms
[2025-04-07T14:52:22.941+0100][13813.721s] GC(67)   Post Evacuate Collection Set: 350.7ms
[2025-04-07T14:52:22.941+0100][13813.721s] GC(67)   Other: 1984.0ms
[2025-04-07T14:52:22.941+0100][13813.721s] GC(67) Eden regions: 24->0(24)
[2025-04-07T14:52:22.941+0100][13813.721s] GC(67) Survivor regions: 1->1(4)
[2025-04-07T14:52:22.941+0100][13813.722s] GC(67) Old regions: 149->137
[2025-04-07T14:52:22.941+0100][13813.722s] GC(67) Humongous regions: 38->38
[2025-04-07T14:52:22.941+0100][13813.722s] GC(67) Metaspace: 70143K->70143K(1114112K)
[2025-04-07T14:52:22.941+0100][13813.722s] GC(67) Pause Young (Mixed) (G1 Evacuation Pause) 210M->174M(512M) 9077.388ms
[2025-04-07T14:52:22.941+0100][13813.722s] GC(67) User=0.30s Sys=0.02s Real=9.08s
