[2025-04-06T00:40:31.129+0000][0.039s] Heap region size: 1M
[2025-04-06T00:40:31.620+0000][0.531s] Using G1
[2025-04-06T00:40:31.620+0000][0.531s] Heap address: 0x00000000e0000000, size: 512 MB, Compressed Oops mode: 32-bit
[2025-04-06T00:41:02.776+0000][31.683s] GC(0) Pause Young (Normal) (G1 Evacuation Pause)
[2025-04-06T00:41:02.776+0000][31.684s] GC(0) Using 8 workers of 8 for evacuation
[2025-04-06T00:41:02.779+0000][31.690s] GC(0)   Pre Evacuate Collection Set: 0.1ms
[2025-04-06T00:41:02.779+0000][31.690s] GC(0)   Evacuate Collection Set: 4.7ms
[2025-04-06T00:41:02.779+0000][31.690s] GC(0)   Post Evacuate Collection Set: 0.4ms
[2025-04-06T00:41:02.779+0000][31.690s] GC(0)   Other: 1.0ms
[2025-04-06T00:41:02.779+0000][31.690s] GC(0) Eden regions: 30->0(303)
[2025-04-06T00:41:02.779+0000][31.690s] GC(0) Survivor regions: 0->4(4)
[2025-04-06T00:41:02.779+0000][31.690s] GC(0) Old regions: 0->4
[2025-04-06T00:41:02.784+0000][31.690s] GC(0) Humongous regions: 0->0
[2025-04-06T00:41:02.784+0000][31.690s] GC(0) Metaspace: 10514K->10514K(1058816K)
[2025-04-06T00:41:02.784+0000][31.691s] GC(0) Pause Young (Normal) (G1 Evacuation Pause) 30M->7M(512M) 7.177ms
[2025-04-06T00:41:02.784+0000][31.691s] GC(0) User=0.02s Sys=0.00s Real=0.01s
[2025-04-06T00:41:04.338+0000][33.247s] GC(1) Pause Young (Concurrent Start) (Metadata GC Threshold)
[2025-04-06T00:41:04.338+0000][33.247s] GC(1) Using 8 workers of 8 for evacuation
[2025-04-06T00:41:04.372+0000][33.278s] GC(1)   Pre Evacuate Collection Set: 0.3ms
[2025-04-06T00:41:04.372+0000][33.278s] GC(1)   Evacuate Collection Set: 28.5ms
[2025-04-06T00:41:04.372+0000][33.278s] GC(1)   Post Evacuate Collection Set: 1.3ms
[2025-04-06T00:41:04.372+0000][33.279s] GC(1)   Other: 1.0ms
[2025-04-06T00:41:04.372+0000][33.279s] GC(1) Eden regions: 76->0(86)
[2025-04-06T00:41:04.372+0000][33.279s] GC(1) Survivor regions: 4->13(13)
[2025-04-06T00:41:04.372+0000][33.279s] GC(1) Old regions: 4->4
[2025-04-06T00:41:04.372+0000][33.279s] GC(1) Humongous regions: 4->4
[2025-04-06T00:41:04.372+0000][33.279s] GC(1) Metaspace: 20766K->20766K(1069056K)
[2025-04-06T00:41:04.372+0000][33.279s] GC(1) Pause Young (Concurrent Start) (Metadata GC Threshold) 86M->20M(512M) 31.601ms
[2025-04-06T00:41:04.372+0000][33.279s] GC(1) User=0.03s Sys=0.00s Real=0.03s
[2025-04-06T00:41:04.373+0000][33.279s] GC(2) Concurrent Cycle
[2025-04-06T00:41:04.373+0000][33.279s] GC(2) Concurrent Clear Claimed Marks
[2025-04-06T00:41:04.373+0000][33.279s] GC(2) Concurrent Clear Claimed Marks 0.093ms
[2025-04-06T00:41:04.373+0000][33.279s] GC(2) Concurrent Scan Root Regions
[2025-04-06T00:41:04.383+0000][33.293s] GC(2) Concurrent Scan Root Regions 13.385ms
[2025-04-06T00:41:04.383+0000][33.293s] GC(2) Concurrent Mark (33.293s)
[2025-04-06T00:41:04.383+0000][33.293s] GC(2) Concurrent Mark From Roots
[2025-04-06T00:41:04.383+0000][33.293s] GC(2) Using 2 workers of 2 for marking
[2025-04-06T00:41:04.387+0000][33.299s] GC(2) Concurrent Mark From Roots 6.492ms
[2025-04-06T00:41:04.387+0000][33.299s] GC(2) Concurrent Preclean
[2025-04-06T00:41:04.387+0000][33.300s] GC(2) Concurrent Preclean 0.367ms
[2025-04-06T00:41:04.387+0000][33.300s] GC(2) Concurrent Mark (33.293s, 33.300s) 7.057ms
[2025-04-06T00:41:04.387+0000][33.300s] GC(2) Pause Remark
[2025-04-06T00:41:04.395+0000][33.303s] GC(2) Cleaned string and symbol table, strings: 9670 processed, 0 removed, symbols: 68095 processed, 19 removed
[2025-04-06T00:41:04.395+0000][33.304s] GC(2) Pause Remark 21M->21M(512M) 3.225ms
[2025-04-06T00:41:04.395+0000][33.304s] GC(2) User=0.08s Sys=0.00s Real=0.01s
[2025-04-06T00:41:04.395+0000][33.304s] GC(2) Concurrent Rebuild Remembered Sets
[2025-04-06T00:41:04.399+0000][33.311s] GC(2) Concurrent Rebuild Remembered Sets 7.293ms
[2025-04-06T00:41:04.399+0000][33.312s] GC(2) Pause Cleanup
[2025-04-06T00:41:04.399+0000][33.312s] GC(2) Pause Cleanup 21M->21M(512M) 0.372ms
[2025-04-06T00:41:04.399+0000][33.312s] GC(2) User=0.00s Sys=0.00s Real=0.00s
[2025-04-06T00:41:04.399+0000][33.312s] GC(2) Concurrent Cleanup for Next Mark
[2025-04-06T00:41:04.407+0000][33.314s] GC(2) Concurrent Cleanup for Next Mark 2.147ms
[2025-04-06T00:41:04.407+0000][33.315s] GC(2) Concurrent Cycle 35.504ms
[2025-04-06T00:41:06.609+0000][35.516s] GC(3) Pause Young (Normal) (G1 Evacuation Pause)
[2025-04-06T00:41:06.609+0000][35.516s] GC(3) Using 8 workers of 8 for evacuation
[2025-04-06T00:41:06.625+0000][35.535s] GC(3)   Pre Evacuate Collection Set: 0.0ms
[2025-04-06T00:41:06.625+0000][35.535s] GC(3)   Evacuate Collection Set: 17.3ms
[2025-04-06T00:41:06.625+0000][35.535s] GC(3)   Post Evacuate Collection Set: 1.1ms
[2025-04-06T00:41:06.625+0000][35.535s] GC(3)   Other: 0.3ms
[2025-04-06T00:41:06.625+0000][35.535s] GC(3) Eden regions: 77->0(102)
[2025-04-06T00:41:06.625+0000][35.535s] GC(3) Survivor regions: 13->4(12)
[2025-04-06T00:41:06.625+0000][35.535s] GC(3) Old regions: 4->17
[2025-04-06T00:41:06.625+0000][35.535s] GC(3) Humongous regions: 4->4
[2025-04-06T00:41:06.625+0000][35.535s] GC(3) Metaspace: 29799K->29799K(1077248K)
[2025-04-06T00:41:06.629+0000][35.535s] GC(3) Pause Young (Normal) (G1 Evacuation Pause) 97M->24M(512M) 19.076ms
[2025-04-06T00:41:06.629+0000][35.535s] GC(3) User=0.11s Sys=0.00s Real=0.02s
[2025-04-06T00:41:07.350+0000][36.261s] GC(4) Pause Young (Concurrent Start) (Metadata GC Threshold)
[2025-04-06T00:41:07.350+0000][36.261s] GC(4) Using 8 workers of 8 for evacuation
[2025-04-06T00:41:07.356+0000][36.266s] GC(4)   Pre Evacuate Collection Set: 0.0ms
[2025-04-06T00:41:07.356+0000][36.266s] GC(4)   Evacuate Collection Set: 4.6ms
[2025-04-06T00:41:07.356+0000][36.266s] GC(4)   Post Evacuate Collection Set: 0.4ms
[2025-04-06T00:41:07.356+0000][36.266s] GC(4)   Other: 0.2ms
[2025-04-06T00:41:07.356+0000][36.266s] GC(4) Eden regions: 40->0(110)
[2025-04-06T00:41:07.356+0000][36.266s] GC(4) Survivor regions: 4->5(14)
[2025-04-06T00:41:07.356+0000][36.266s] GC(4) Old regions: 17->17
[2025-04-06T00:41:07.356+0000][36.266s] GC(4) Humongous regions: 4->4
[2025-04-06T00:41:07.356+0000][36.266s] GC(4) Metaspace: 35126K->35126K(1081344K)
[2025-04-06T00:41:07.356+0000][36.266s] GC(4) Pause Young (Concurrent Start) (Metadata GC Threshold) 64M->24M(512M) 5.313ms
[2025-04-06T00:41:07.356+0000][36.266s] GC(4) User=0.00s Sys=0.00s Real=0.01s
[2025-04-06T00:41:07.356+0000][36.266s] GC(5) Concurrent Cycle
[2025-04-06T00:41:07.356+0000][36.266s] GC(5) Concurrent Clear Claimed Marks
[2025-04-06T00:41:07.356+0000][36.266s] GC(5) Concurrent Clear Claimed Marks 0.024ms
[2025-04-06T00:41:07.356+0000][36.266s] GC(5) Concurrent Scan Root Regions
[2025-04-06T00:41:07.356+0000][36.268s] GC(5) Concurrent Scan Root Regions 1.902ms
[2025-04-06T00:41:07.356+0000][36.268s] GC(5) Concurrent Mark (36.268s)
[2025-04-06T00:41:07.356+0000][36.268s] GC(5) Concurrent Mark From Roots
[2025-04-06T00:41:07.356+0000][36.268s] GC(5) Using 2 workers of 2 for marking
[2025-04-06T00:41:07.365+0000][36.286s] GC(5) Concurrent Mark From Roots 17.700ms
[2025-04-06T00:41:07.365+0000][36.286s] GC(5) Concurrent Preclean
[2025-04-06T00:41:07.365+0000][36.286s] GC(5) Concurrent Preclean 0.185ms
[2025-04-06T00:41:07.365+0000][36.286s] GC(5) Concurrent Mark (36.268s, 36.286s) 17.995ms
[2025-04-06T00:41:07.365+0000][36.286s] GC(5) Pause Remark
[2025-04-06T00:41:07.381+0000][36.289s] GC(5) Cleaned string and symbol table, strings: 15149 processed, 22 removed, symbols: 111559 processed, 39 removed
[2025-04-06T00:41:07.381+0000][36.289s] GC(5) Pause Remark 25M->25M(512M) 2.843ms
[2025-04-06T00:41:07.381+0000][36.289s] GC(5) User=0.05s Sys=0.00s Real=0.02s
[2025-04-06T00:41:07.381+0000][36.289s] GC(5) Concurrent Rebuild Remembered Sets
[2025-04-06T00:41:07.384+0000][36.300s] GC(5) Concurrent Rebuild Remembered Sets 10.838ms
[2025-04-06T00:41:07.384+0000][36.300s] GC(5) Pause Cleanup
[2025-04-06T00:41:07.384+0000][36.300s] GC(5) Pause Cleanup 26M->26M(512M) 0.135ms
[2025-04-06T00:41:07.384+0000][36.300s] GC(5) User=0.00s Sys=0.00s Real=0.00s
[2025-04-06T00:41:07.384+0000][36.301s] GC(5) Concurrent Cleanup for Next Mark
[2025-04-06T00:41:07.395+0000][36.301s] GC(5) Concurrent Cleanup for Next Mark 0.728ms
[2025-04-06T00:41:07.395+0000][36.301s] GC(5) Concurrent Cycle 35.343ms
[2025-04-06T00:41:12.703+0000][41.622s] GC(6) Pause Young (Normal) (G1 Evacuation Pause)
[2025-04-06T00:41:12.703+0000][41.622s] GC(6) Using 8 workers of 8 for evacuation
[2025-04-06T00:41:12.719+0000][41.629s] GC(6)   Pre Evacuate Collection Set: 0.0ms
[2025-04-06T00:41:12.719+0000][41.629s] GC(6)   Evacuate Collection Set: 6.0ms
[2025-04-06T00:41:12.719+0000][41.629s] GC(6)   Post Evacuate Collection Set: 0.7ms
[2025-04-06T00:41:12.719+0000][41.629s] GC(6)   Other: 0.2ms
[2025-04-06T00:41:12.719+0000][41.629s] GC(6) Eden regions: 110->0(297)
[2025-04-06T00:41:12.719+0000][41.629s] GC(6) Survivor regions: 5->10(15)
[2025-04-06T00:41:12.719+0000][41.629s] GC(6) Old regions: 17->17
[2025-04-06T00:41:12.719+0000][41.629s] GC(6) Humongous regions: 5->4
[2025-04-06T00:41:12.719+0000][41.629s] GC(6) Metaspace: 44465K->44465K(1089536K)
[2025-04-06T00:41:12.719+0000][41.629s] GC(6) Pause Young (Normal) (G1 Evacuation Pause) 135M->30M(512M) 7.018ms
[2025-04-06T00:41:12.719+0000][41.629s] GC(6) User=0.00s Sys=0.00s Real=0.02s
[2025-04-06T00:41:13.081+0000][41.997s] GC(7) Pause Young (Normal) (G1 Evacuation Pause)
[2025-04-06T00:41:13.081+0000][41.997s] GC(7) Using 8 workers of 8 for evacuation
[2025-04-06T00:41:13.097+0000][42.006s] GC(7)   Pre Evacuate Collection Set: 0.0ms
[2025-04-06T00:41:13.097+0000][42.006s] GC(7)   Evacuate Collection Set: 8.1ms
[2025-04-06T00:41:13.097+0000][42.006s] GC(7)   Post Evacuate Collection Set: 0.6ms
[2025-04-06T00:41:13.097+0000][42.006s] GC(7)   Other: 0.3ms
[2025-04-06T00:41:13.097+0000][42.006s] GC(7) Eden regions: 297->0(293)
[2025-04-06T00:41:13.097+0000][42.006s] GC(7) Survivor regions: 10->14(39)
[2025-04-06T00:41:13.097+0000][42.006s] GC(7) Old regions: 17->17
[2025-04-06T00:41:13.097+0000][42.006s] GC(7) Humongous regions: 4->4
[2025-04-06T00:41:13.097+0000][42.006s] GC(7) Metaspace: 45960K->45960K(1091584K)
[2025-04-06T00:41:13.097+0000][42.006s] GC(7) Pause Young (Normal) (G1 Evacuation Pause) 327M->34M(512M) 9.371ms
[2025-04-06T00:41:13.097+0000][42.006s] GC(7) User=0.05s Sys=0.00s Real=0.02s
[2025-04-06T00:41:15.339+0000][44.255s] GC(8) Pause Young (Normal) (G1 Evacuation Pause)
[2025-04-06T00:41:15.339+0000][44.255s] GC(8) Using 8 workers of 8 for evacuation
[2025-04-06T00:41:15.352+0000][44.264s] GC(8)   Pre Evacuate Collection Set: 0.0ms
[2025-04-06T00:41:15.352+0000][44.264s] GC(8)   Evacuate Collection Set: 8.3ms
[2025-04-06T00:41:15.352+0000][44.264s] GC(8)   Post Evacuate Collection Set: 0.5ms
[2025-04-06T00:41:15.352+0000][44.264s] GC(8)   Other: 0.2ms
[2025-04-06T00:41:15.352+0000][44.264s] GC(8) Eden regions: 293->0(290)
[2025-04-06T00:41:15.352+0000][44.264s] GC(8) Survivor regions: 14->17(39)
[2025-04-06T00:41:15.352+0000][44.264s] GC(8) Old regions: 17->17
[2025-04-06T00:41:15.352+0000][44.264s] GC(8) Humongous regions: 5->5
[2025-04-06T00:41:15.352+0000][44.264s] GC(8) Metaspace: 51017K->51017K(1095680K)
[2025-04-06T00:41:15.352+0000][44.264s] GC(8) Pause Young (Normal) (G1 Evacuation Pause) 328M->38M(512M) 9.190ms
[2025-04-06T00:41:15.352+0000][44.264s] GC(8) User=0.05s Sys=0.00s Real=0.01s
[2025-04-06T00:41:18.281+0000][47.192s] GC(9) Pause Young (Normal) (G1 Evacuation Pause)
[2025-04-06T00:41:18.281+0000][47.192s] GC(9) Using 8 workers of 8 for evacuation
[2025-04-06T00:41:18.296+0000][47.208s] GC(9)   Pre Evacuate Collection Set: 0.0ms
[2025-04-06T00:41:18.296+0000][47.208s] GC(9)   Evacuate Collection Set: 14.2ms
[2025-04-06T00:41:18.296+0000][47.208s] GC(9)   Post Evacuate Collection Set: 1.0ms
[2025-04-06T00:41:18.296+0000][47.208s] GC(9)   Other: 0.2ms
[2025-04-06T00:41:18.296+0000][47.208s] GC(9) Eden regions: 290->0(278)
[2025-04-06T00:41:18.296+0000][47.208s] GC(9) Survivor regions: 17->29(39)
[2025-04-06T00:41:18.296+0000][47.208s] GC(9) Old regions: 17->17
[2025-04-06T00:41:18.296+0000][47.208s] GC(9) Humongous regions: 5->5
[2025-04-06T00:41:18.296+0000][47.208s] GC(9) Metaspace: 56107K->56107K(1099776K)
[2025-04-06T00:41:18.296+0000][47.208s] GC(9) Pause Young (Normal) (G1 Evacuation Pause) 328M->50M(512M) 15.548ms
[2025-04-06T00:41:18.296+0000][47.208s] GC(9) User=0.03s Sys=0.00s Real=0.02s
[2025-04-06T00:55:57.246+0000][926.155s] GC(10) Pause Young (Concurrent Start) (Metadata GC Threshold)
[2025-04-06T00:55:57.250+0000][926.156s] GC(10) Using 8 workers of 8 for evacuation
[2025-04-06T00:56:13.969+0000][942.875s] GC(10) MMU target violated: 251.0ms (250.0ms/251.0ms)
[2025-04-06T00:56:13.969+0000][942.875s] GC(10)   Pre Evacuate Collection Set: 752.3ms
[2025-04-06T00:56:13.969+0000][942.875s] GC(10)   Evacuate Collection Set: 15129.0ms
[2025-04-06T00:56:13.969+0000][942.875s] GC(10)   Post Evacuate Collection Set: 246.8ms
[2025-04-06T00:56:13.969+0000][942.876s] GC(10)   Other: 594.4ms
[2025-04-06T00:56:13.969+0000][942.876s] GC(10) Eden regions: 127->0(1)
[2025-04-06T00:56:13.969+0000][942.876s] GC(10) Survivor regions: 29->39(39)
[2025-04-06T00:56:13.969+0000][942.876s] GC(10) Old regions: 17->26
[2025-04-06T00:56:13.969+0000][942.876s] GC(10) Humongous regions: 5->5
[2025-04-06T00:56:13.970+0000][942.876s] GC(10) Metaspace: 58891K->58891K(1101824K)
[2025-04-06T00:56:13.970+0000][942.877s] GC(10) Pause Young (Concurrent Start) (Metadata GC Threshold) 177M->68M(512M) 16723.595ms
[2025-04-06T00:56:13.970+0000][942.877s] GC(10) User=0.11s Sys=0.09s Real=16.72s
[2025-04-06T00:56:14.006+0000][942.913s] GC(11) Concurrent Cycle
[2025-04-06T00:56:14.006+0000][942.913s] GC(11) Concurrent Clear Claimed Marks
[2025-04-06T00:56:14.006+0000][942.913s] GC(11) Concurrent Clear Claimed Marks 0.176ms
[2025-04-06T00:56:14.006+0000][942.913s] GC(11) Concurrent Scan Root Regions
[2025-04-06T00:56:14.195+0000][943.101s] GC(11) Concurrent Scan Root Regions 188.214ms
[2025-04-06T00:56:14.195+0000][943.101s] GC(11) Concurrent Mark (943.101s)
[2025-04-06T00:56:14.195+0000][943.101s] GC(11) Concurrent Mark From Roots
[2025-04-06T00:56:14.195+0000][943.101s] GC(11) Using 2 workers of 2 for marking
[2025-04-06T00:56:14.775+0000][943.681s] GC(12) Pause Young (Normal) (G1 Evacuation Pause)
[2025-04-06T00:56:14.775+0000][943.681s] GC(12) Using 8 workers of 8 for evacuation
[2025-04-06T00:56:15.213+0000][944.120s] GC(12) MMU target violated: 251.0ms (250.0ms/251.0ms)
[2025-04-06T00:56:15.213+0000][944.120s] GC(12)   Pre Evacuate Collection Set: 0.0ms
[2025-04-06T00:56:15.213+0000][944.120s] GC(12)   Evacuate Collection Set: 437.6ms
[2025-04-06T00:56:15.213+0000][944.120s] GC(12)   Post Evacuate Collection Set: 0.7ms
[2025-04-06T00:56:15.213+0000][944.120s] GC(12)   Other: 0.5ms
[2025-04-06T00:56:15.214+0000][944.120s] GC(12) Eden regions: 1->0(21)
[2025-04-06T00:56:15.214+0000][944.120s] GC(12) Survivor regions: 39->4(5)
[2025-04-06T00:56:15.214+0000][944.120s] GC(12) Old regions: 26->63
[2025-04-06T00:56:15.214+0000][944.120s] GC(12) Humongous regions: 5->5
[2025-04-06T00:56:15.214+0000][944.120s] GC(12) Metaspace: 59210K->59210K(1103872K)
[2025-04-06T00:56:15.214+0000][944.120s] GC(12) Pause Young (Normal) (G1 Evacuation Pause) 69M->71M(512M) 439.145ms
[2025-04-06T00:56:15.214+0000][944.120s] GC(12) User=1.44s Sys=0.14s Real=0.44s
[2025-04-06T00:56:15.704+0000][944.611s] GC(11) Concurrent Mark From Roots 1510.014ms
[2025-04-06T00:56:15.705+0000][944.611s] GC(11) Concurrent Preclean
[2025-04-06T00:56:15.705+0000][944.612s] GC(11) Concurrent Preclean 0.925ms
[2025-04-06T00:56:15.706+0000][944.612s] GC(11) Concurrent Mark (943.101s, 944.612s) 1511.238ms
[2025-04-06T00:56:15.848+0000][944.755s] GC(11) Pause Remark
[2025-04-06T00:56:22.609+0000][951.517s] GC(11) Cleaned string and symbol table, strings: 27763 processed, 376 removed, symbols: 172813 processed, 504 removed
[2025-04-06T00:56:22.612+0000][951.519s] GC(11) MMU target violated: 251.0ms (250.0ms/251.0ms)
[2025-04-06T00:56:22.612+0000][951.519s] GC(11) Pause Remark 72M->72M(512M) 6764.600ms
[2025-04-06T00:56:22.612+0000][951.519s] GC(11) User=0.05s Sys=0.13s Real=6.76s
[2025-04-06T00:56:22.612+0000][951.519s] GC(11) Concurrent Rebuild Remembered Sets
[2025-04-06T00:56:22.735+0000][951.643s] GC(11) Concurrent Rebuild Remembered Sets 123.137ms
[2025-04-06T00:56:22.736+0000][951.643s] GC(11) Pause Cleanup
[2025-04-06T00:56:22.736+0000][951.643s] GC(11) Pause Cleanup 72M->72M(512M) 0.428ms
[2025-04-06T00:56:22.736+0000][951.644s] GC(11) User=0.02s Sys=0.00s Real=0.00s
[2025-04-06T00:56:22.736+0000][951.644s] GC(11) Concurrent Cleanup for Next Mark
[2025-04-06T00:56:22.747+0000][951.654s] GC(11) Concurrent Cleanup for Next Mark 9.877ms
[2025-04-06T00:56:22.747+0000][951.654s] GC(11) Concurrent Cycle 8741.204ms
[2025-04-06T01:06:54.773+0000][1583.687s] GC(13) Pause Young (Concurrent Start) (G1 Evacuation Pause)
[2025-04-06T01:06:54.773+0000][1583.688s] GC(13) Using 8 workers of 8 for evacuation
[2025-04-06T01:06:55.802+0000][1584.711s] GC(13) MMU target violated: 251.0ms (250.0ms/251.0ms)
[2025-04-06T01:06:55.802+0000][1584.712s] GC(13)   Pre Evacuate Collection Set: 137.2ms
[2025-04-06T01:06:55.802+0000][1584.712s] GC(13)   Evacuate Collection Set: 690.0ms
[2025-04-06T01:06:55.802+0000][1584.712s] GC(13)   Post Evacuate Collection Set: 183.8ms
[2025-04-06T01:06:55.802+0000][1584.712s] GC(13)   Other: 13.3ms
[2025-04-06T01:06:55.802+0000][1584.712s] GC(13) Eden regions: 21->0(23)
[2025-04-06T01:06:55.802+0000][1584.712s] GC(13) Survivor regions: 4->2(4)
[2025-04-06T01:06:55.802+0000][1584.712s] GC(13) Old regions: 63->63
[2025-04-06T01:06:55.802+0000][1584.712s] GC(13) Humongous regions: 5->5
[2025-04-06T01:06:55.802+0000][1584.712s] GC(13) Metaspace: 60334K->60334K(1103872K)
[2025-04-06T01:06:55.802+0000][1584.712s] GC(13) Pause Young (Concurrent Start) (G1 Evacuation Pause) 92M->69M(512M) 1024.769ms
[2025-04-06T01:06:55.802+0000][1584.712s] GC(13) User=0.16s Sys=0.06s Real=1.03s
[2025-04-06T01:06:55.802+0000][1584.719s] GC(14) Concurrent Cycle
[2025-04-06T01:06:55.802+0000][1584.719s] GC(14) Concurrent Clear Claimed Marks
[2025-04-06T01:06:55.866+0000][1584.780s] GC(14) Concurrent Clear Claimed Marks 61.142ms
[2025-04-06T01:06:55.866+0000][1584.780s] GC(14) Concurrent Scan Root Regions
[2025-04-06T01:06:56.151+0000][1585.061s] GC(14) Concurrent Scan Root Regions 281.065ms
[2025-04-06T01:06:56.151+0000][1585.061s] GC(14) Concurrent Mark (1585.061s)
[2025-04-06T01:06:56.151+0000][1585.061s] GC(14) Concurrent Mark From Roots
[2025-04-06T01:06:56.151+0000][1585.062s] GC(14) Using 2 workers of 2 for marking
[2025-04-06T01:07:02.546+0000][1591.455s] GC(14) Concurrent Mark From Roots 6393.083ms
[2025-04-06T01:07:02.546+0000][1591.455s] GC(14) Concurrent Preclean
[2025-04-06T01:07:02.546+0000][1591.456s] GC(14) Concurrent Preclean 0.875ms
[2025-04-06T01:07:02.546+0000][1591.456s] GC(14) Concurrent Mark (1585.061s, 1591.456s) 6394.298ms
[2025-04-06T01:07:02.608+0000][1591.519s] GC(14) Pause Remark
[2025-04-06T01:07:08.013+0000][1596.920s] GC(14) Cleaned string and symbol table, strings: 28008 processed, 1029 removed, symbols: 175233 processed, 8 removed
[2025-04-06T01:07:08.230+0000][1597.137s] GC(14) MMU target violated: 251.0ms (250.0ms/251.0ms)
[2025-04-06T01:07:08.230+0000][1597.137s] GC(14) Pause Remark 72M->71M(512M) 5618.334ms
[2025-04-06T01:07:08.230+0000][1597.137s] GC(14) User=0.06s Sys=0.23s Real=5.62s
[2025-04-06T01:07:08.230+0000][1597.138s] GC(14) Concurrent Rebuild Remembered Sets
[2025-04-06T01:07:08.667+0000][1597.581s] GC(14) Concurrent Rebuild Remembered Sets 443.246ms
[2025-04-06T01:07:08.667+0000][1597.581s] GC(14) Pause Cleanup
[2025-04-06T01:07:08.667+0000][1597.582s] GC(14) Pause Cleanup 71M->71M(512M) 0.420ms
[2025-04-06T01:07:08.667+0000][1597.582s] GC(14) User=0.00s Sys=0.00s Real=0.00s
[2025-04-06T01:07:08.667+0000][1597.582s] GC(14) Concurrent Cleanup for Next Mark
[2025-04-06T01:07:08.683+0000][1597.591s] GC(14) Concurrent Cleanup for Next Mark 8.615ms
[2025-04-06T01:07:08.683+0000][1597.591s] GC(14) Concurrent Cycle 12871.978ms
[2025-04-06T01:07:12.451+0000][1601.365s] GC(15) Pause Young (Normal) (G1 Evacuation Pause)
[2025-04-06T01:07:12.451+0000][1601.365s] GC(15) Using 8 workers of 8 for evacuation
[2025-04-06T01:07:12.465+0000][1601.372s] GC(15)   Pre Evacuate Collection Set: 0.0ms
[2025-04-06T01:07:12.465+0000][1601.372s] GC(15)   Evacuate Collection Set: 4.7ms
[2025-04-06T01:07:12.465+0000][1601.372s] GC(15)   Post Evacuate Collection Set: 1.7ms
[2025-04-06T01:07:12.465+0000][1601.372s] GC(15)   Other: 0.6ms
[2025-04-06T01:07:12.465+0000][1601.372s] GC(15) Eden regions: 23->0(23)
[2025-04-06T01:07:12.465+0000][1601.372s] GC(15) Survivor regions: 2->2(4)
[2025-04-06T01:07:12.465+0000][1601.372s] GC(15) Old regions: 63->63
[2025-04-06T01:07:12.465+0000][1601.373s] GC(15) Humongous regions: 4->4
[2025-04-06T01:07:12.465+0000][1601.373s] GC(15) Metaspace: 60551K->60551K(1103872K)
[2025-04-06T01:07:12.465+0000][1601.373s] GC(15) Pause Young (Normal) (G1 Evacuation Pause) 91M->68M(512M) 7.568ms
[2025-04-06T01:07:12.465+0000][1601.373s] GC(15) User=0.00s Sys=0.00s Real=0.01s
[2025-04-06T01:07:12.655+0000][1601.572s] GC(16) Pause Young (Normal) (G1 Evacuation Pause)
[2025-04-06T01:07:12.655+0000][1601.572s] GC(16) Using 8 workers of 8 for evacuation
[2025-04-06T01:07:12.860+0000][1601.768s] GC(16)   Pre Evacuate Collection Set: 0.0ms
[2025-04-06T01:07:12.860+0000][1601.768s] GC(16)   Evacuate Collection Set: 194.7ms
[2025-04-06T01:07:12.860+0000][1601.768s] GC(16)   Post Evacuate Collection Set: 1.1ms
[2025-04-06T01:07:12.860+0000][1601.768s] GC(16)   Other: 0.3ms
[2025-04-06T01:07:12.862+0000][1601.768s] GC(16) Eden regions: 23->0(22)
[2025-04-06T01:07:12.862+0000][1601.768s] GC(16) Survivor regions: 2->3(4)
[2025-04-06T01:07:12.862+0000][1601.768s] GC(16) Old regions: 63->63
[2025-04-06T01:07:12.862+0000][1601.768s] GC(16) Humongous regions: 4->4
[2025-04-06T01:07:12.862+0000][1601.768s] GC(16) Metaspace: 60558K->60558K(1103872K)
[2025-04-06T01:07:12.862+0000][1601.768s] GC(16) Pause Young (Normal) (G1 Evacuation Pause) 91M->69M(512M) 196.759ms
[2025-04-06T01:07:12.862+0000][1601.768s] GC(16) User=0.23s Sys=0.00s Real=0.21s
[2025-04-06T01:07:12.951+0000][1601.858s] GC(17) Pause Young (Normal) (G1 Evacuation Pause)
[2025-04-06T01:07:12.951+0000][1601.858s] GC(17) Using 8 workers of 8 for evacuation
[2025-04-06T01:07:12.978+0000][1601.891s] GC(17)   Pre Evacuate Collection Set: 0.0ms
[2025-04-06T01:07:12.978+0000][1601.891s] GC(17)   Evacuate Collection Set: 32.2ms
[2025-04-06T01:07:12.978+0000][1601.891s] GC(17)   Post Evacuate Collection Set: 0.8ms
[2025-04-06T01:07:12.978+0000][1601.891s] GC(17)   Other: 0.4ms
[2025-04-06T01:07:12.985+0000][1601.892s] GC(17) Eden regions: 22->0(22)
[2025-04-06T01:07:12.985+0000][1601.892s] GC(17) Survivor regions: 3->3(4)
[2025-04-06T01:07:12.985+0000][1601.892s] GC(17) Old regions: 63->64
[2025-04-06T01:07:12.985+0000][1601.892s] GC(17) Humongous regions: 4->4
[2025-04-06T01:07:12.986+0000][1601.892s] GC(17) Metaspace: 60558K->60558K(1103872K)
[2025-04-06T01:07:12.986+0000][1601.892s] GC(17) Pause Young (Normal) (G1 Evacuation Pause) 91M->69M(512M) 34.584ms
[2025-04-06T01:07:12.986+0000][1601.892s] GC(17) User=0.00s Sys=0.02s Real=0.04s
[2025-04-06T01:07:13.073+0000][1601.985s] GC(18) Pause Young (Normal) (G1 Evacuation Pause)
[2025-04-06T01:07:13.073+0000][1601.985s] GC(18) Using 8 workers of 8 for evacuation
[2025-04-06T01:07:13.263+0000][1602.169s] GC(18)   Pre Evacuate Collection Set: 0.0ms
[2025-04-06T01:07:13.263+0000][1602.169s] GC(18)   Evacuate Collection Set: 182.5ms
[2025-04-06T01:07:13.263+0000][1602.169s] GC(18)   Post Evacuate Collection Set: 0.8ms
[2025-04-06T01:07:13.263+0000][1602.169s] GC(18)   Other: 0.5ms
[2025-04-06T01:07:13.263+0000][1602.169s] GC(18) Eden regions: 22->0(23)
[2025-04-06T01:07:13.263+0000][1602.169s] GC(18) Survivor regions: 3->2(4)
[2025-04-06T01:07:13.263+0000][1602.170s] GC(18) Old regions: 64->65
[2025-04-06T01:07:13.263+0000][1602.170s] GC(18) Humongous regions: 4->4
[2025-04-06T01:07:13.263+0000][1602.170s] GC(18) Metaspace: 60578K->60578K(1103872K)
[2025-04-06T01:07:13.263+0000][1602.170s] GC(18) Pause Young (Normal) (G1 Evacuation Pause) 91M->69M(512M) 184.557ms
[2025-04-06T01:07:13.263+0000][1602.170s] GC(18) User=0.02s Sys=0.02s Real=0.19s
[2025-04-06T01:07:13.317+0000][1602.227s] GC(19) Pause Young (Normal) (G1 Evacuation Pause)
[2025-04-06T01:07:13.317+0000][1602.227s] GC(19) Using 8 workers of 8 for evacuation
[2025-04-06T01:07:13.321+0000][1602.230s] GC(19)   Pre Evacuate Collection Set: 0.0ms
[2025-04-06T01:07:13.321+0000][1602.230s] GC(19)   Evacuate Collection Set: 2.4ms
[2025-04-06T01:07:13.321+0000][1602.231s] GC(19)   Post Evacuate Collection Set: 0.6ms
[2025-04-06T01:07:13.321+0000][1602.231s] GC(19)   Other: 0.5ms
[2025-04-06T01:07:13.321+0000][1602.231s] GC(19) Eden regions: 23->0(25)
[2025-04-06T01:07:13.321+0000][1602.231s] GC(19) Survivor regions: 2->2(4)
[2025-04-06T01:07:13.321+0000][1602.231s] GC(19) Old regions: 65->65
[2025-04-06T01:07:13.325+0000][1602.231s] GC(19) Humongous regions: 4->4
[2025-04-06T01:07:13.325+0000][1602.231s] GC(19) Metaspace: 60590K->60590K(1103872K)
[2025-04-06T01:07:13.325+0000][1602.231s] GC(19) Pause Young (Normal) (G1 Evacuation Pause) 92M->69M(512M) 4.462ms
[2025-04-06T01:07:13.325+0000][1602.231s] GC(19) User=0.00s Sys=0.00s Real=0.01s
[2025-04-06T01:07:13.411+0000][1602.324s] GC(20) Pause Young (Normal) (G1 Evacuation Pause)
[2025-04-06T01:07:13.411+0000][1602.324s] GC(20) Using 8 workers of 8 for evacuation
[2025-04-06T01:07:13.490+0000][1602.397s] GC(20)   Pre Evacuate Collection Set: 0.0ms
[2025-04-06T01:07:13.490+0000][1602.397s] GC(20)   Evacuate Collection Set: 72.2ms
[2025-04-06T01:07:13.490+0000][1602.397s] GC(20)   Post Evacuate Collection Set: 0.3ms
[2025-04-06T01:07:13.490+0000][1602.397s] GC(20)   Other: 0.3ms
[2025-04-06T01:07:13.490+0000][1602.397s] GC(20) Eden regions: 25->0(29)
[2025-04-06T01:07:13.490+0000][1602.397s] GC(20) Survivor regions: 2->2(4)
[2025-04-06T01:07:13.491+0000][1602.397s] GC(20) Old regions: 65->65
[2025-04-06T01:07:13.491+0000][1602.397s] GC(20) Humongous regions: 4->4
[2025-04-06T01:07:13.491+0000][1602.397s] GC(20) Metaspace: 60590K->60590K(1103872K)
[2025-04-06T01:07:13.491+0000][1602.397s] GC(20) Pause Young (Normal) (G1 Evacuation Pause) 94M->69M(512M) 73.124ms
[2025-04-06T01:07:13.491+0000][1602.397s] GC(20) User=0.09s Sys=0.00s Real=0.08s
[2025-04-06T01:07:13.631+0000][1602.543s] GC(21) Pause Young (Normal) (G1 Evacuation Pause)
[2025-04-06T01:07:13.631+0000][1602.543s] GC(21) Using 8 workers of 8 for evacuation
[2025-04-06T01:07:13.682+0000][1602.600s] GC(21)   Pre Evacuate Collection Set: 0.0ms
[2025-04-06T01:07:13.694+0000][1602.600s] GC(21)   Evacuate Collection Set: 56.3ms
[2025-04-06T01:07:13.694+0000][1602.600s] GC(21)   Post Evacuate Collection Set: 0.9ms
[2025-04-06T01:07:13.694+0000][1602.601s] GC(21)   Other: 0.2ms
[2025-04-06T01:07:13.694+0000][1602.601s] GC(21) Eden regions: 29->0(33)
[2025-04-06T01:07:13.694+0000][1602.601s] GC(21) Survivor regions: 2->2(4)
[2025-04-06T01:07:13.694+0000][1602.601s] GC(21) Old regions: 65->65
[2025-04-06T01:07:13.694+0000][1602.601s] GC(21) Humongous regions: 5->5
[2025-04-06T01:07:13.694+0000][1602.601s] GC(21) Metaspace: 60591K->60591K(1103872K)
[2025-04-06T01:07:13.694+0000][1602.601s] GC(21) Pause Young (Normal) (G1 Evacuation Pause) 99M->70M(512M) 58.249ms
[2025-04-06T01:07:13.694+0000][1602.601s] GC(21) User=0.02s Sys=0.05s Real=0.06s
[2025-04-06T01:07:16.618+0000][1605.527s] GC(22) Pause Young (Normal) (G1 Evacuation Pause)
[2025-04-06T01:07:16.618+0000][1605.527s] GC(22) Using 8 workers of 8 for evacuation
[2025-04-06T01:07:16.819+0000][1605.725s] GC(22)   Pre Evacuate Collection Set: 0.0ms
[2025-04-06T01:07:16.819+0000][1605.725s] GC(22)   Evacuate Collection Set: 196.3ms
[2025-04-06T01:07:16.819+0000][1605.725s] GC(22)   Post Evacuate Collection Set: 1.2ms
[2025-04-06T01:07:16.819+0000][1605.725s] GC(22)   Other: 0.4ms
[2025-04-06T01:07:16.819+0000][1605.725s] GC(22) Eden regions: 33->0(29)
[2025-04-06T01:07:16.819+0000][1605.725s] GC(22) Survivor regions: 2->4(5)
[2025-04-06T01:07:16.819+0000][1605.725s] GC(22) Old regions: 65->65
[2025-04-06T01:07:16.819+0000][1605.726s] GC(22) Humongous regions: 5->5
[2025-04-06T01:07:16.819+0000][1605.726s] GC(22) Metaspace: 61605K->61605K(1105920K)
[2025-04-06T01:07:16.819+0000][1605.726s] GC(22) Pause Young (Normal) (G1 Evacuation Pause) 103M->72M(512M) 198.599ms
[2025-04-06T01:07:16.819+0000][1605.726s] GC(22) User=0.03s Sys=0.00s Real=0.20s
[2025-04-06T01:07:18.446+0000][1607.366s] GC(23) Pause Young (Normal) (G1 Evacuation Pause)
[2025-04-06T01:07:18.446+0000][1607.366s] GC(23) Using 8 workers of 8 for evacuation
[2025-04-06T01:07:18.461+0000][1607.374s] GC(23)   Pre Evacuate Collection Set: 0.0ms
[2025-04-06T01:07:18.461+0000][1607.374s] GC(23)   Evacuate Collection Set: 6.9ms
[2025-04-06T01:07:18.461+0000][1607.374s] GC(23)   Post Evacuate Collection Set: 0.9ms
[2025-04-06T01:07:18.461+0000][1607.374s] GC(23)   Other: 0.3ms
[2025-04-06T01:07:18.461+0000][1607.374s] GC(23) Eden regions: 29->0(37)
[2025-04-06T01:07:18.461+0000][1607.374s] GC(23) Survivor regions: 4->2(5)
[2025-04-06T01:07:18.461+0000][1607.374s] GC(23) Old regions: 65->68
[2025-04-06T01:07:18.461+0000][1607.374s] GC(23) Humongous regions: 5->5
[2025-04-06T01:07:18.461+0000][1607.374s] GC(23) Metaspace: 62983K->62983K(1105920K)
[2025-04-06T01:07:18.461+0000][1607.374s] GC(23) Pause Young (Normal) (G1 Evacuation Pause) 101M->73M(512M) 8.611ms
[2025-04-06T01:07:18.461+0000][1607.374s] GC(23) User=0.02s Sys=0.00s Real=0.01s
[2025-04-06T01:07:18.587+0000][1607.509s] GC(24) Pause Young (Normal) (G1 Evacuation Pause)
[2025-04-06T01:07:18.587+0000][1607.509s] GC(24) Using 8 workers of 8 for evacuation
[2025-04-06T01:07:18.673+0000][1607.588s] GC(24)   Pre Evacuate Collection Set: 0.0ms
[2025-04-06T01:07:18.673+0000][1607.588s] GC(24)   Evacuate Collection Set: 78.4ms
[2025-04-06T01:07:18.673+0000][1607.588s] GC(24)   Post Evacuate Collection Set: 0.7ms
[2025-04-06T01:07:18.673+0000][1607.588s] GC(24)   Other: 0.2ms
[2025-04-06T01:07:18.673+0000][1607.588s] GC(24) Eden regions: 37->0(49)
[2025-04-06T01:07:18.673+0000][1607.588s] GC(24) Survivor regions: 2->2(5)
[2025-04-06T01:07:18.673+0000][1607.588s] GC(24) Old regions: 68->68
[2025-04-06T01:07:18.673+0000][1607.588s] GC(24) Humongous regions: 5->5
[2025-04-06T01:07:18.673+0000][1607.588s] GC(24) Metaspace: 62987K->62987K(1105920K)
[2025-04-06T01:07:18.673+0000][1607.588s] GC(24) Pause Young (Normal) (G1 Evacuation Pause) 110M->74M(512M) 79.761ms
[2025-04-06T01:07:18.682+0000][1607.589s] GC(24) User=0.03s Sys=0.00s Real=0.10s
[2025-04-06T01:07:19.392+0000][1608.307s] GC(25) Pause Young (Normal) (G1 Evacuation Pause)
[2025-04-06T01:07:19.392+0000][1608.307s] GC(25) Using 8 workers of 8 for evacuation
[2025-04-06T01:07:19.487+0000][1608.404s] GC(25)   Pre Evacuate Collection Set: 0.0ms
[2025-04-06T01:07:19.487+0000][1608.404s] GC(25)   Evacuate Collection Set: 95.2ms
[2025-04-06T01:07:19.487+0000][1608.404s] GC(25)   Post Evacuate Collection Set: 1.1ms
[2025-04-06T01:07:19.487+0000][1608.404s] GC(25)   Other: 0.4ms
[2025-04-06T01:07:19.487+0000][1608.404s] GC(25) Eden regions: 49->0(49)
[2025-04-06T01:07:19.498+0000][1608.404s] GC(25) Survivor regions: 2->2(7)
[2025-04-06T01:07:19.498+0000][1608.404s] GC(25) Old regions: 68->68
[2025-04-06T01:07:19.498+0000][1608.404s] GC(25) Humongous regions: 5->5
[2025-04-06T01:07:19.498+0000][1608.404s] GC(25) Metaspace: 62992K->62992K(1105920K)
[2025-04-06T01:07:19.498+0000][1608.404s] GC(25) Pause Young (Normal) (G1 Evacuation Pause) 123M->74M(512M) 97.410ms
[2025-04-06T01:07:19.498+0000][1608.405s] GC(25) User=0.05s Sys=0.02s Real=0.11s
[2025-04-06T01:07:19.627+0000][1608.533s] GC(26) Pause Young (Normal) (G1 Evacuation Pause)
[2025-04-06T01:07:19.627+0000][1608.533s] GC(26) Using 8 workers of 8 for evacuation
[2025-04-06T01:07:19.641+0000][1608.548s] GC(26)   Pre Evacuate Collection Set: 0.0ms
[2025-04-06T01:07:19.641+0000][1608.548s] GC(26)   Evacuate Collection Set: 14.5ms
[2025-04-06T01:07:19.641+0000][1608.548s] GC(26)   Post Evacuate Collection Set: 0.5ms
[2025-04-06T01:07:19.641+0000][1608.548s] GC(26)   Other: 0.2ms
[2025-04-06T01:07:19.641+0000][1608.548s] GC(26) Eden regions: 49->0(54)
[2025-04-06T01:07:19.642+0000][1608.549s] GC(26) Survivor regions: 2->3(7)
[2025-04-06T01:07:19.642+0000][1608.549s] GC(26) Old regions: 68->68
[2025-04-06T01:07:19.642+0000][1608.549s] GC(26) Humongous regions: 5->5
[2025-04-06T01:07:19.642+0000][1608.549s] GC(26) Metaspace: 63008K->63008K(1105920K)
[2025-04-06T01:07:19.642+0000][1608.549s] GC(26) Pause Young (Normal) (G1 Evacuation Pause) 123M->74M(512M) 15.569ms
[2025-04-06T01:07:19.642+0000][1608.549s] GC(26) User=0.02s Sys=0.00s Real=0.01s
[2025-04-06T01:07:29.856+0000][1618.776s] GC(27) Pause Young (Normal) (G1 Evacuation Pause)
[2025-04-06T01:07:29.856+0000][1618.776s] GC(27) Using 8 workers of 8 for evacuation
[2025-04-06T01:07:30.108+0000][1619.015s] GC(27)   Pre Evacuate Collection Set: 0.0ms
[2025-04-06T01:07:30.108+0000][1619.015s] GC(27)   Evacuate Collection Set: 238.4ms
[2025-04-06T01:07:30.108+0000][1619.015s] GC(27)   Post Evacuate Collection Set: 0.6ms
[2025-04-06T01:07:30.108+0000][1619.015s] GC(27)   Other: 0.2ms
[2025-04-06T01:07:30.108+0000][1619.015s] GC(27) Eden regions: 54->0(52)
[2025-04-06T01:07:30.108+0000][1619.015s] GC(27) Survivor regions: 3->3(8)
[2025-04-06T01:07:30.108+0000][1619.015s] GC(27) Old regions: 68->68
[2025-04-06T01:07:30.108+0000][1619.015s] GC(27) Humongous regions: 5->5
[2025-04-06T01:07:30.108+0000][1619.015s] GC(27) Metaspace: 63569K->63569K(1107968K)
[2025-04-06T01:07:30.108+0000][1619.015s] GC(27) Pause Young (Normal) (G1 Evacuation Pause) 128M->74M(512M) 239.411ms
[2025-04-06T01:07:30.108+0000][1619.015s] GC(27) User=0.16s Sys=0.00s Real=0.25s
[2025-04-06T01:07:32.524+0000][1621.435s] GC(28) Pause Young (Normal) (G1 Evacuation Pause)
[2025-04-06T01:07:32.524+0000][1621.435s] GC(28) Using 8 workers of 8 for evacuation
[2025-04-06T01:07:32.754+0000][1621.673s] GC(28)   Pre Evacuate Collection Set: 27.7ms
[2025-04-06T01:07:32.754+0000][1621.673s] GC(28)   Evacuate Collection Set: 209.9ms
[2025-04-06T01:07:32.754+0000][1621.673s] GC(28)   Post Evacuate Collection Set: 0.9ms
[2025-04-06T01:07:32.754+0000][1621.673s] GC(28)   Other: 0.4ms
[2025-04-06T01:07:32.754+0000][1621.674s] GC(28) Eden regions: 52->0(39)
[2025-04-06T01:07:32.754+0000][1621.674s] GC(28) Survivor regions: 3->7(7)
[2025-04-06T01:07:32.754+0000][1621.674s] GC(28) Old regions: 68->78
[2025-04-06T01:07:32.754+0000][1621.674s] GC(28) Humongous regions: 35->35
[2025-04-06T01:07:32.754+0000][1621.674s] GC(28) Metaspace: 64924K->64924K(1107968K)
[2025-04-06T01:07:32.754+0000][1621.674s] GC(28) Pause Young (Normal) (G1 Evacuation Pause) 156M->119M(512M) 239.197ms
[2025-04-06T01:07:32.754+0000][1621.674s] GC(28) User=0.03s Sys=0.02s Real=0.23s
[2025-04-06T01:07:33.195+0000][1622.110s] GC(29) Pause Young (Normal) (G1 Evacuation Pause)
[2025-04-06T01:07:33.195+0000][1622.111s] GC(29) Using 8 workers of 8 for evacuation
[2025-04-06T01:07:33.205+0000][1622.116s] GC(29)   Pre Evacuate Collection Set: 0.0ms
[2025-04-06T01:07:33.205+0000][1622.116s] GC(29)   Evacuate Collection Set: 5.2ms
[2025-04-06T01:07:33.205+0000][1622.116s] GC(29)   Post Evacuate Collection Set: 0.3ms
[2025-04-06T01:07:33.205+0000][1622.116s] GC(29)   Other: 0.2ms
[2025-04-06T01:07:33.205+0000][1622.116s] GC(29) Eden regions: 39->0(42)
[2025-04-06T01:07:33.205+0000][1622.116s] GC(29) Survivor regions: 7->3(6)
[2025-04-06T01:07:33.205+0000][1622.116s] GC(29) Old regions: 78->85
[2025-04-06T01:07:33.205+0000][1622.116s] GC(29) Humongous regions: 35->35
[2025-04-06T01:07:33.205+0000][1622.116s] GC(29) Metaspace: 65257K->65257K(1107968K)
[2025-04-06T01:07:33.205+0000][1622.116s] GC(29) Pause Young (Normal) (G1 Evacuation Pause) 158M->122M(512M) 5.824ms
[2025-04-06T01:07:33.205+0000][1622.116s] GC(29) User=0.05s Sys=0.03s Real=0.01s
[2025-04-06T01:08:23.106+0000][1672.024s] GC(30) Pause Young (Normal) (G1 Evacuation Pause)
[2025-04-06T01:08:23.106+0000][1672.024s] GC(30) Using 8 workers of 8 for evacuation
[2025-04-06T01:08:23.387+0000][1672.294s] GC(30) MMU target violated: 251.0ms (250.0ms/251.0ms)
[2025-04-06T01:08:23.387+0000][1672.294s] GC(30)   Pre Evacuate Collection Set: 0.1ms
[2025-04-06T01:08:23.387+0000][1672.294s] GC(30)   Evacuate Collection Set: 269.7ms
[2025-04-06T01:08:23.387+0000][1672.294s] GC(30)   Post Evacuate Collection Set: 0.3ms
[2025-04-06T01:08:23.387+0000][1672.294s] GC(30)   Other: 0.3ms
[2025-04-06T01:08:23.387+0000][1672.294s] GC(30) Eden regions: 42->0(45)
[2025-04-06T01:08:23.387+0000][1672.294s] GC(30) Survivor regions: 3->5(6)
[2025-04-06T01:08:23.387+0000][1672.294s] GC(30) Old regions: 85->85
[2025-04-06T01:08:23.387+0000][1672.294s] GC(30) Humongous regions: 35->35
[2025-04-06T01:08:23.387+0000][1672.294s] GC(30) Metaspace: 65452K->65452K(1107968K)
[2025-04-06T01:08:23.387+0000][1672.294s] GC(30) Pause Young (Normal) (G1 Evacuation Pause) 164M->123M(512M) 270.438ms
[2025-04-06T01:08:23.387+0000][1672.294s] GC(30) User=0.36s Sys=0.08s Real=0.28s
[2025-04-06T01:08:24.513+0000][1673.422s] GC(31) Pause Young (Normal) (G1 Evacuation Pause)
[2025-04-06T01:08:24.513+0000][1673.423s] GC(31) Using 8 workers of 8 for evacuation
[2025-04-06T01:08:24.513+0000][1673.428s] GC(31)   Pre Evacuate Collection Set: 0.0ms
[2025-04-06T01:08:24.513+0000][1673.428s] GC(31)   Evacuate Collection Set: 4.2ms
[2025-04-06T01:08:24.513+0000][1673.428s] GC(31)   Post Evacuate Collection Set: 0.8ms
[2025-04-06T01:08:24.513+0000][1673.428s] GC(31)   Other: 0.3ms
[2025-04-06T01:08:24.513+0000][1673.428s] GC(31) Eden regions: 45->0(53)
[2025-04-06T01:08:24.522+0000][1673.428s] GC(31) Survivor regions: 5->6(7)
[2025-04-06T01:08:24.522+0000][1673.428s] GC(31) Old regions: 85->86
[2025-04-06T01:08:24.522+0000][1673.428s] GC(31) Humongous regions: 35->35
[2025-04-06T01:08:24.522+0000][1673.428s] GC(31) Metaspace: 65653K->65653K(1110016K)
[2025-04-06T01:08:24.522+0000][1673.428s] GC(31) Pause Young (Normal) (G1 Evacuation Pause) 168M->126M(512M) 5.907ms
[2025-04-06T01:08:24.522+0000][1673.429s] GC(31) User=0.02s Sys=0.00s Real=0.01s
[2025-04-06T01:08:29.308+0000][1678.225s] GC(32) Pause Young (Normal) (G1 Evacuation Pause)
[2025-04-06T01:08:29.308+0000][1678.225s] GC(32) Using 8 workers of 8 for evacuation
[2025-04-06T01:08:29.702+0000][1678.609s] GC(32) MMU target violated: 251.0ms (250.0ms/251.0ms)
[2025-04-06T01:08:29.702+0000][1678.609s] GC(32)   Pre Evacuate Collection Set: 0.0ms
[2025-04-06T01:08:29.702+0000][1678.609s] GC(32)   Evacuate Collection Set: 382.4ms
[2025-04-06T01:08:29.702+0000][1678.609s] GC(32)   Post Evacuate Collection Set: 0.6ms
[2025-04-06T01:08:29.703+0000][1678.609s] GC(32)   Other: 0.5ms
[2025-04-06T01:08:29.703+0000][1678.609s] GC(32) Eden regions: 53->0(46)
[2025-04-06T01:08:29.703+0000][1678.609s] GC(32) Survivor regions: 6->5(8)
[2025-04-06T01:08:29.703+0000][1678.609s] GC(32) Old regions: 86->88
[2025-04-06T01:08:29.703+0000][1678.609s] GC(32) Humongous regions: 35->35
[2025-04-06T01:08:29.703+0000][1678.609s] GC(32) Metaspace: 66846K->66846K(1110016K)
[2025-04-06T01:08:29.703+0000][1678.609s] GC(32) Pause Young (Normal) (G1 Evacuation Pause) 179M->126M(512M) 384.139ms
[2025-04-06T01:08:29.703+0000][1678.610s] GC(32) User=0.84s Sys=0.03s Real=0.39s
[2025-04-06T01:08:29.890+0000][1678.798s] GC(33) Pause Young (Normal) (G1 Evacuation Pause)
[2025-04-06T01:08:29.890+0000][1678.798s] GC(33) Using 8 workers of 8 for evacuation
[2025-04-06T01:08:29.892+0000][1678.799s] GC(33)   Pre Evacuate Collection Set: 0.0ms
[2025-04-06T01:08:29.892+0000][1678.799s] GC(33)   Evacuate Collection Set: 1.4ms
[2025-04-06T01:08:29.892+0000][1678.799s] GC(33)   Post Evacuate Collection Set: 0.2ms
[2025-04-06T01:08:29.892+0000][1678.799s] GC(33)   Other: 0.1ms
[2025-04-06T01:08:29.892+0000][1678.799s] GC(33) Eden regions: 46->0(64)
[2025-04-06T01:08:29.892+0000][1678.799s] GC(33) Survivor regions: 5->1(7)
[2025-04-06T01:08:29.892+0000][1678.799s] GC(33) Old regions: 88->91
[2025-04-06T01:08:29.892+0000][1678.799s] GC(33) Humongous regions: 35->35
[2025-04-06T01:08:29.892+0000][1678.800s] GC(33) Metaspace: 66915K->66915K(1110016K)
[2025-04-06T01:08:29.892+0000][1678.800s] GC(33) Pause Young (Normal) (G1 Evacuation Pause) 172M->126M(512M) 1.917ms
[2025-04-06T01:08:29.892+0000][1678.800s] GC(33) User=0.00s Sys=0.00s Real=0.00s
[2025-04-06T01:08:40.567+0000][1689.474s] GC(34) Pause Young (Normal) (G1 Evacuation Pause)
[2025-04-06T01:08:40.567+0000][1689.474s] GC(34) Using 8 workers of 8 for evacuation
[2025-04-06T01:08:41.913+0000][1690.820s] GC(34) MMU target violated: 251.0ms (250.0ms/251.0ms)
[2025-04-06T01:08:41.913+0000][1690.820s] GC(34)   Pre Evacuate Collection Set: 0.0ms
[2025-04-06T01:08:41.913+0000][1690.820s] GC(34)   Evacuate Collection Set: 1345.1ms
[2025-04-06T01:08:41.913+0000][1690.820s] GC(34)   Post Evacuate Collection Set: 0.6ms
[2025-04-06T01:08:41.913+0000][1690.820s] GC(34)   Other: 0.3ms
[2025-04-06T01:08:41.913+0000][1690.820s] GC(34) Eden regions: 64->0(23)
[2025-04-06T01:08:41.913+0000][1690.820s] GC(34) Survivor regions: 1->2(9)
[2025-04-06T01:08:41.913+0000][1690.820s] GC(34) Old regions: 91->91
[2025-04-06T01:08:41.913+0000][1690.820s] GC(34) Humongous regions: 35->35
[2025-04-06T01:08:41.913+0000][1690.820s] GC(34) Metaspace: 67320K->67320K(1110016K)
[2025-04-06T01:08:41.913+0000][1690.820s] GC(34) Pause Young (Normal) (G1 Evacuation Pause) 190M->127M(512M) 1346.326ms
[2025-04-06T01:08:41.913+0000][1690.820s] GC(34) User=1.28s Sys=0.03s Real=1.35s
[2025-04-06T01:22:35.571+0000][2524.488s] GC(35) Pause Young (Normal) (G1 Evacuation Pause)
[2025-04-06T01:22:35.571+0000][2524.488s] GC(35) Using 8 workers of 8 for evacuation
[2025-04-06T01:22:39.236+0000][2528.155s] GC(35) MMU target violated: 251.0ms (250.0ms/251.0ms)
[2025-04-06T01:22:39.236+0000][2528.155s] GC(35)   Pre Evacuate Collection Set: 182.7ms
[2025-04-06T01:22:39.236+0000][2528.155s] GC(35)   Evacuate Collection Set: 3255.0ms
[2025-04-06T01:22:39.236+0000][2528.155s] GC(35)   Post Evacuate Collection Set: 106.5ms
[2025-04-06T01:22:39.236+0000][2528.155s] GC(35)   Other: 132.5ms
[2025-04-06T01:22:39.236+0000][2528.155s] GC(35) Eden regions: 23->0(22)
[2025-04-06T01:22:39.236+0000][2528.155s] GC(35) Survivor regions: 2->3(4)
[2025-04-06T01:22:39.236+0000][2528.155s] GC(35) Old regions: 91->91
[2025-04-06T01:22:39.236+0000][2528.155s] GC(35) Humongous regions: 35->35
[2025-04-06T01:22:39.236+0000][2528.155s] GC(35) Metaspace: 67382K->67382K(1110016K)
[2025-04-06T01:22:39.256+0000][2528.168s] GC(35) Pause Young (Normal) (G1 Evacuation Pause) 150M->128M(512M) 3667.372ms
[2025-04-06T01:22:39.256+0000][2528.168s] GC(35) User=0.56s Sys=0.00s Real=3.68s
[2025-04-06T01:41:00.392+0000][3629.603s] GC(36) Pause Young (Normal) (G1 Evacuation Pause)
[2025-04-06T01:41:00.674+0000][3629.603s] GC(36) Using 8 workers of 8 for evacuation
[2025-04-06T01:41:07.908+0000][3636.833s] GC(36) MMU target violated: 251.0ms (250.0ms/251.0ms)
[2025-04-06T01:41:07.908+0000][3636.833s] GC(36)   Pre Evacuate Collection Set: 819.2ms
[2025-04-06T01:41:07.908+0000][3636.833s] GC(36)   Evacuate Collection Set: 5337.8ms
[2025-04-06T01:41:07.908+0000][3636.833s] GC(36)   Post Evacuate Collection Set: 727.5ms
[2025-04-06T01:41:07.908+0000][3636.833s] GC(36)   Other: 635.0ms
[2025-04-06T01:41:07.908+0000][3636.833s] GC(36) Eden regions: 22->0(23)
[2025-04-06T01:41:07.908+0000][3636.833s] GC(36) Survivor regions: 3->2(4)
[2025-04-06T01:41:07.908+0000][3636.833s] GC(36) Old regions: 91->93
[2025-04-06T01:41:07.908+0000][3636.833s] GC(36) Humongous regions: 35->35
[2025-04-06T01:41:07.908+0000][3636.833s] GC(36) Metaspace: 67427K->67427K(1110016K)
[2025-04-06T01:41:07.908+0000][3636.834s] GC(36) Pause Young (Normal) (G1 Evacuation Pause) 150M->128M(512M) 7519.985ms
[2025-04-06T01:41:07.908+0000][3636.834s] GC(36) User=6.81s Sys=0.25s Real=7.52s
[2025-04-06T01:59:17.982+0000][4726.902s] GC(37) Pause Young (Normal) (G1 Evacuation Pause)
[2025-04-06T01:59:17.982+0000][4726.910s] GC(37) Using 8 workers of 8 for evacuation
[2025-04-06T01:59:20.969+0000][4729.889s] GC(37) MMU target violated: 251.0ms (250.0ms/251.0ms)
[2025-04-06T01:59:20.969+0000][4729.889s] GC(37)   Pre Evacuate Collection Set: 385.7ms
[2025-04-06T01:59:20.969+0000][4729.889s] GC(37)   Evacuate Collection Set: 2401.4ms
[2025-04-06T01:59:20.969+0000][4729.889s] GC(37)   Post Evacuate Collection Set: 140.6ms
[2025-04-06T01:59:20.969+0000][4729.889s] GC(37)   Other: 144.7ms
[2025-04-06T01:59:20.969+0000][4729.889s] GC(37) Eden regions: 23->0(23)
[2025-04-06T01:59:20.969+0000][4729.889s] GC(37) Survivor regions: 2->2(4)
[2025-04-06T01:59:20.969+0000][4729.889s] GC(37) Old regions: 93->93
[2025-04-06T01:59:20.969+0000][4729.889s] GC(37) Humongous regions: 35->35
[2025-04-06T01:59:20.969+0000][4729.889s] GC(37) Metaspace: 67503K->67503K(1110016K)
[2025-04-06T01:59:20.985+0000][4729.900s] GC(37) Pause Young (Normal) (G1 Evacuation Pause) 151M->128M(512M) 2987.331ms
[2025-04-06T01:59:20.985+0000][4729.900s] GC(37) User=1.50s Sys=0.06s Real=3.00s
[2025-04-06T03:00:06.941+0100][4775.867s] GC(38) Pause Young (Normal) (G1 Evacuation Pause)
[2025-04-06T03:00:06.941+0100][4775.867s] GC(38) Using 8 workers of 8 for evacuation
[2025-04-06T03:00:07.713+0100][4776.629s] GC(38) MMU target violated: 251.0ms (250.0ms/251.0ms)
[2025-04-06T03:00:07.713+0100][4776.629s] GC(38)   Pre Evacuate Collection Set: 0.0ms
[2025-04-06T03:00:07.713+0100][4776.629s] GC(38)   Evacuate Collection Set: 760.9ms
[2025-04-06T03:00:07.713+0100][4776.629s] GC(38)   Post Evacuate Collection Set: 0.7ms
[2025-04-06T03:00:07.714+0100][4776.629s] GC(38)   Other: 0.5ms
[2025-04-06T03:00:07.714+0100][4776.629s] GC(38) Eden regions: 23->0(22)
[2025-04-06T03:00:07.714+0100][4776.629s] GC(38) Survivor regions: 2->3(4)
[2025-04-06T03:00:07.714+0100][4776.629s] GC(38) Old regions: 93->93
[2025-04-06T03:00:07.714+0100][4776.629s] GC(38) Humongous regions: 35->35
[2025-04-06T03:00:07.714+0100][4776.629s] GC(38) Metaspace: 67749K->67749K(1110016K)
[2025-04-06T03:00:07.958+0100][4776.875s] GC(38) Pause Young (Normal) (G1 Evacuation Pause) 151M->129M(512M) 1008.644ms
[2025-04-06T03:00:07.958+0100][4776.876s] GC(38) User=1.50s Sys=0.11s Real=1.02s
[2025-04-06T03:00:13.090+0100][4782.018s] GC(39) Pause Young (Normal) (G1 Evacuation Pause)
[2025-04-06T03:00:13.090+0100][4782.018s] GC(39) Using 8 workers of 8 for evacuation
[2025-04-06T03:00:13.231+0100][4782.147s] GC(39)   Pre Evacuate Collection Set: 0.0ms
[2025-04-06T03:00:13.231+0100][4782.147s] GC(39)   Evacuate Collection Set: 127.9ms
[2025-04-06T03:00:13.231+0100][4782.147s] GC(39)   Post Evacuate Collection Set: 0.7ms
[2025-04-06T03:00:13.231+0100][4782.147s] GC(39)   Other: 0.2ms
[2025-04-06T03:00:13.231+0100][4782.147s] GC(39) Eden regions: 22->0(23)
[2025-04-06T03:00:13.231+0100][4782.147s] GC(39) Survivor regions: 3->2(4)
[2025-04-06T03:00:13.231+0100][4782.147s] GC(39) Old regions: 93->94
[2025-04-06T03:00:13.231+0100][4782.147s] GC(39) Humongous regions: 35->35
[2025-04-06T03:00:13.231+0100][4782.147s] GC(39) Metaspace: 67753K->67753K(1110016K)
[2025-04-06T03:00:13.231+0100][4782.147s] GC(39) Pause Young (Normal) (G1 Evacuation Pause) 151M->130M(512M) 129.084ms
[2025-04-06T03:00:13.231+0100][4782.147s] GC(39) User=0.61s Sys=0.00s Real=0.14s
[2025-04-06T03:00:14.000+0100][4782.930s] GC(40) Pause Young (Normal) (G1 Evacuation Pause)
[2025-04-06T03:00:14.015+0100][4782.930s] GC(40) Using 8 workers of 8 for evacuation
[2025-04-06T03:00:14.094+0100][4783.010s] GC(40)   Pre Evacuate Collection Set: 0.1ms
[2025-04-06T03:00:14.094+0100][4783.010s] GC(40)   Evacuate Collection Set: 78.7ms
[2025-04-06T03:00:14.094+0100][4783.010s] GC(40)   Post Evacuate Collection Set: 0.7ms
[2025-04-06T03:00:14.094+0100][4783.010s] GC(40)   Other: 0.4ms
[2025-04-06T03:00:14.094+0100][4783.010s] GC(40) Eden regions: 23->0(23)
[2025-04-06T03:00:14.094+0100][4783.010s] GC(40) Survivor regions: 2->2(4)
[2025-04-06T03:00:14.094+0100][4783.010s] GC(40) Old regions: 94->94
[2025-04-06T03:00:14.094+0100][4783.010s] GC(40) Humongous regions: 35->35
[2025-04-06T03:00:14.094+0100][4783.010s] GC(40) Metaspace: 67753K->67753K(1110016K)
[2025-04-06T03:00:14.094+0100][4783.010s] GC(40) Pause Young (Normal) (G1 Evacuation Pause) 153M->130M(512M) 80.382ms
[2025-04-06T03:00:14.094+0100][4783.010s] GC(40) User=0.23s Sys=0.00s Real=0.09s
[2025-04-06T03:00:14.175+0100][4783.094s] GC(41) Pause Young (Normal) (G1 Evacuation Pause)
[2025-04-06T03:00:14.175+0100][4783.094s] GC(41) Using 8 workers of 8 for evacuation
[2025-04-06T03:00:14.180+0100][4783.098s] GC(41)   Pre Evacuate Collection Set: 0.1ms
[2025-04-06T03:00:14.180+0100][4783.098s] GC(41)   Evacuate Collection Set: 3.0ms
[2025-04-06T03:00:14.180+0100][4783.098s] GC(41)   Post Evacuate Collection Set: 0.5ms
[2025-04-06T03:00:14.180+0100][4783.098s] GC(41)   Other: 0.6ms
[2025-04-06T03:00:14.180+0100][4783.098s] GC(41) Eden regions: 23->0(23)
[2025-04-06T03:00:14.180+0100][4783.098s] GC(41) Survivor regions: 2->2(4)
[2025-04-06T03:00:14.184+0100][4783.098s] GC(41) Old regions: 94->94
[2025-04-06T03:00:14.184+0100][4783.099s] GC(41) Humongous regions: 35->35
[2025-04-06T03:00:14.184+0100][4783.099s] GC(41) Metaspace: 67753K->67753K(1110016K)
[2025-04-06T03:00:14.184+0100][4783.099s] GC(41) Pause Young (Normal) (G1 Evacuation Pause) 153M->130M(512M) 4.716ms
[2025-04-06T03:00:14.184+0100][4783.099s] GC(41) User=0.02s Sys=0.00s Real=0.01s
[2025-04-06T03:00:14.246+0100][4783.162s] GC(42) Pause Young (Normal) (G1 Evacuation Pause)
[2025-04-06T03:00:14.246+0100][4783.163s] GC(42) Using 8 workers of 8 for evacuation
[2025-04-06T03:00:14.266+0100][4783.182s] GC(42)   Pre Evacuate Collection Set: 0.0ms
[2025-04-06T03:00:14.266+0100][4783.182s] GC(42)   Evacuate Collection Set: 18.4ms
[2025-04-06T03:00:14.266+0100][4783.182s] GC(42)   Post Evacuate Collection Set: 0.5ms
[2025-04-06T03:00:14.266+0100][4783.182s] GC(42)   Other: 0.3ms
[2025-04-06T03:00:14.266+0100][4783.182s] GC(42) Eden regions: 23->0(23)
[2025-04-06T03:00:14.266+0100][4783.182s] GC(42) Survivor regions: 2->2(4)
[2025-04-06T03:00:14.266+0100][4783.182s] GC(42) Old regions: 94->94
[2025-04-06T03:00:14.266+0100][4783.182s] GC(42) Humongous regions: 35->35
[2025-04-06T03:00:14.266+0100][4783.182s] GC(42) Metaspace: 67753K->67753K(1110016K)
[2025-04-06T03:00:14.266+0100][4783.182s] GC(42) Pause Young (Normal) (G1 Evacuation Pause) 153M->130M(512M) 19.610ms
[2025-04-06T03:00:14.266+0100][4783.182s] GC(42) User=0.11s Sys=0.00s Real=0.02s
[2025-04-06T03:00:14.575+0100][4783.490s] GC(43) Pause Young (Normal) (G1 Evacuation Pause)
[2025-04-06T03:00:14.575+0100][4783.490s] GC(43) Using 8 workers of 8 for evacuation
[2025-04-06T03:00:14.577+0100][4783.493s] GC(43)   Pre Evacuate Collection Set: 0.0ms
[2025-04-06T03:00:14.577+0100][4783.493s] GC(43)   Evacuate Collection Set: 1.9ms
[2025-04-06T03:00:14.577+0100][4783.493s] GC(43)   Post Evacuate Collection Set: 0.5ms
[2025-04-06T03:00:14.577+0100][4783.493s] GC(43)   Other: 0.2ms
[2025-04-06T03:00:14.577+0100][4783.493s] GC(43) Eden regions: 23->0(23)
[2025-04-06T03:00:14.577+0100][4783.493s] GC(43) Survivor regions: 2->2(4)
[2025-04-06T03:00:14.577+0100][4783.493s] GC(43) Old regions: 94->94
[2025-04-06T03:00:14.578+0100][4783.493s] GC(43) Humongous regions: 35->35
[2025-04-06T03:00:14.578+0100][4783.493s] GC(43) Metaspace: 67754K->67754K(1110016K)
[2025-04-06T03:00:14.578+0100][4783.493s] GC(43) Pause Young (Normal) (G1 Evacuation Pause) 153M->130M(512M) 2.923ms
[2025-04-06T03:00:14.578+0100][4783.493s] GC(43) User=0.02s Sys=0.00s Real=0.00s
[2025-04-06T03:00:16.112+0100][4785.035s] GC(44) Pause Young (Normal) (G1 Evacuation Pause)
[2025-04-06T03:00:16.112+0100][4785.035s] GC(44) Using 8 workers of 8 for evacuation
[2025-04-06T03:00:16.159+0100][4785.075s] GC(44)   Pre Evacuate Collection Set: 0.0ms
[2025-04-06T03:00:16.159+0100][4785.075s] GC(44)   Evacuate Collection Set: 38.4ms
[2025-04-06T03:00:16.159+0100][4785.075s] GC(44)   Post Evacuate Collection Set: 0.6ms
[2025-04-06T03:00:16.159+0100][4785.075s] GC(44)   Other: 0.2ms
[2025-04-06T03:00:16.159+0100][4785.075s] GC(44) Eden regions: 23->0(22)
[2025-04-06T03:00:16.159+0100][4785.075s] GC(44) Survivor regions: 2->3(4)
[2025-04-06T03:00:16.159+0100][4785.075s] GC(44) Old regions: 94->94
[2025-04-06T03:00:16.160+0100][4785.075s] GC(44) Humongous regions: 35->35
[2025-04-06T03:00:16.160+0100][4785.075s] GC(44) Metaspace: 67760K->67760K(1110016K)
[2025-04-06T03:00:16.160+0100][4785.075s] GC(44) Pause Young (Normal) (G1 Evacuation Pause) 153M->130M(512M) 39.744ms
[2025-04-06T03:00:16.160+0100][4785.075s] GC(44) User=0.13s Sys=0.00s Real=0.05s
[2025-04-06T03:00:24.830+0100][4793.758s] GC(45) Pause Young (Normal) (G1 Evacuation Pause)
[2025-04-06T03:00:24.830+0100][4793.758s] GC(45) Using 8 workers of 8 for evacuation
[2025-04-06T03:00:25.096+0100][4794.012s] GC(45) MMU target violated: 251.0ms (250.0ms/251.0ms)
[2025-04-06T03:00:25.096+0100][4794.012s] GC(45)   Pre Evacuate Collection Set: 0.0ms
[2025-04-06T03:00:25.096+0100][4794.012s] GC(45)   Evacuate Collection Set: 252.9ms
[2025-04-06T03:00:25.096+0100][4794.012s] GC(45)   Post Evacuate Collection Set: 0.8ms
[2025-04-06T03:00:25.096+0100][4794.012s] GC(45)   Other: 0.4ms
[2025-04-06T03:00:25.096+0100][4794.012s] GC(45) Eden regions: 22->0(23)
[2025-04-06T03:00:25.096+0100][4794.012s] GC(45) Survivor regions: 3->2(4)
[2025-04-06T03:00:25.096+0100][4794.012s] GC(45) Old regions: 94->95
[2025-04-06T03:00:25.098+0100][4794.012s] GC(45) Humongous regions: 35->35
[2025-04-06T03:00:25.098+0100][4794.012s] GC(45) Metaspace: 67775K->67775K(1110016K)
[2025-04-06T03:00:25.098+0100][4794.013s] GC(45) Pause Young (Normal) (G1 Evacuation Pause) 152M->130M(512M) 254.650ms
[2025-04-06T03:00:25.098+0100][4794.013s] GC(45) User=0.78s Sys=0.06s Real=0.27s
[2025-04-06T03:00:34.593+0100][4803.513s] GC(46) Pause Young (Normal) (G1 Evacuation Pause)
[2025-04-06T03:00:34.593+0100][4803.514s] GC(46) Using 8 workers of 8 for evacuation
[2025-04-06T03:00:34.787+0100][4803.702s] GC(46)   Pre Evacuate Collection Set: 0.0ms
[2025-04-06T03:00:34.787+0100][4803.702s] GC(46)   Evacuate Collection Set: 187.6ms
[2025-04-06T03:00:34.787+0100][4803.702s] GC(46)   Post Evacuate Collection Set: 0.6ms
[2025-04-06T03:00:34.787+0100][4803.702s] GC(46)   Other: 0.3ms
[2025-04-06T03:00:34.787+0100][4803.702s] GC(46) Eden regions: 23->0(21)
[2025-04-06T03:00:34.787+0100][4803.702s] GC(46) Survivor regions: 2->4(4)
[2025-04-06T03:00:34.787+0100][4803.702s] GC(46) Old regions: 95->95
[2025-04-06T03:00:34.787+0100][4803.702s] GC(46) Humongous regions: 35->35
[2025-04-06T03:00:34.787+0100][4803.702s] GC(46) Metaspace: 67804K->67804K(1110016K)
[2025-04-06T03:00:34.787+0100][4803.702s] GC(46) Pause Young (Normal) (G1 Evacuation Pause) 153M->133M(512M) 188.920ms
[2025-04-06T03:00:34.787+0100][4803.702s] GC(46) User=0.27s Sys=0.05s Real=0.19s
[2025-04-06T03:00:48.241+0100][4817.165s] GC(47) Pause Young (Normal) (G1 Evacuation Pause)
[2025-04-06T03:00:48.241+0100][4817.165s] GC(47) Using 8 workers of 8 for evacuation
[2025-04-06T03:00:48.418+0100][4817.335s] GC(47)   Pre Evacuate Collection Set: 0.0ms
[2025-04-06T03:00:48.418+0100][4817.335s] GC(47)   Evacuate Collection Set: 169.2ms
[2025-04-06T03:00:48.418+0100][4817.335s] GC(47)   Post Evacuate Collection Set: 0.8ms
[2025-04-06T03:00:48.421+0100][4817.335s] GC(47)   Other: 0.2ms
[2025-04-06T03:00:48.421+0100][4817.335s] GC(47) Eden regions: 21->0(21)
[2025-04-06T03:00:48.421+0100][4817.335s] GC(47) Survivor regions: 4->4(4)
[2025-04-06T03:00:48.421+0100][4817.335s] GC(47) Old regions: 95->97
[2025-04-06T03:00:48.421+0100][4817.335s] GC(47) Humongous regions: 35->35
[2025-04-06T03:00:48.421+0100][4817.336s] GC(47) Metaspace: 67972K->67972K(1112064K)
[2025-04-06T03:00:48.421+0100][4817.336s] GC(47) Pause Young (Normal) (G1 Evacuation Pause) 154M->135M(512M) 170.797ms
[2025-04-06T03:00:48.421+0100][4817.336s] GC(47) User=0.67s Sys=0.06s Real=0.18s
[2025-04-06T03:00:48.456+0100][4817.371s] GC(48) Pause Young (Normal) (G1 Evacuation Pause)
[2025-04-06T03:00:48.456+0100][4817.371s] GC(48) Using 8 workers of 8 for evacuation
[2025-04-06T03:00:48.475+0100][4817.390s] GC(48)   Pre Evacuate Collection Set: 0.0ms
[2025-04-06T03:00:48.475+0100][4817.390s] GC(48)   Evacuate Collection Set: 18.4ms
[2025-04-06T03:00:48.475+0100][4817.390s] GC(48)   Post Evacuate Collection Set: 0.3ms
[2025-04-06T03:00:48.475+0100][4817.390s] GC(48)   Other: 0.3ms
[2025-04-06T03:00:48.475+0100][4817.390s] GC(48) Eden regions: 21->0(26)
[2025-04-06T03:00:48.475+0100][4817.390s] GC(48) Survivor regions: 4->1(4)
[2025-04-06T03:00:48.475+0100][4817.390s] GC(48) Old regions: 97->101
[2025-04-06T03:00:48.475+0100][4817.390s] GC(48) Humongous regions: 35->35
[2025-04-06T03:00:48.475+0100][4817.390s] GC(48) Metaspace: 68027K->68027K(1112064K)
[2025-04-06T03:00:48.475+0100][4817.390s] GC(48) Pause Young (Normal) (G1 Evacuation Pause) 156M->136M(512M) 19.251ms
[2025-04-06T03:00:48.475+0100][4817.390s] GC(48) User=0.13s Sys=0.00s Real=0.02s
[2025-04-06T03:00:48.481+0100][4817.408s] GC(49) Pause Young (Normal) (G1 Evacuation Pause)
[2025-04-06T03:00:48.481+0100][4817.408s] GC(49) Using 8 workers of 8 for evacuation
[2025-04-06T03:00:48.494+0100][4817.409s] GC(49)   Pre Evacuate Collection Set: 0.0ms
[2025-04-06T03:00:48.494+0100][4817.409s] GC(49)   Evacuate Collection Set: 0.9ms
[2025-04-06T03:00:48.494+0100][4817.409s] GC(49)   Post Evacuate Collection Set: 0.3ms
[2025-04-06T03:00:48.494+0100][4817.410s] GC(49)   Other: 0.2ms
[2025-04-06T03:00:48.494+0100][4817.410s] GC(49) Eden regions: 26->0(36)
[2025-04-06T03:00:48.494+0100][4817.410s] GC(49) Survivor regions: 1->1(4)
[2025-04-06T03:00:48.494+0100][4817.410s] GC(49) Old regions: 101->101
[2025-04-06T03:00:48.494+0100][4817.410s] GC(49) Humongous regions: 35->35
[2025-04-06T03:00:48.494+0100][4817.410s] GC(49) Metaspace: 68028K->68028K(1112064K)
[2025-04-06T03:00:48.494+0100][4817.410s] GC(49) Pause Young (Normal) (G1 Evacuation Pause) 162M->136M(512M) 1.491ms
[2025-04-06T03:00:48.494+0100][4817.410s] GC(49) User=0.03s Sys=0.00s Real=0.01s
[2025-04-06T03:00:48.918+0100][4817.847s] GC(50) Pause Young (Normal) (G1 Evacuation Pause)
[2025-04-06T03:00:48.918+0100][4817.847s] GC(50) Using 8 workers of 8 for evacuation
[2025-04-06T03:00:48.939+0100][4817.854s] GC(50)   Pre Evacuate Collection Set: 0.0ms
[2025-04-06T03:00:48.939+0100][4817.854s] GC(50)   Evacuate Collection Set: 6.2ms
[2025-04-06T03:00:48.939+0100][4817.854s] GC(50)   Post Evacuate Collection Set: 0.6ms
[2025-04-06T03:00:48.939+0100][4817.854s] GC(50)   Other: 0.2ms
[2025-04-06T03:00:48.939+0100][4817.854s] GC(50) Eden regions: 36->0(43)
[2025-04-06T03:00:48.939+0100][4817.854s] GC(50) Survivor regions: 1->2(5)
[2025-04-06T03:00:48.939+0100][4817.854s] GC(50) Old regions: 101->101
[2025-04-06T03:00:48.939+0100][4817.854s] GC(50) Humongous regions: 35->35
[2025-04-06T03:00:48.939+0100][4817.854s] GC(50) Metaspace: 68028K->68028K(1112064K)
[2025-04-06T03:00:48.939+0100][4817.854s] GC(50) Pause Young (Normal) (G1 Evacuation Pause) 172M->136M(512M) 7.129ms
[2025-04-06T03:00:48.939+0100][4817.854s] GC(50) User=0.02s Sys=0.00s Real=0.02s
[2025-04-06T03:00:49.140+0100][4818.055s] GC(51) Pause Young (Normal) (G1 Evacuation Pause)
[2025-04-06T03:00:49.140+0100][4818.055s] GC(51) Using 8 workers of 8 for evacuation
[2025-04-06T03:00:49.240+0100][4818.155s] GC(51)   Pre Evacuate Collection Set: 0.0ms
[2025-04-06T03:00:49.240+0100][4818.155s] GC(51)   Evacuate Collection Set: 98.7ms
[2025-04-06T03:00:49.240+0100][4818.155s] GC(51)   Post Evacuate Collection Set: 0.6ms
[2025-04-06T03:00:49.240+0100][4818.155s] GC(51)   Other: 0.3ms
[2025-04-06T03:00:49.240+0100][4818.155s] GC(51) Eden regions: 43->0(36)
[2025-04-06T03:00:49.240+0100][4818.155s] GC(51) Survivor regions: 2->2(6)
[2025-04-06T03:00:49.240+0100][4818.155s] GC(51) Old regions: 101->101
[2025-04-06T03:00:49.240+0100][4818.155s] GC(51) Humongous regions: 35->35
[2025-04-06T03:00:49.240+0100][4818.155s] GC(51) Metaspace: 68040K->68040K(1112064K)
[2025-04-06T03:00:49.241+0100][4818.155s] GC(51) Pause Young (Normal) (G1 Evacuation Pause) 179M->137M(512M) 100.020ms
[2025-04-06T03:00:49.241+0100][4818.155s] GC(51) User=0.05s Sys=0.00s Real=0.10s
[2025-04-06T03:00:49.327+0100][4818.244s] GC(52) Pause Young (Normal) (G1 Evacuation Pause)
[2025-04-06T03:00:49.327+0100][4818.244s] GC(52) Using 8 workers of 8 for evacuation
[2025-04-06T03:00:49.356+0100][4818.271s] GC(52)   Pre Evacuate Collection Set: 0.0ms
[2025-04-06T03:00:49.356+0100][4818.271s] GC(52)   Evacuate Collection Set: 25.9ms
[2025-04-06T03:00:49.356+0100][4818.271s] GC(52)   Post Evacuate Collection Set: 0.5ms
[2025-04-06T03:00:49.356+0100][4818.271s] GC(52)   Other: 0.3ms
[2025-04-06T03:00:49.356+0100][4818.271s] GC(52) Eden regions: 36->0(44)
[2025-04-06T03:00:49.356+0100][4818.271s] GC(52) Survivor regions: 2->2(5)
[2025-04-06T03:00:49.356+0100][4818.271s] GC(52) Old regions: 101->101
[2025-04-06T03:00:49.356+0100][4818.271s] GC(52) Humongous regions: 35->35
[2025-04-06T03:00:49.356+0100][4818.271s] GC(52) Metaspace: 68049K->68049K(1112064K)
[2025-04-06T03:00:49.356+0100][4818.271s] GC(52) Pause Young (Normal) (G1 Evacuation Pause) 173M->136M(512M) 27.092ms
[2025-04-06T03:00:49.356+0100][4818.271s] GC(52) User=0.09s Sys=0.00s Real=0.03s
[2025-04-06T03:00:55.137+0100][4824.061s] GC(53) Pause Young (Normal) (G1 Evacuation Pause)
[2025-04-06T03:00:55.137+0100][4824.061s] GC(53) Using 8 workers of 8 for evacuation
[2025-04-06T03:00:55.487+0100][4824.411s] GC(53) MMU target violated: 251.0ms (250.0ms/251.0ms)
[2025-04-06T03:00:55.487+0100][4824.411s] GC(53)   Pre Evacuate Collection Set: 0.0ms
[2025-04-06T03:00:55.487+0100][4824.411s] GC(53)   Evacuate Collection Set: 349.5ms
[2025-04-06T03:00:55.487+0100][4824.411s] GC(53)   Post Evacuate Collection Set: 0.9ms
[2025-04-06T03:00:55.487+0100][4824.412s] GC(53)   Other: 0.5ms
[2025-04-06T03:00:55.487+0100][4824.412s] GC(53) Eden regions: 44->0(40)
[2025-04-06T03:00:55.487+0100][4824.412s] GC(53) Survivor regions: 2->6(6)
[2025-04-06T03:00:55.487+0100][4824.412s] GC(53) Old regions: 101->101
[2025-04-06T03:00:55.497+0100][4824.412s] GC(53) Humongous regions: 35->35
[2025-04-06T03:00:55.497+0100][4824.412s] GC(53) Metaspace: 68122K->68122K(1112064K)
[2025-04-06T03:00:55.497+0100][4824.412s] GC(53) Pause Young (Normal) (G1 Evacuation Pause) 180M->140M(512M) 351.371ms
[2025-04-06T03:00:55.497+0100][4824.412s] GC(53) User=0.31s Sys=0.00s Real=0.36s
[2025-04-06T16:59:46.189+0100][55161.314s] GC(54) Pause Young (Normal) (G1 Evacuation Pause)
[2025-04-06T16:59:46.204+0100][55161.328s] GC(54) Using 8 workers of 8 for evacuation
[2025-04-06T16:59:51.152+0100][55166.276s] GC(54) MMU target violated: 251.0ms (250.0ms/251.0ms)
[2025-04-06T16:59:51.153+0100][55166.277s] GC(54)   Pre Evacuate Collection Set: 368.0ms
[2025-04-06T16:59:51.153+0100][55166.277s] GC(54)   Evacuate Collection Set: 3764.9ms
[2025-04-06T16:59:51.153+0100][55166.277s] GC(54)   Post Evacuate Collection Set: 367.4ms
[2025-04-06T16:59:51.153+0100][55166.277s] GC(54)   Other: 462.5ms
[2025-04-06T16:59:51.153+0100][55166.277s] GC(54) Eden regions: 40->0(23)
[2025-04-06T16:59:51.153+0100][55166.277s] GC(54) Survivor regions: 6->2(6)
[2025-04-06T16:59:51.153+0100][55166.277s] GC(54) Old regions: 101->105
[2025-04-06T16:59:51.153+0100][55166.277s] GC(54) Humongous regions: 35->35
[2025-04-06T16:59:51.153+0100][55166.277s] GC(54) Metaspace: 68233K->68233K(1112064K)
[2025-04-06T16:59:51.153+0100][55166.277s] GC(54) Pause Young (Normal) (G1 Evacuation Pause) 180M->141M(512M) 4963.642ms
[2025-04-06T16:59:51.153+0100][55166.277s] GC(54) User=0.03s Sys=0.00s Real=4.96s
[2025-04-06T17:21:21.843+0100][56456.967s] GC(55) Pause Young (Normal) (G1 Evacuation Pause)
[2025-04-06T17:21:21.893+0100][56457.017s] GC(55) Using 8 workers of 8 for evacuation
[2025-04-06T17:21:26.213+0100][56461.337s] GC(55) MMU target violated: 251.0ms (250.0ms/251.0ms)
[2025-04-06T17:21:26.213+0100][56461.337s] GC(55)   Pre Evacuate Collection Set: 1162.5ms
[2025-04-06T17:21:26.213+0100][56461.337s] GC(55)   Evacuate Collection Set: 2345.0ms
[2025-04-06T17:21:26.213+0100][56461.337s] GC(55)   Post Evacuate Collection Set: 50.6ms
[2025-04-06T17:21:26.213+0100][56461.337s] GC(55)   Other: 901.8ms
[2025-04-06T17:21:26.213+0100][56461.337s] GC(55) Eden regions: 23->0(23)
[2025-04-06T17:21:26.213+0100][56461.337s] GC(55) Survivor regions: 2->2(4)
[2025-04-06T17:21:26.214+0100][56461.338s] GC(55) Old regions: 105->105
[2025-04-06T17:21:26.214+0100][56461.338s] GC(55) Humongous regions: 35->35
[2025-04-06T17:21:26.214+0100][56461.338s] GC(55) Metaspace: 68246K->68246K(1112064K)
[2025-04-06T17:21:26.214+0100][56461.338s] GC(55) Pause Young (Normal) (G1 Evacuation Pause) 164M->141M(512M) 4370.584ms
[2025-04-06T17:21:26.214+0100][56461.338s] GC(55) User=0.00s Sys=0.00s Real=4.37s
[2025-04-06T17:39:24.414+0100][57539.538s] GC(56) Pause Young (Normal) (G1 Evacuation Pause)
[2025-04-06T17:39:24.464+0100][57539.589s] GC(56) Using 8 workers of 8 for evacuation
[2025-04-06T17:39:26.212+0100][57541.337s] GC(56) MMU target violated: 251.0ms (250.0ms/251.0ms)
[2025-04-06T17:39:26.212+0100][57541.337s] GC(56)   Pre Evacuate Collection Set: 373.2ms
[2025-04-06T17:39:26.212+0100][57541.337s] GC(56)   Evacuate Collection Set: 1173.3ms
[2025-04-06T17:39:26.212+0100][57541.337s] GC(56)   Post Evacuate Collection Set: 0.8ms
[2025-04-06T17:39:26.212+0100][57541.337s] GC(56)   Other: 251.0ms
[2025-04-06T17:39:26.212+0100][57541.337s] GC(56) Eden regions: 23->0(23)
[2025-04-06T17:39:26.212+0100][57541.337s] GC(56) Survivor regions: 2->2(4)
[2025-04-06T17:39:26.212+0100][57541.337s] GC(56) Old regions: 105->105
[2025-04-06T17:39:26.212+0100][57541.337s] GC(56) Humongous regions: 35->35
[2025-04-06T17:39:26.212+0100][57541.337s] GC(56) Metaspace: 68259K->68259K(1112064K)
[2025-04-06T17:39:26.212+0100][57541.337s] GC(56) Pause Young (Normal) (G1 Evacuation Pause) 164M->140M(512M) 1798.406ms
[2025-04-06T17:39:26.212+0100][57541.337s] GC(56) User=0.11s Sys=0.03s Real=1.80s
[2025-04-06T17:40:35.649+0100][57610.776s] GC(57) Pause Young (Normal) (G1 Evacuation Pause)
[2025-04-06T17:40:35.649+0100][57610.776s] GC(57) Using 8 workers of 8 for evacuation
[2025-04-06T17:40:35.884+0100][57611.010s] GC(57)   Pre Evacuate Collection Set: 0.0ms
[2025-04-06T17:40:35.884+0100][57611.010s] GC(57)   Evacuate Collection Set: 233.3ms
[2025-04-06T17:40:35.884+0100][57611.010s] GC(57)   Post Evacuate Collection Set: 0.5ms
[2025-04-06T17:40:35.884+0100][57611.010s] GC(57)   Other: 0.3ms
[2025-04-06T17:40:35.884+0100][57611.010s] GC(57) Eden regions: 23->0(23)
[2025-04-06T17:40:35.884+0100][57611.010s] GC(57) Survivor regions: 2->2(4)
[2025-04-06T17:40:35.884+0100][57611.010s] GC(57) Old regions: 105->105
[2025-04-06T17:40:35.884+0100][57611.010s] GC(57) Humongous regions: 35->35
[2025-04-06T17:40:35.884+0100][57611.010s] GC(57) Metaspace: 68437K->68437K(1112064K)
[2025-04-06T17:40:35.884+0100][57611.010s] GC(57) Pause Young (Normal) (G1 Evacuation Pause) 163M->141M(512M) 234.189ms
[2025-04-06T17:40:35.884+0100][57611.010s] GC(57) User=0.00s Sys=0.00s Real=0.24s
[2025-04-06T17:40:36.995+0100][57612.125s] GC(58) Pause Young (Normal) (G1 Evacuation Pause)
[2025-04-06T17:40:36.995+0100][57612.125s] GC(58) Using 8 workers of 8 for evacuation
[2025-04-06T17:40:37.215+0100][57612.340s] GC(58)   Pre Evacuate Collection Set: 0.0ms
[2025-04-06T17:40:37.215+0100][57612.340s] GC(58)   Evacuate Collection Set: 196.2ms
[2025-04-06T17:40:37.215+0100][57612.340s] GC(58)   Post Evacuate Collection Set: 0.5ms
[2025-04-06T17:40:37.215+0100][57612.340s] GC(58)   Other: 18.5ms
[2025-04-06T17:40:37.215+0100][57612.340s] GC(58) Eden regions: 23->0(21)
[2025-04-06T17:40:37.215+0100][57612.340s] GC(58) Survivor regions: 2->4(4)
[2025-04-06T17:40:37.215+0100][57612.340s] GC(58) Old regions: 105->105
[2025-04-06T17:40:37.215+0100][57612.340s] GC(58) Humongous regions: 35->35
[2025-04-06T17:40:37.215+0100][57612.340s] GC(58) Metaspace: 68438K->68438K(1112064K)
[2025-04-06T17:40:37.215+0100][57612.340s] GC(58) Pause Young (Normal) (G1 Evacuation Pause) 164M->142M(512M) 215.285ms
[2025-04-06T17:40:37.215+0100][57612.340s] GC(58) User=0.00s Sys=0.00s Real=0.22s
[2025-04-06T17:40:37.465+0100][57612.603s] GC(59) Pause Young (Normal) (G1 Evacuation Pause)
[2025-04-06T17:40:37.465+0100][57612.603s] GC(59) Using 8 workers of 8 for evacuation
[2025-04-06T17:40:37.496+0100][57612.631s] GC(59)   Pre Evacuate Collection Set: 0.0ms
[2025-04-06T17:40:37.496+0100][57612.631s] GC(59)   Evacuate Collection Set: 26.7ms
[2025-04-06T17:40:37.496+0100][57612.631s] GC(59)   Post Evacuate Collection Set: 0.7ms
[2025-04-06T17:40:37.496+0100][57612.631s] GC(59)   Other: 0.2ms
[2025-04-06T17:40:37.496+0100][57612.631s] GC(59) Eden regions: 21->0(23)
[2025-04-06T17:40:37.496+0100][57612.631s] GC(59) Survivor regions: 4->2(4)
[2025-04-06T17:40:37.496+0100][57612.631s] GC(59) Old regions: 105->106
[2025-04-06T17:40:37.496+0100][57612.631s] GC(59) Humongous regions: 35->35
[2025-04-06T17:40:37.496+0100][57612.631s] GC(59) Metaspace: 68438K->68438K(1112064K)
[2025-04-06T17:40:37.496+0100][57612.631s] GC(59) Pause Young (Normal) (G1 Evacuation Pause) 163M->142M(512M) 27.939ms
[2025-04-06T17:40:37.496+0100][57612.631s] GC(59) User=0.00s Sys=0.00s Real=0.03s
[2025-04-06T17:40:37.559+0100][57612.687s] GC(60) Pause Young (Normal) (G1 Evacuation Pause)
[2025-04-06T17:40:37.559+0100][57612.687s] GC(60) Using 8 workers of 8 for evacuation
[2025-04-06T17:40:37.559+0100][57612.688s] GC(60)   Pre Evacuate Collection Set: 0.0ms
[2025-04-06T17:40:37.559+0100][57612.688s] GC(60)   Evacuate Collection Set: 0.8ms
[2025-04-06T17:40:37.559+0100][57612.688s] GC(60)   Post Evacuate Collection Set: 0.3ms
[2025-04-06T17:40:37.559+0100][57612.688s] GC(60)   Other: 0.1ms
[2025-04-06T17:40:37.559+0100][57612.688s] GC(60) Eden regions: 23->0(23)
[2025-04-06T17:40:37.559+0100][57612.688s] GC(60) Survivor regions: 2->2(4)
[2025-04-06T17:40:37.559+0100][57612.688s] GC(60) Old regions: 106->106
[2025-04-06T17:40:37.559+0100][57612.688s] GC(60) Humongous regions: 35->35
[2025-04-06T17:40:37.559+0100][57612.688s] GC(60) Metaspace: 68438K->68438K(1112064K)
[2025-04-06T17:40:37.559+0100][57612.688s] GC(60) Pause Young (Normal) (G1 Evacuation Pause) 165M->142M(512M) 1.409ms
[2025-04-06T17:40:37.559+0100][57612.688s] GC(60) User=0.00s Sys=0.00s Real=0.00s
[2025-04-06T17:40:37.590+0100][57612.717s] GC(61) Pause Young (Normal) (G1 Evacuation Pause)
[2025-04-06T17:40:37.590+0100][57612.717s] GC(61) Using 8 workers of 8 for evacuation
[2025-04-06T17:40:37.590+0100][57612.718s] GC(61)   Pre Evacuate Collection Set: 0.0ms
[2025-04-06T17:40:37.590+0100][57612.718s] GC(61)   Evacuate Collection Set: 0.8ms
[2025-04-06T17:40:37.590+0100][57612.718s] GC(61)   Post Evacuate Collection Set: 0.4ms
[2025-04-06T17:40:37.590+0100][57612.718s] GC(61)   Other: 0.1ms
[2025-04-06T17:40:37.590+0100][57612.718s] GC(61) Eden regions: 23->0(23)
[2025-04-06T17:40:37.590+0100][57612.718s] GC(61) Survivor regions: 2->2(4)
[2025-04-06T17:40:37.590+0100][57612.718s] GC(61) Old regions: 106->106
[2025-04-06T17:40:37.590+0100][57612.718s] GC(61) Humongous regions: 35->35
[2025-04-06T17:40:37.590+0100][57612.718s] GC(61) Metaspace: 68439K->68439K(1112064K)
[2025-04-06T17:40:37.590+0100][57612.718s] GC(61) Pause Young (Normal) (G1 Evacuation Pause) 165M->142M(512M) 1.520ms
[2025-04-06T17:40:37.590+0100][57612.718s] GC(61) User=0.00s Sys=0.00s Real=0.00s
[2025-04-06T17:40:37.778+0100][57612.902s] GC(62) Pause Young (Normal) (G1 Evacuation Pause)
[2025-04-06T17:40:37.778+0100][57612.902s] GC(62) Using 8 workers of 8 for evacuation
[2025-04-06T17:40:37.778+0100][57612.907s] GC(62)   Pre Evacuate Collection Set: 0.0ms
[2025-04-06T17:40:37.778+0100][57612.907s] GC(62)   Evacuate Collection Set: 3.9ms
[2025-04-06T17:40:37.778+0100][57612.907s] GC(62)   Post Evacuate Collection Set: 0.7ms
[2025-04-06T17:40:37.778+0100][57612.907s] GC(62)   Other: 0.4ms
[2025-04-06T17:40:37.778+0100][57612.907s] GC(62) Eden regions: 23->0(22)
[2025-04-06T17:40:37.778+0100][57612.907s] GC(62) Survivor regions: 2->3(4)
[2025-04-06T17:40:37.778+0100][57612.907s] GC(62) Old regions: 106->106
[2025-04-06T17:40:37.778+0100][57612.907s] GC(62) Humongous regions: 35->35
[2025-04-06T17:40:37.778+0100][57612.907s] GC(62) Metaspace: 68440K->68440K(1112064K)
[2025-04-06T17:40:37.778+0100][57612.907s] GC(62) Pause Young (Normal) (G1 Evacuation Pause) 165M->142M(512M) 5.129ms
[2025-04-06T17:40:37.778+0100][57612.907s] GC(62) User=0.00s Sys=0.00s Real=0.00s
[2025-04-06T17:40:38.082+0100][57613.210s] GC(63) Pause Young (Normal) (G1 Evacuation Pause)
[2025-04-06T17:40:38.082+0100][57613.210s] GC(63) Using 8 workers of 8 for evacuation
[2025-04-06T17:40:38.082+0100][57613.214s] GC(63)   Pre Evacuate Collection Set: 0.0ms
[2025-04-06T17:40:38.082+0100][57613.214s] GC(63)   Evacuate Collection Set: 3.3ms
[2025-04-06T17:40:38.082+0100][57613.214s] GC(63)   Post Evacuate Collection Set: 0.7ms
[2025-04-06T17:40:38.082+0100][57613.214s] GC(63)   Other: 0.4ms
[2025-04-06T17:40:38.082+0100][57613.214s] GC(63) Eden regions: 22->0(23)
[2025-04-06T17:40:38.082+0100][57613.214s] GC(63) Survivor regions: 3->2(4)
[2025-04-06T17:40:38.082+0100][57613.214s] GC(63) Old regions: 106->106
[2025-04-06T17:40:38.082+0100][57613.214s] GC(63) Humongous regions: 35->35
[2025-04-06T17:40:38.082+0100][57613.215s] GC(63) Metaspace: 68443K->68443K(1112064K)
[2025-04-06T17:40:38.082+0100][57613.215s] GC(63) Pause Young (Normal) (G1 Evacuation Pause) 164M->142M(512M) 4.802ms
[2025-04-06T17:40:38.082+0100][57613.215s] GC(63) User=0.00s Sys=0.00s Real=0.00s
[2025-04-06T17:40:41.390+0100][57616.528s] GC(64) Pause Young (Normal) (G1 Evacuation Pause)
[2025-04-06T17:40:41.390+0100][57616.528s] GC(64) Using 8 workers of 8 for evacuation
[2025-04-06T17:40:41.468+0100][57616.593s] GC(64)   Pre Evacuate Collection Set: 0.0ms
[2025-04-06T17:40:41.468+0100][57616.593s] GC(64)   Evacuate Collection Set: 64.2ms
[2025-04-06T17:40:41.468+0100][57616.593s] GC(64)   Post Evacuate Collection Set: 0.5ms
[2025-04-06T17:40:41.468+0100][57616.593s] GC(64)   Other: 0.4ms
[2025-04-06T17:40:41.468+0100][57616.593s] GC(64) Eden regions: 23->0(23)
[2025-04-06T17:40:41.468+0100][57616.593s] GC(64) Survivor regions: 2->2(4)
[2025-04-06T17:40:41.468+0100][57616.593s] GC(64) Old regions: 106->106
[2025-04-06T17:40:41.468+0100][57616.593s] GC(64) Humongous regions: 35->35
[2025-04-06T17:40:41.468+0100][57616.593s] GC(64) Metaspace: 68463K->68463K(1112064K)
[2025-04-06T17:40:41.468+0100][57616.593s] GC(64) Pause Young (Normal) (G1 Evacuation Pause) 165M->142M(512M) 65.246ms
[2025-04-06T17:40:41.468+0100][57616.593s] GC(64) User=0.02s Sys=0.00s Real=0.08s
[2025-04-06T17:41:13.099+0100][57648.223s] GC(65) Pause Young (Normal) (G1 Evacuation Pause)
[2025-04-06T17:41:13.099+0100][57648.224s] GC(65) Using 8 workers of 8 for evacuation
[2025-04-06T17:41:13.256+0100][57648.385s] GC(65)   Pre Evacuate Collection Set: 16.8ms
[2025-04-06T17:41:13.256+0100][57648.385s] GC(65)   Evacuate Collection Set: 143.7ms
[2025-04-06T17:41:13.256+0100][57648.385s] GC(65)   Post Evacuate Collection Set: 0.5ms
[2025-04-06T17:41:13.256+0100][57648.385s] GC(65)   Other: 0.2ms
[2025-04-06T17:41:13.256+0100][57648.385s] GC(65) Eden regions: 23->0(26)
[2025-04-06T17:41:13.256+0100][57648.385s] GC(65) Survivor regions: 2->2(4)
[2025-04-06T17:41:13.256+0100][57648.385s] GC(65) Old regions: 106->106
[2025-04-06T17:41:13.256+0100][57648.385s] GC(65) Humongous regions: 35->35
[2025-04-06T17:41:13.256+0100][57648.385s] GC(65) Metaspace: 68512K->68512K(1112064K)
[2025-04-06T17:41:13.256+0100][57648.385s] GC(65) Pause Young (Normal) (G1 Evacuation Pause) 165M->142M(512M) 161.446ms
[2025-04-06T17:41:13.256+0100][57648.385s] GC(65) User=0.03s Sys=0.00s Real=0.16s
[2025-04-06T17:41:15.619+0100][57650.753s] GC(66) Pause Young (Normal) (G1 Evacuation Pause)
[2025-04-06T17:41:15.619+0100][57650.753s] GC(66) Using 8 workers of 8 for evacuation
[2025-04-06T17:41:15.812+0100][57650.936s] GC(66)   Pre Evacuate Collection Set: 0.0ms
[2025-04-06T17:41:15.812+0100][57650.936s] GC(66)   Evacuate Collection Set: 155.6ms
[2025-04-06T17:41:15.812+0100][57650.937s] GC(66)   Post Evacuate Collection Set: 27.2ms
[2025-04-06T17:41:15.812+0100][57650.937s] GC(66)   Other: 0.2ms
[2025-04-06T17:41:15.812+0100][57650.937s] GC(66) Eden regions: 26->0(21)
[2025-04-06T17:41:15.812+0100][57650.937s] GC(66) Survivor regions: 2->4(4)
[2025-04-06T17:41:15.812+0100][57650.937s] GC(66) Old regions: 106->116
[2025-04-06T17:41:15.812+0100][57650.937s] GC(66) Humongous regions: 35->35
[2025-04-06T17:41:15.812+0100][57650.937s] GC(66) Metaspace: 68625K->68625K(1112064K)
[2025-04-06T17:41:15.812+0100][57650.937s] GC(66) Pause Young (Normal) (G1 Evacuation Pause) 168M->154M(512M) 183.762ms
[2025-04-06T17:41:15.812+0100][57650.937s] GC(66) User=0.00s Sys=0.02s Real=0.19s
[2025-04-06T17:41:15.917+0100][57651.050s] GC(67) Pause Young (Normal) (G1 Evacuation Pause)
[2025-04-06T17:41:15.917+0100][57651.050s] GC(67) Using 8 workers of 8 for evacuation
[2025-04-06T17:41:15.917+0100][57651.053s] GC(67)   Pre Evacuate Collection Set: 0.0ms
[2025-04-06T17:41:15.917+0100][57651.053s] GC(67)   Evacuate Collection Set: 2.4ms
[2025-04-06T17:41:15.917+0100][57651.053s] GC(67)   Post Evacuate Collection Set: 0.4ms
[2025-04-06T17:41:15.917+0100][57651.053s] GC(67)   Other: 0.2ms
[2025-04-06T17:41:15.917+0100][57651.053s] GC(67) Eden regions: 21->0(22)
[2025-04-06T17:41:15.917+0100][57651.053s] GC(67) Survivor regions: 4->3(4)
[2025-04-06T17:41:15.917+0100][57651.053s] GC(67) Old regions: 116->120
[2025-04-06T17:41:15.917+0100][57651.053s] GC(67) Humongous regions: 35->35
[2025-04-06T17:41:15.917+0100][57651.053s] GC(67) Metaspace: 68628K->68628K(1112064K)
[2025-04-06T17:41:15.917+0100][57651.053s] GC(67) Pause Young (Normal) (G1 Evacuation Pause) 175M->156M(512M) 3.109ms
[2025-04-06T17:41:15.917+0100][57651.053s] GC(67) User=0.00s Sys=0.00s Real=0.00s
[2025-04-06T17:41:24.283+0100][57659.415s] GC(68) Pause Young (Normal) (G1 Evacuation Pause)
[2025-04-06T17:41:24.283+0100][57659.415s] GC(68) Using 8 workers of 8 for evacuation
[2025-04-06T17:41:24.283+0100][57659.416s] GC(68)   Pre Evacuate Collection Set: 0.0ms
[2025-04-06T17:41:24.283+0100][57659.416s] GC(68)   Evacuate Collection Set: 1.2ms
[2025-04-06T17:41:24.283+0100][57659.416s] GC(68)   Post Evacuate Collection Set: 0.3ms
[2025-04-06T17:41:24.283+0100][57659.416s] GC(68)   Other: 0.2ms
[2025-04-06T17:41:24.283+0100][57659.416s] GC(68) Eden regions: 22->0(30)
[2025-04-06T17:41:24.283+0100][57659.416s] GC(68) Survivor regions: 3->3(4)
[2025-04-06T17:41:24.283+0100][57659.416s] GC(68) Old regions: 120->121
[2025-04-06T17:41:24.283+0100][57659.416s] GC(68) Humongous regions: 35->35
[2025-04-06T17:41:24.283+0100][57659.417s] GC(68) Metaspace: 68658K->68658K(1112064K)
[2025-04-06T17:41:24.283+0100][57659.417s] GC(68) Pause Young (Normal) (G1 Evacuation Pause) 178M->158M(512M) 1.900ms
[2025-04-06T17:41:24.283+0100][57659.417s] GC(68) User=0.00s Sys=0.00s Real=0.00s
[2025-04-06T17:41:29.662+0100][57664.790s] GC(69) Pause Young (Normal) (G1 Evacuation Pause)
[2025-04-06T17:41:29.662+0100][57664.790s] GC(69) Using 8 workers of 8 for evacuation
[2025-04-06T17:41:29.850+0100][57664.981s] GC(69)   Pre Evacuate Collection Set: 0.0ms
[2025-04-06T17:41:29.850+0100][57664.981s] GC(69)   Evacuate Collection Set: 189.8ms
[2025-04-06T17:41:29.850+0100][57664.981s] GC(69)   Post Evacuate Collection Set: 0.4ms
[2025-04-06T17:41:29.850+0100][57664.981s] GC(69)   Other: 0.2ms
[2025-04-06T17:41:29.850+0100][57664.981s] GC(69) Eden regions: 30->0(24)
[2025-04-06T17:41:29.850+0100][57664.981s] GC(69) Survivor regions: 3->5(5)
[2025-04-06T17:41:29.850+0100][57664.981s] GC(69) Old regions: 121->121
[2025-04-06T17:41:29.850+0100][57664.981s] GC(69) Humongous regions: 35->35
[2025-04-06T17:41:29.850+0100][57664.981s] GC(69) Metaspace: 68733K->68733K(1112064K)
[2025-04-06T17:41:29.850+0100][57664.981s] GC(69) Pause Young (Normal) (G1 Evacuation Pause) 188M->160M(512M) 190.581ms
[2025-04-06T17:41:29.850+0100][57664.981s] GC(69) User=0.02s Sys=0.00s Real=0.19s
[2025-04-06T17:41:29.928+0100][57665.061s] GC(70) Pause Young (Normal) (G1 Evacuation Pause)
[2025-04-06T17:41:29.928+0100][57665.061s] GC(70) Using 8 workers of 8 for evacuation
[2025-04-06T17:41:29.928+0100][57665.063s] GC(70)   Pre Evacuate Collection Set: 0.0ms
[2025-04-06T17:41:29.928+0100][57665.063s] GC(70)   Evacuate Collection Set: 1.5ms
[2025-04-06T17:41:29.928+0100][57665.063s] GC(70)   Post Evacuate Collection Set: 0.2ms
[2025-04-06T17:41:29.928+0100][57665.063s] GC(70)   Other: 0.1ms
[2025-04-06T17:41:29.928+0100][57665.063s] GC(70) Eden regions: 24->0(29)
[2025-04-06T17:41:29.928+0100][57665.063s] GC(70) Survivor regions: 5->4(4)
[2025-04-06T17:41:29.928+0100][57665.063s] GC(70) Old regions: 121->124
[2025-04-06T17:41:29.928+0100][57665.063s] GC(70) Humongous regions: 35->35
[2025-04-06T17:41:29.928+0100][57665.063s] GC(70) Metaspace: 68745K->68745K(1112064K)
[2025-04-06T17:41:29.928+0100][57665.063s] GC(70) Pause Young (Normal) (G1 Evacuation Pause) 184M->162M(512M) 1.995ms
[2025-04-06T17:41:29.928+0100][57665.063s] GC(70) User=0.00s Sys=0.00s Real=0.00s
[2025-04-06T17:41:33.538+0100][57668.664s] GC(71) Pause Young (Normal) (G1 Evacuation Pause)
[2025-04-06T17:41:33.538+0100][57668.664s] GC(71) Using 8 workers of 8 for evacuation
[2025-04-06T17:41:33.538+0100][57668.665s] GC(71)   Pre Evacuate Collection Set: 0.0ms
[2025-04-06T17:41:33.538+0100][57668.665s] GC(71)   Evacuate Collection Set: 1.5ms
[2025-04-06T17:41:33.538+0100][57668.665s] GC(71)   Post Evacuate Collection Set: 0.2ms
[2025-04-06T17:41:33.538+0100][57668.665s] GC(71)   Other: 0.1ms
[2025-04-06T17:41:33.538+0100][57668.665s] GC(71) Eden regions: 29->0(37)
[2025-04-06T17:41:33.538+0100][57668.665s] GC(71) Survivor regions: 4->4(5)
[2025-04-06T17:41:33.538+0100][57668.665s] GC(71) Old regions: 124->127
[2025-04-06T17:41:33.538+0100][57668.665s] GC(71) Humongous regions: 35->35
[2025-04-06T17:41:33.538+0100][57668.665s] GC(71) Metaspace: 68748K->68748K(1112064K)
[2025-04-06T17:41:33.538+0100][57668.665s] GC(71) Pause Young (Normal) (G1 Evacuation Pause) 191M->164M(512M) 1.950ms
[2025-04-06T17:41:33.538+0100][57668.665s] GC(71) User=0.00s Sys=0.00s Real=0.00s
[2025-04-06T17:41:37.509+0100][57672.639s] GC(72) Pause Young (Normal) (G1 Evacuation Pause)
[2025-04-06T17:41:37.509+0100][57672.639s] GC(72) Using 8 workers of 8 for evacuation
[2025-04-06T17:41:38.073+0100][57673.197s] GC(72) MMU target violated: 251.0ms (250.0ms/251.0ms)
[2025-04-06T17:41:38.073+0100][57673.197s] GC(72)   Pre Evacuate Collection Set: 0.0ms
[2025-04-06T17:41:38.073+0100][57673.197s] GC(72)   Evacuate Collection Set: 557.7ms
[2025-04-06T17:41:38.073+0100][57673.197s] GC(72)   Post Evacuate Collection Set: 0.4ms
[2025-04-06T17:41:38.073+0100][57673.197s] GC(72)   Other: 0.4ms
[2025-04-06T17:41:38.073+0100][57673.197s] GC(72) Eden regions: 37->0(20)
[2025-04-06T17:41:38.073+0100][57673.198s] GC(72) Survivor regions: 4->5(6)
[2025-04-06T17:41:38.073+0100][57673.198s] GC(72) Old regions: 127->128
[2025-04-06T17:41:38.073+0100][57673.198s] GC(72) Humongous regions: 35->35
[2025-04-06T17:41:38.073+0100][57673.198s] GC(72) Metaspace: 68764K->68764K(1112064K)
[2025-04-06T17:41:38.073+0100][57673.198s] GC(72) Pause Young (Normal) (G1 Evacuation Pause) 201M->167M(512M) 558.606ms
[2025-04-06T17:41:38.073+0100][57673.198s] GC(72) User=0.00s Sys=0.00s Real=0.56s
[2025-04-06T17:41:39.184+0100][57674.315s] GC(73) Pause Young (Normal) (G1 Evacuation Pause)
[2025-04-06T17:41:39.184+0100][57674.316s] GC(73) Using 8 workers of 8 for evacuation
[2025-04-06T17:41:39.184+0100][57674.317s] GC(73)   Pre Evacuate Collection Set: 0.0ms
[2025-04-06T17:41:39.184+0100][57674.317s] GC(73)   Evacuate Collection Set: 1.4ms
[2025-04-06T17:41:39.184+0100][57674.317s] GC(73)   Post Evacuate Collection Set: 0.4ms
[2025-04-06T17:41:39.184+0100][57674.317s] GC(73)   Other: 0.1ms
[2025-04-06T17:41:39.184+0100][57674.317s] GC(73) Eden regions: 20->0(28)
[2025-04-06T17:41:39.184+0100][57674.317s] GC(73) Survivor regions: 5->2(4)
[2025-04-06T17:41:39.184+0100][57674.318s] GC(73) Old regions: 128->132
[2025-04-06T17:41:39.184+0100][57674.318s] GC(73) Humongous regions: 35->35
[2025-04-06T17:41:39.184+0100][57674.318s] GC(73) Metaspace: 68807K->68807K(1112064K)
[2025-04-06T17:41:39.184+0100][57674.318s] GC(73) Pause Young (Normal) (G1 Evacuation Pause) 187M->167M(512M) 2.096ms
[2025-04-06T17:41:39.184+0100][57674.318s] GC(73) User=0.00s Sys=0.00s Real=0.00s
[2025-04-06T17:41:39.761+0100][57674.899s] GC(74) Pause Young (Normal) (G1 Evacuation Pause)
[2025-04-06T17:41:39.761+0100][57674.899s] GC(74) Using 8 workers of 8 for evacuation
[2025-04-06T17:41:39.761+0100][57674.900s] GC(74)   Pre Evacuate Collection Set: 0.0ms
[2025-04-06T17:41:39.761+0100][57674.900s] GC(74)   Evacuate Collection Set: 0.7ms
[2025-04-06T17:41:39.761+0100][57674.900s] GC(74)   Post Evacuate Collection Set: 0.2ms
[2025-04-06T17:41:39.761+0100][57674.900s] GC(74)   Other: 0.2ms
[2025-04-06T17:41:39.761+0100][57674.900s] GC(74) Eden regions: 28->0(36)
[2025-04-06T17:41:39.761+0100][57674.900s] GC(74) Survivor regions: 2->2(4)
[2025-04-06T17:41:39.761+0100][57674.900s] GC(74) Old regions: 132->132
[2025-04-06T17:41:39.761+0100][57674.900s] GC(74) Humongous regions: 35->35
[2025-04-06T17:41:39.761+0100][57674.900s] GC(74) Metaspace: 68823K->68823K(1112064K)
[2025-04-06T17:41:39.761+0100][57674.900s] GC(74) Pause Young (Normal) (G1 Evacuation Pause) 195M->168M(512M) 1.259ms
[2025-04-06T17:41:39.761+0100][57674.900s] GC(74) User=0.02s Sys=0.00s Real=0.00s
[2025-04-06T17:41:39.902+0100][57675.040s] GC(75) Pause Young (Normal) (G1 Evacuation Pause)
[2025-04-06T17:41:39.902+0100][57675.040s] GC(75) Using 8 workers of 8 for evacuation
[2025-04-06T17:41:39.902+0100][57675.041s] GC(75)   Pre Evacuate Collection Set: 0.0ms
[2025-04-06T17:41:39.902+0100][57675.041s] GC(75)   Evacuate Collection Set: 0.8ms
[2025-04-06T17:41:39.902+0100][57675.041s] GC(75)   Post Evacuate Collection Set: 0.3ms
[2025-04-06T17:41:39.902+0100][57675.041s] GC(75)   Other: 0.1ms
[2025-04-06T17:41:39.902+0100][57675.041s] GC(75) Eden regions: 36->0(47)
[2025-04-06T17:41:39.902+0100][57675.041s] GC(75) Survivor regions: 2->2(5)
[2025-04-06T17:41:39.902+0100][57675.041s] GC(75) Old regions: 132->132
[2025-04-06T17:41:39.902+0100][57675.041s] GC(75) Humongous regions: 35->35
[2025-04-06T17:41:39.902+0100][57675.041s] GC(75) Metaspace: 68838K->68838K(1112064K)
[2025-04-06T17:41:39.902+0100][57675.041s] GC(75) Pause Young (Normal) (G1 Evacuation Pause) 204M->168M(512M) 1.392ms
[2025-04-06T17:41:39.902+0100][57675.041s] GC(75) User=0.00s Sys=0.00s Real=0.00s
[2025-04-06T17:41:41.497+0100][57676.637s] GC(76) Pause Young (Normal) (G1 Evacuation Pause)
[2025-04-06T17:41:41.497+0100][57676.637s] GC(76) Using 8 workers of 8 for evacuation
[2025-04-06T17:41:41.905+0100][57677.029s] GC(76) MMU target violated: 251.0ms (250.0ms/251.0ms)
[2025-04-06T17:41:41.905+0100][57677.029s] GC(76)   Pre Evacuate Collection Set: 0.1ms
[2025-04-06T17:41:41.905+0100][57677.029s] GC(76)   Evacuate Collection Set: 391.4ms
[2025-04-06T17:41:41.905+0100][57677.029s] GC(76)   Post Evacuate Collection Set: 0.5ms
[2025-04-06T17:41:41.905+0100][57677.029s] GC(76)   Other: 0.6ms
[2025-04-06T17:41:41.905+0100][57677.029s] GC(76) Eden regions: 47->0(25)
[2025-04-06T17:41:41.905+0100][57677.029s] GC(76) Survivor regions: 2->3(7)
[2025-04-06T17:41:41.905+0100][57677.029s] GC(76) Old regions: 132->132
[2025-04-06T17:41:41.905+0100][57677.029s] GC(76) Humongous regions: 35->35
[2025-04-06T17:41:41.905+0100][57677.029s] GC(76) Metaspace: 68841K->68841K(1112064K)
[2025-04-06T17:41:41.905+0100][57677.029s] GC(76) Pause Young (Normal) (G1 Evacuation Pause) 215M->168M(512M) 392.602ms
[2025-04-06T17:41:41.905+0100][57677.029s] GC(76) User=0.02s Sys=0.00s Real=0.41s
[2025-04-06T17:41:41.951+0100][57677.083s] GC(77) Pause Young (Normal) (G1 Evacuation Pause)
[2025-04-06T17:41:41.951+0100][57677.083s] GC(77) Using 8 workers of 8 for evacuation
[2025-04-06T17:41:41.983+0100][57677.107s] GC(77)   Pre Evacuate Collection Set: 0.0ms
[2025-04-06T17:41:41.983+0100][57677.107s] GC(77)   Evacuate Collection Set: 23.8ms
[2025-04-06T17:41:41.983+0100][57677.107s] GC(77)   Post Evacuate Collection Set: 0.4ms
[2025-04-06T17:41:41.983+0100][57677.107s] GC(77)   Other: 0.2ms
[2025-04-06T17:41:41.983+0100][57677.107s] GC(77) Eden regions: 25->0(33)
[2025-04-06T17:41:41.983+0100][57677.107s] GC(77) Survivor regions: 3->2(4)
[2025-04-06T17:41:41.983+0100][57677.107s] GC(77) Old regions: 132->133
[2025-04-06T17:41:41.983+0100][57677.107s] GC(77) Humongous regions: 35->35
[2025-04-06T17:41:41.983+0100][57677.107s] GC(77) Metaspace: 68850K->68850K(1112064K)
[2025-04-06T17:41:41.983+0100][57677.107s] GC(77) Pause Young (Normal) (G1 Evacuation Pause) 193M->168M(512M) 24.584ms
[2025-04-06T17:41:41.983+0100][57677.107s] GC(77) User=0.02s Sys=0.00s Real=0.03s
[2025-04-06T17:41:42.702+0100][57677.831s] GC(78) Pause Young (Normal) (G1 Evacuation Pause)
[2025-04-06T17:41:42.702+0100][57677.831s] GC(78) Using 8 workers of 8 for evacuation
[2025-04-06T17:41:42.702+0100][57677.832s] GC(78)   Pre Evacuate Collection Set: 0.0ms
[2025-04-06T17:41:42.702+0100][57677.832s] GC(78)   Evacuate Collection Set: 0.5ms
[2025-04-06T17:41:42.702+0100][57677.832s] GC(78)   Post Evacuate Collection Set: 0.4ms
[2025-04-06T17:41:42.702+0100][57677.832s] GC(78)   Other: 0.1ms
[2025-04-06T17:41:42.702+0100][57677.832s] GC(78) Eden regions: 33->0(44)
[2025-04-06T17:41:42.702+0100][57677.832s] GC(78) Survivor regions: 2->2(5)
[2025-04-06T17:41:42.702+0100][57677.832s] GC(78) Old regions: 133->133
[2025-04-06T17:41:42.702+0100][57677.832s] GC(78) Humongous regions: 35->35
[2025-04-06T17:41:42.702+0100][57677.832s] GC(78) Metaspace: 68864K->68864K(1112064K)
[2025-04-06T17:41:42.702+0100][57677.832s] GC(78) Pause Young (Normal) (G1 Evacuation Pause) 201M->168M(512M) 1.191ms
[2025-04-06T17:41:42.702+0100][57677.832s] GC(78) User=0.00s Sys=0.00s Real=0.00s
[2025-04-06T17:41:44.063+0100][57679.198s] GC(79) Pause Young (Normal) (G1 Evacuation Pause)
[2025-04-06T17:41:44.063+0100][57679.198s] GC(79) Using 8 workers of 8 for evacuation
[2025-04-06T17:41:44.063+0100][57679.202s] GC(79)   Pre Evacuate Collection Set: 0.0ms
[2025-04-06T17:41:44.063+0100][57679.202s] GC(79)   Evacuate Collection Set: 2.0ms
[2025-04-06T17:41:44.063+0100][57679.202s] GC(79)   Post Evacuate Collection Set: 0.9ms
[2025-04-06T17:41:44.063+0100][57679.202s] GC(79)   Other: 0.4ms
[2025-04-06T17:41:44.063+0100][57679.202s] GC(79) Eden regions: 44->0(54)
[2025-04-06T17:41:44.063+0100][57679.202s] GC(79) Survivor regions: 2->1(6)
[2025-04-06T17:41:44.078+0100][57679.202s] GC(79) Old regions: 133->133
[2025-04-06T17:41:44.078+0100][57679.202s] GC(79) Humongous regions: 35->35
[2025-04-06T17:41:44.078+0100][57679.202s] GC(79) Metaspace: 68875K->68875K(1112064K)
[2025-04-06T17:41:44.078+0100][57679.203s] GC(79) Pause Young (Normal) (G1 Evacuation Pause) 212M->168M(512M) 4.226ms
[2025-04-06T17:41:44.078+0100][57679.203s] GC(79) User=0.02s Sys=0.00s Real=0.02s
[2025-04-06T21:54:31.078+0100][72852.823s] GC(80) Pause Young (Normal) (G1 Evacuation Pause)
[2025-04-06T21:54:31.115+0100][72852.861s] GC(80) Using 8 workers of 8 for evacuation
[2025-04-06T21:54:41.206+0100][72862.947s] GC(80) MMU target violated: 251.0ms (250.0ms/251.0ms)
[2025-04-06T21:54:41.206+0100][72862.947s] GC(80)   Pre Evacuate Collection Set: 574.4ms
[2025-04-06T21:54:41.206+0100][72862.947s] GC(80)   Evacuate Collection Set: 8188.3ms
[2025-04-06T21:54:41.206+0100][72862.947s] GC(80)   Post Evacuate Collection Set: 587.3ms
[2025-04-06T21:54:41.206+0100][72862.947s] GC(80)   Other: 826.9ms
[2025-04-06T21:54:41.206+0100][72862.947s] GC(80) Eden regions: 54->0(20)
[2025-04-06T21:54:41.206+0100][72862.947s] GC(80) Survivor regions: 1->5(7)
[2025-04-06T21:54:41.206+0100][72862.947s] GC(80) Old regions: 133->133
[2025-04-06T21:54:41.206+0100][72862.947s] GC(80) Humongous regions: 35->35
[2025-04-06T21:54:41.206+0100][72862.947s] GC(80) Metaspace: 68930K->68930K(1112064K)
[2025-04-06T21:54:41.206+0100][72862.947s] GC(80) Pause Young (Normal) (G1 Evacuation Pause) 222M->172M(512M) 10123.758ms
[2025-04-06T21:54:41.206+0100][72862.947s] GC(80) User=0.45s Sys=0.11s Real=10.13s
[2025-04-06T22:13:42.159+0100][74003.915s] GC(81) Pause Young (Normal) (G1 Evacuation Pause)
[2025-04-06T22:13:42.159+0100][74003.916s] GC(81) Using 8 workers of 8 for evacuation
[2025-04-06T22:13:43.737+0100][74005.492s] GC(81) MMU target violated: 251.0ms (250.0ms/251.0ms)
[2025-04-06T22:13:43.737+0100][74005.492s] GC(81)   Pre Evacuate Collection Set: 290.6ms
[2025-04-06T22:13:43.737+0100][74005.492s] GC(81)   Evacuate Collection Set: 1208.4ms
[2025-04-06T22:13:43.737+0100][74005.492s] GC(81)   Post Evacuate Collection Set: 38.3ms
[2025-04-06T22:13:43.737+0100][74005.492s] GC(81)   Other: 80.5ms
[2025-04-06T22:13:43.737+0100][74005.492s] GC(81) Eden regions: 20->0(24)
[2025-04-06T22:13:43.737+0100][74005.492s] GC(81) Survivor regions: 5->1(4)
[2025-04-06T22:13:43.737+0100][74005.492s] GC(81) Old regions: 133->138
[2025-04-06T22:13:43.737+0100][74005.492s] GC(81) Humongous regions: 35->35
[2025-04-06T22:13:43.737+0100][74005.492s] GC(81) Metaspace: 68931K->68931K(1112064K)
[2025-04-06T22:13:43.754+0100][74005.503s] GC(81) Pause Young (Normal) (G1 Evacuation Pause) 192M->172M(512M) 1576.919ms
[2025-04-06T22:13:43.754+0100][74005.503s] GC(81) User=0.05s Sys=0.03s Real=1.60s
[2025-04-06T22:31:54.101+0100][75095.851s] GC(82) Pause Young (Normal) (G1 Evacuation Pause)
[2025-04-06T22:31:54.101+0100][75095.852s] GC(82) Using 8 workers of 8 for evacuation
[2025-04-06T22:31:55.456+0100][75097.220s] GC(82) MMU target violated: 251.0ms (250.0ms/251.0ms)
[2025-04-06T22:31:55.456+0100][75097.220s] GC(82)   Pre Evacuate Collection Set: 105.4ms
[2025-04-06T22:31:55.456+0100][75097.220s] GC(82)   Evacuate Collection Set: 1146.0ms
[2025-04-06T22:31:55.456+0100][75097.220s] GC(82)   Post Evacuate Collection Set: 116.1ms
[2025-04-06T22:31:55.456+0100][75097.220s] GC(82)   Other: 1.3ms
[2025-04-06T22:31:55.456+0100][75097.220s] GC(82) Eden regions: 24->0(24)
[2025-04-06T22:31:55.456+0100][75097.220s] GC(82) Survivor regions: 1->1(4)
[2025-04-06T22:31:55.456+0100][75097.220s] GC(82) Old regions: 138->138
[2025-04-06T22:31:55.456+0100][75097.220s] GC(82) Humongous regions: 35->35
[2025-04-06T22:31:55.456+0100][75097.220s] GC(82) Metaspace: 68992K->68992K(1112064K)
[2025-04-06T22:31:55.471+0100][75097.220s] GC(82) Pause Young (Normal) (G1 Evacuation Pause) 196M->172M(512M) 1369.171ms
[2025-04-06T22:31:55.471+0100][75097.221s] GC(82) User=1.89s Sys=0.06s Real=1.37s
[2025-04-06T22:32:10.721+0100][75112.485s] Heap
[2025-04-06T22:32:10.721+0100][75112.485s]  garbage-first heap   total 524288K, used 180562K [0x00000000e0000000, 0x0000000100000000)
[2025-04-06T22:32:10.721+0100][75112.485s]   region size 1024K, 6 young (6144K), 1 survivors (1024K)
[2025-04-06T22:32:10.721+0100][75112.485s]  Metaspace       used 69105K, capacity 70639K, committed 70788K, reserved 1112064K
[2025-04-06T22:32:10.721+0100][75112.485s]   class space    used 7603K, capacity 8212K, committed 8244K, reserved 1048576K
