[2025-04-07T00:16:29.915+0100][0.016s] Heap region size: 1M
[2025-04-07T00:16:30.181+0100][0.277s] Using G1
[2025-04-07T00:16:30.181+0100][0.278s] Heap address: 0x00000000e0000000, size: 512 MB, Compressed Oops mode: 32-bit
[2025-04-07T00:16:59.881+0100][29.973s] GC(0) Pause Young (Normal) (G1 Evacuation Pause)
[2025-04-07T00:16:59.881+0100][29.973s] GC(0) Using 8 workers of 8 for evacuation
[2025-04-07T00:16:59.881+0100][29.980s] GC(0)   Pre Evacuate Collection Set: 0.0ms
[2025-04-07T00:16:59.881+0100][29.980s] GC(0)   Evacuate Collection Set: 5.8ms
[2025-04-07T00:16:59.881+0100][29.980s] GC(0)   Post Evacuate Collection Set: 0.4ms
[2025-04-07T00:16:59.881+0100][29.980s] GC(0)   Other: 0.6ms
[2025-04-07T00:16:59.881+0100][29.980s] GC(0) Eden regions: 30->0(303)
[2025-04-07T00:16:59.881+0100][29.980s] GC(0) Survivor regions: 0->4(4)
[2025-04-07T00:16:59.881+0100][29.980s] GC(0) Old regions: 0->4
[2025-04-07T00:16:59.881+0100][29.980s] GC(0) Humongous regions: 0->0
[2025-04-07T00:16:59.881+0100][29.980s] GC(0) Metaspace: 10508K->10508K(1058816K)
[2025-04-07T00:16:59.881+0100][29.980s] GC(0) Pause Young (Normal) (G1 Evacuation Pause) 30M->7M(512M) 7.598ms
[2025-04-07T00:16:59.881+0100][29.980s] GC(0) User=0.00s Sys=0.00s Real=0.00s
[2025-04-07T00:17:01.163+0100][31.262s] GC(1) Pause Young (Concurrent Start) (Metadata GC Threshold)
[2025-04-07T00:17:01.163+0100][31.262s] GC(1) Using 8 workers of 8 for evacuation
[2025-04-07T00:17:01.179+0100][31.271s] GC(1)   Pre Evacuate Collection Set: 0.1ms
[2025-04-07T00:17:01.179+0100][31.271s] GC(1)   Evacuate Collection Set: 7.9ms
[2025-04-07T00:17:01.179+0100][31.271s] GC(1)   Post Evacuate Collection Set: 0.7ms
[2025-04-07T00:17:01.179+0100][31.271s] GC(1)   Other: 0.3ms
[2025-04-07T00:17:01.179+0100][31.271s] GC(1) Eden regions: 78->0(89)
[2025-04-07T00:17:01.179+0100][31.271s] GC(1) Survivor regions: 4->14(39)
[2025-04-07T00:17:01.179+0100][31.271s] GC(1) Old regions: 4->4
[2025-04-07T00:17:01.179+0100][31.271s] GC(1) Humongous regions: 4->4
[2025-04-07T00:17:01.179+0100][31.271s] GC(1) Metaspace: 20738K->20738K(1069056K)
[2025-04-07T00:17:01.179+0100][31.271s] GC(1) Pause Young (Concurrent Start) (Metadata GC Threshold) 89M->20M(512M) 9.074ms
[2025-04-07T00:17:01.179+0100][31.271s] GC(1) User=0.02s Sys=0.00s Real=0.02s
[2025-04-07T00:17:01.179+0100][31.271s] GC(2) Concurrent Cycle
[2025-04-07T00:17:01.179+0100][31.271s] GC(2) Concurrent Clear Claimed Marks
[2025-04-07T00:17:01.179+0100][31.271s] GC(2) Concurrent Clear Claimed Marks 0.029ms
[2025-04-07T00:17:01.179+0100][31.271s] GC(2) Concurrent Scan Root Regions
[2025-04-07T00:17:01.179+0100][31.276s] GC(2) Concurrent Scan Root Regions 4.932ms
[2025-04-07T00:17:01.179+0100][31.276s] GC(2) Concurrent Mark (31.276s)
[2025-04-07T00:17:01.179+0100][31.276s] GC(2) Concurrent Mark From Roots
[2025-04-07T00:17:01.179+0100][31.276s] GC(2) Using 2 workers of 2 for marking
[2025-04-07T00:17:01.179+0100][31.278s] GC(2) Concurrent Mark From Roots 2.046ms
[2025-04-07T00:17:01.179+0100][31.279s] GC(2) Concurrent Preclean
[2025-04-07T00:17:01.179+0100][31.279s] GC(2) Concurrent Preclean 0.103ms
[2025-04-07T00:17:01.179+0100][31.279s] GC(2) Concurrent Mark (31.276s, 31.279s) 2.217ms
[2025-04-07T00:17:01.179+0100][31.279s] GC(2) Pause Remark
[2025-04-07T00:17:01.195+0100][31.280s] GC(2) Cleaned string and symbol table, strings: 9635 processed, 0 removed, symbols: 67939 processed, 18 removed
[2025-04-07T00:17:01.195+0100][31.280s] GC(2) Pause Remark 20M->20M(512M) 1.327ms
[2025-04-07T00:17:01.195+0100][31.280s] GC(2) User=0.02s Sys=0.00s Real=0.02s
[2025-04-07T00:17:01.195+0100][31.280s] GC(2) Concurrent Rebuild Remembered Sets
[2025-04-07T00:17:01.195+0100][31.283s] GC(2) Concurrent Rebuild Remembered Sets 2.269ms
[2025-04-07T00:17:01.195+0100][31.283s] GC(2) Pause Cleanup
[2025-04-07T00:17:01.195+0100][31.283s] GC(2) Pause Cleanup 20M->20M(512M) 0.129ms
[2025-04-07T00:17:01.195+0100][31.283s] GC(2) User=0.00s Sys=0.00s Real=0.00s
[2025-04-07T00:17:01.195+0100][31.283s] GC(2) Concurrent Cleanup for Next Mark
[2025-04-07T00:17:01.195+0100][31.284s] GC(2) Concurrent Cleanup for Next Mark 1.170ms
[2025-04-07T00:17:01.195+0100][31.284s] GC(2) Concurrent Cycle 12.708ms
[2025-04-07T00:17:03.685+0100][33.774s] GC(3) Pause Young (Normal) (G1 Evacuation Pause)
[2025-04-07T00:17:03.685+0100][33.774s] GC(3) Using 8 workers of 8 for evacuation
[2025-04-07T00:17:03.685+0100][33.785s] GC(3)   Pre Evacuate Collection Set: 0.0ms
[2025-04-07T00:17:03.685+0100][33.785s] GC(3)   Evacuate Collection Set: 9.4ms
[2025-04-07T00:17:03.685+0100][33.785s] GC(3)   Post Evacuate Collection Set: 0.8ms
[2025-04-07T00:17:03.685+0100][33.785s] GC(3)   Other: 0.1ms
[2025-04-07T00:17:03.685+0100][33.785s] GC(3) Eden regions: 81->0(256)
[2025-04-07T00:17:03.685+0100][33.785s] GC(3) Survivor regions: 14->4(12)
[2025-04-07T00:17:03.685+0100][33.785s] GC(3) Old regions: 4->17
[2025-04-07T00:17:03.685+0100][33.785s] GC(3) Humongous regions: 4->4
[2025-04-07T00:17:03.685+0100][33.785s] GC(3) Metaspace: 30657K->30657K(1077248K)
[2025-04-07T00:17:03.685+0100][33.785s] GC(3) Pause Young (Normal) (G1 Evacuation Pause) 101M->24M(512M) 10.527ms
[2025-04-07T00:17:03.685+0100][33.785s] GC(3) User=0.00s Sys=0.00s Real=0.00s
[2025-04-07T00:17:04.342+0100][34.436s] GC(4) Pause Young (Concurrent Start) (Metadata GC Threshold)
[2025-04-07T00:17:04.342+0100][34.436s] GC(4) Using 8 workers of 8 for evacuation
[2025-04-07T00:17:04.342+0100][34.441s] GC(4)   Pre Evacuate Collection Set: 0.0ms
[2025-04-07T00:17:04.342+0100][34.441s] GC(4)   Evacuate Collection Set: 3.6ms
[2025-04-07T00:17:04.342+0100][34.441s] GC(4)   Post Evacuate Collection Set: 0.4ms
[2025-04-07T00:17:04.342+0100][34.441s] GC(4)   Other: 0.2ms
[2025-04-07T00:17:04.342+0100][34.441s] GC(4) Eden regions: 46->0(185)
[2025-04-07T00:17:04.342+0100][34.441s] GC(4) Survivor regions: 4->5(33)
[2025-04-07T00:17:04.342+0100][34.441s] GC(4) Old regions: 17->17
[2025-04-07T00:17:04.342+0100][34.441s] GC(4) Humongous regions: 4->4
[2025-04-07T00:17:04.342+0100][34.441s] GC(4) Metaspace: 35175K->35175K(1081344K)
[2025-04-07T00:17:04.342+0100][34.441s] GC(4) Pause Young (Concurrent Start) (Metadata GC Threshold) 70M->24M(512M) 4.368ms
[2025-04-07T00:17:04.342+0100][34.441s] GC(4) User=0.00s Sys=0.00s Real=0.00s
[2025-04-07T00:17:04.342+0100][34.441s] GC(5) Concurrent Cycle
[2025-04-07T00:17:04.342+0100][34.441s] GC(5) Concurrent Clear Claimed Marks
[2025-04-07T00:17:04.342+0100][34.441s] GC(5) Concurrent Clear Claimed Marks 0.020ms
[2025-04-07T00:17:04.342+0100][34.441s] GC(5) Concurrent Scan Root Regions
[2025-04-07T00:17:04.342+0100][34.442s] GC(5) Concurrent Scan Root Regions 1.286ms
[2025-04-07T00:17:04.342+0100][34.442s] GC(5) Concurrent Mark (34.442s)
[2025-04-07T00:17:04.342+0100][34.442s] GC(5) Concurrent Mark From Roots
[2025-04-07T00:17:04.342+0100][34.442s] GC(5) Using 2 workers of 2 for marking
[2025-04-07T00:17:04.358+0100][34.453s] GC(5) Concurrent Mark From Roots 11.156ms
[2025-04-07T00:17:04.358+0100][34.453s] GC(5) Concurrent Preclean
[2025-04-07T00:17:04.358+0100][34.454s] GC(5) Concurrent Preclean 0.132ms
[2025-04-07T00:17:04.358+0100][34.454s] GC(5) Concurrent Mark (34.442s, 34.454s) 11.375ms
[2025-04-07T00:17:04.358+0100][34.454s] GC(5) Pause Remark
[2025-04-07T00:17:04.358+0100][34.456s] GC(5) Cleaned string and symbol table, strings: 15278 processed, 22 removed, symbols: 112299 processed, 39 removed
[2025-04-07T00:17:04.358+0100][34.456s] GC(5) Pause Remark 25M->25M(512M) 2.514ms
[2025-04-07T00:17:04.358+0100][34.456s] GC(5) User=0.00s Sys=0.00s Real=0.00s
[2025-04-07T00:17:04.358+0100][34.456s] GC(5) Concurrent Rebuild Remembered Sets
[2025-04-07T00:17:04.373+0100][34.462s] GC(5) Concurrent Rebuild Remembered Sets 5.525ms
[2025-04-07T00:17:04.373+0100][34.462s] GC(5) Pause Cleanup
[2025-04-07T00:17:04.373+0100][34.462s] GC(5) Pause Cleanup 25M->25M(512M) 0.110ms
[2025-04-07T00:17:04.373+0100][34.462s] GC(5) User=0.00s Sys=0.00s Real=0.00s
[2025-04-07T00:17:04.373+0100][34.462s] GC(5) Concurrent Cleanup for Next Mark
[2025-04-07T00:17:04.373+0100][34.464s] GC(5) Concurrent Cleanup for Next Mark 1.200ms
[2025-04-07T00:17:04.373+0100][34.464s] GC(5) Concurrent Cycle 22.902ms
[2025-04-07T00:17:07.155+0100][37.247s] GC(6) Pause Young (Concurrent Start) (G1 Evacuation Pause)
[2025-04-07T00:17:07.155+0100][37.247s] GC(6) Using 8 workers of 8 for evacuation
[2025-04-07T00:17:07.155+0100][37.254s] GC(6)   Pre Evacuate Collection Set: 0.0ms
[2025-04-07T00:17:07.155+0100][37.254s] GC(6)   Evacuate Collection Set: 6.3ms
[2025-04-07T00:17:07.155+0100][37.254s] GC(6)   Post Evacuate Collection Set: 0.6ms
[2025-04-07T00:17:07.155+0100][37.254s] GC(6)   Other: 0.2ms
[2025-04-07T00:17:07.155+0100][37.254s] GC(6) Eden regions: 185->0(296)
[2025-04-07T00:17:07.155+0100][37.254s] GC(6) Survivor regions: 5->11(24)
[2025-04-07T00:17:07.155+0100][37.254s] GC(6) Old regions: 17->17
[2025-04-07T00:17:07.155+0100][37.254s] GC(6) Humongous regions: 5->4
[2025-04-07T00:17:07.155+0100][37.254s] GC(6) Metaspace: 45155K->45155K(1089536K)
[2025-04-07T00:17:07.155+0100][37.254s] GC(6) Pause Young (Concurrent Start) (G1 Evacuation Pause) 210M->30M(512M) 7.287ms
[2025-04-07T00:17:07.155+0100][37.254s] GC(6) User=0.00s Sys=0.00s Real=0.00s
[2025-04-07T00:17:07.155+0100][37.254s] GC(7) Concurrent Cycle
[2025-04-07T00:17:07.155+0100][37.254s] GC(7) Concurrent Clear Claimed Marks
[2025-04-07T00:17:07.155+0100][37.254s] GC(7) Concurrent Clear Claimed Marks 0.037ms
[2025-04-07T00:17:07.155+0100][37.254s] GC(7) Concurrent Scan Root Regions
[2025-04-07T00:17:07.171+0100][37.258s] GC(7) Concurrent Scan Root Regions 3.391ms
[2025-04-07T00:17:07.171+0100][37.258s] GC(7) Concurrent Mark (37.258s)
[2025-04-07T00:17:07.171+0100][37.258s] GC(7) Concurrent Mark From Roots
[2025-04-07T00:17:07.171+0100][37.258s] GC(7) Using 2 workers of 2 for marking
[2025-04-07T00:17:07.186+0100][37.276s] GC(7) Concurrent Mark From Roots 17.818ms
[2025-04-07T00:17:07.186+0100][37.276s] GC(7) Concurrent Preclean
[2025-04-07T00:17:07.186+0100][37.276s] GC(7) Concurrent Preclean 0.127ms
[2025-04-07T00:17:07.186+0100][37.276s] GC(7) Concurrent Mark (37.258s, 37.276s) 18.028ms
[2025-04-07T00:17:07.186+0100][37.276s] GC(7) Pause Remark
[2025-04-07T00:17:07.186+0100][37.278s] GC(7) Cleaned string and symbol table, strings: 19601 processed, 0 removed, symbols: 142160 processed, 119 removed
[2025-04-07T00:17:07.186+0100][37.279s] GC(7) Pause Remark 43M->43M(512M) 2.456ms
[2025-04-07T00:17:07.186+0100][37.279s] GC(7) User=0.00s Sys=0.00s Real=0.00s
[2025-04-07T00:17:07.186+0100][37.279s] GC(7) Concurrent Rebuild Remembered Sets
[2025-04-07T00:17:07.186+0100][37.284s] GC(7) Concurrent Rebuild Remembered Sets 4.919ms
[2025-04-07T00:17:07.186+0100][37.284s] GC(7) Pause Cleanup
[2025-04-07T00:17:07.186+0100][37.284s] GC(7) Pause Cleanup 43M->43M(512M) 0.120ms
[2025-04-07T00:17:07.186+0100][37.284s] GC(7) User=0.00s Sys=0.00s Real=0.00s
[2025-04-07T00:17:07.186+0100][37.284s] GC(7) Concurrent Cleanup for Next Mark
[2025-04-07T00:17:07.186+0100][37.284s] GC(7) Concurrent Cleanup for Next Mark 0.329ms
[2025-04-07T00:17:07.186+0100][37.284s] GC(7) Concurrent Cycle 29.856ms
[2025-04-07T00:17:07.452+0100][37.537s] GC(8) Pause Young (Normal) (G1 Evacuation Pause)
[2025-04-07T00:17:07.452+0100][37.537s] GC(8) Using 8 workers of 8 for evacuation
[2025-04-07T00:17:07.452+0100][37.544s] GC(8)   Pre Evacuate Collection Set: 0.0ms
[2025-04-07T00:17:07.452+0100][37.544s] GC(8)   Evacuate Collection Set: 5.4ms
[2025-04-07T00:17:07.452+0100][37.544s] GC(8)   Post Evacuate Collection Set: 0.5ms
[2025-04-07T00:17:07.452+0100][37.544s] GC(8)   Other: 0.2ms
[2025-04-07T00:17:07.452+0100][37.544s] GC(8) Eden regions: 296->0(293)
[2025-04-07T00:17:07.452+0100][37.544s] GC(8) Survivor regions: 11->14(39)
[2025-04-07T00:17:07.452+0100][37.544s] GC(8) Old regions: 17->17
[2025-04-07T00:17:07.452+0100][37.544s] GC(8) Humongous regions: 4->4
[2025-04-07T00:17:07.452+0100][37.544s] GC(8) Metaspace: 46192K->46192K(1091584K)
[2025-04-07T00:17:07.452+0100][37.544s] GC(8) Pause Young (Normal) (G1 Evacuation Pause) 326M->33M(512M) 6.252ms
[2025-04-07T00:17:07.452+0100][37.544s] GC(8) User=0.00s Sys=0.00s Real=0.00s
[2025-04-07T00:17:08.780+0100][38.879s] GC(9) Pause Young (Normal) (G1 Evacuation Pause)
[2025-04-07T00:17:08.780+0100][38.879s] GC(9) Using 8 workers of 8 for evacuation
[2025-04-07T00:17:08.796+0100][38.887s] GC(9)   Pre Evacuate Collection Set: 0.0ms
[2025-04-07T00:17:08.796+0100][38.887s] GC(9)   Evacuate Collection Set: 6.9ms
[2025-04-07T00:17:08.796+0100][38.887s] GC(9)   Post Evacuate Collection Set: 0.8ms
[2025-04-07T00:17:08.796+0100][38.887s] GC(9)   Other: 0.1ms
[2025-04-07T00:17:08.796+0100][38.887s] GC(9) Eden regions: 293->0(289)
[2025-04-07T00:17:08.796+0100][38.887s] GC(9) Survivor regions: 14->18(39)
[2025-04-07T00:17:08.796+0100][38.887s] GC(9) Old regions: 17->17
[2025-04-07T00:17:08.796+0100][38.887s] GC(9) Humongous regions: 5->5
[2025-04-07T00:17:08.796+0100][38.887s] GC(9) Metaspace: 51682K->51682K(1095680K)
[2025-04-07T00:17:08.796+0100][38.887s] GC(9) Pause Young (Normal) (G1 Evacuation Pause) 327M->39M(512M) 7.946ms
[2025-04-07T00:17:08.796+0100][38.887s] GC(9) User=0.02s Sys=0.00s Real=0.02s
[2025-04-07T00:17:12.877+0100][42.969s] GC(10) Pause Young (Normal) (G1 Evacuation Pause)
[2025-04-07T00:17:12.877+0100][42.969s] GC(10) Using 8 workers of 8 for evacuation
[2025-04-07T00:17:12.892+0100][42.985s] GC(10)   Pre Evacuate Collection Set: 0.0ms
[2025-04-07T00:17:12.892+0100][42.985s] GC(10)   Evacuate Collection Set: 14.9ms
[2025-04-07T00:17:12.892+0100][42.985s] GC(10)   Post Evacuate Collection Set: 1.0ms
[2025-04-07T00:17:12.892+0100][42.985s] GC(10)   Other: 0.1ms
[2025-04-07T00:17:12.892+0100][42.985s] GC(10) Eden regions: 289->0(269)
[2025-04-07T00:17:12.892+0100][42.985s] GC(10) Survivor regions: 18->38(39)
[2025-04-07T00:17:12.892+0100][42.985s] GC(10) Old regions: 17->17
[2025-04-07T00:17:12.892+0100][42.985s] GC(10) Humongous regions: 5->5
[2025-04-07T00:17:12.892+0100][42.985s] GC(10) Metaspace: 56582K->56582K(1099776K)
[2025-04-07T00:17:12.892+0100][42.985s] GC(10) Pause Young (Normal) (G1 Evacuation Pause) 328M->59M(512M) 16.241ms
[2025-04-07T00:17:12.892+0100][42.985s] GC(10) User=0.05s Sys=0.00s Real=0.01s
[2025-04-07T00:35:38.452+0100][1148.547s] GC(11) Pause Young (Normal) (G1 Evacuation Pause)
[2025-04-07T00:35:38.769+0100][1148.855s] GC(11) Using 8 workers of 8 for evacuation
[2025-04-07T00:36:25.485+0100][1195.572s] GC(11) MMU target violated: 251.0ms (250.0ms/251.0ms)
[2025-04-07T00:36:25.485+0100][1195.572s] GC(11)   Pre Evacuate Collection Set: 243.8ms
[2025-04-07T00:36:25.485+0100][1195.572s] GC(11)   Evacuate Collection Set: 44502.2ms
[2025-04-07T00:36:25.485+0100][1195.572s] GC(11)   Post Evacuate Collection Set: 1407.4ms
[2025-04-07T00:36:25.485+0100][1195.572s] GC(11)   Other: 1037.9ms
[2025-04-07T00:36:25.485+0100][1195.572s] GC(11) Eden regions: 269->0(1)
[2025-04-07T00:36:25.485+0100][1195.572s] GC(11) Survivor regions: 38->36(39)
[2025-04-07T00:36:25.485+0100][1195.572s] GC(11) Old regions: 17->34
[2025-04-07T00:36:25.485+0100][1195.572s] GC(11) Humongous regions: 5->5
[2025-04-07T00:36:25.485+0100][1195.572s] GC(11) Metaspace: 60209K->60209K(1103872K)
[2025-04-07T00:36:25.574+0100][1195.660s] GC(11) Pause Young (Normal) (G1 Evacuation Pause) 328M->74M(512M) 47113.488ms
[2025-04-07T00:36:25.574+0100][1195.660s] GC(11) User=0.83s Sys=0.20s Real=47.12s
[2025-04-07T00:36:27.647+0100][1197.746s] GC(12) Pause Young (Normal) (G1 Evacuation Pause)
[2025-04-07T00:36:27.647+0100][1197.746s] GC(12) Using 8 workers of 8 for evacuation
[2025-04-07T00:36:29.444+0100][1199.531s] GC(12) MMU target violated: 251.0ms (250.0ms/251.0ms)
[2025-04-07T00:36:29.444+0100][1199.532s] GC(12)   Pre Evacuate Collection Set: 0.0ms
[2025-04-07T00:36:29.444+0100][1199.532s] GC(12)   Evacuate Collection Set: 1681.1ms
[2025-04-07T00:36:29.444+0100][1199.532s] GC(12)   Post Evacuate Collection Set: 103.9ms
[2025-04-07T00:36:29.444+0100][1199.532s] GC(12)   Other: 0.3ms
[2025-04-07T00:36:29.444+0100][1199.532s] GC(12) Eden regions: 1->0(21)
[2025-04-07T00:36:29.444+0100][1199.532s] GC(12) Survivor regions: 36->4(5)
[2025-04-07T00:36:29.444+0100][1199.532s] GC(12) Old regions: 34->69
[2025-04-07T00:36:29.444+0100][1199.532s] GC(12) Humongous regions: 5->5
[2025-04-07T00:36:29.444+0100][1199.532s] GC(12) Metaspace: 60209K->60209K(1103872K)
[2025-04-07T00:36:29.444+0100][1199.532s] GC(12) Pause Young (Normal) (G1 Evacuation Pause) 75M->78M(512M) 1785.896ms
[2025-04-07T00:36:29.444+0100][1199.532s] GC(12) User=0.78s Sys=0.17s Real=1.80s
[2025-04-07T00:54:32.955+0100][2283.064s] GC(13) Pause Young (Normal) (G1 Evacuation Pause)
[2025-04-07T00:54:33.033+0100][2283.128s] GC(13) Using 8 workers of 8 for evacuation
[2025-04-07T00:54:42.003+0100][2292.089s] GC(13) MMU target violated: 251.0ms (250.0ms/251.0ms)
[2025-04-07T00:54:42.003+0100][2292.089s] GC(13)   Pre Evacuate Collection Set: 1101.2ms
[2025-04-07T00:54:42.003+0100][2292.089s] GC(13)   Evacuate Collection Set: 4654.6ms
[2025-04-07T00:54:42.003+0100][2292.089s] GC(13)   Post Evacuate Collection Set: 2043.8ms
[2025-04-07T00:54:42.003+0100][2292.089s] GC(13)   Other: 1402.1ms
[2025-04-07T00:54:42.003+0100][2292.089s] GC(13) Eden regions: 21->0(23)
[2025-04-07T00:54:42.003+0100][2292.089s] GC(13) Survivor regions: 4->2(4)
[2025-04-07T00:54:42.003+0100][2292.089s] GC(13) Old regions: 69->69
[2025-04-07T00:54:42.003+0100][2292.089s] GC(13) Humongous regions: 5->5
[2025-04-07T00:54:42.003+0100][2292.089s] GC(13) Metaspace: 60340K->60340K(1103872K)
[2025-04-07T00:54:42.017+0100][2292.114s] GC(13) Pause Young (Normal) (G1 Evacuation Pause) 99M->75M(512M) 9074.382ms
[2025-04-07T00:54:42.017+0100][2292.114s] GC(13) User=0.86s Sys=0.13s Real=9.06s
[2025-04-07T01:12:36.929+0100][3367.039s] GC(14) Pause Young (Normal) (G1 Evacuation Pause)
[2025-04-07T01:12:36.980+0100][3367.065s] GC(14) Using 8 workers of 8 for evacuation
[2025-04-07T01:12:39.404+0100][3369.489s] GC(14) MMU target violated: 251.0ms (250.0ms/251.0ms)
[2025-04-07T01:12:39.404+0100][3369.489s] GC(14)   Pre Evacuate Collection Set: 162.3ms
[2025-04-07T01:12:39.404+0100][3369.489s] GC(14)   Evacuate Collection Set: 1772.2ms
[2025-04-07T01:12:39.404+0100][3369.489s] GC(14)   Post Evacuate Collection Set: 322.9ms
[2025-04-07T01:12:39.404+0100][3369.489s] GC(14)   Other: 270.6ms
[2025-04-07T01:12:39.404+0100][3369.489s] GC(14) Eden regions: 23->0(24)
[2025-04-07T01:12:39.404+0100][3369.489s] GC(14) Survivor regions: 2->1(4)
[2025-04-07T01:12:39.404+0100][3369.489s] GC(14) Old regions: 69->69
[2025-04-07T01:12:39.404+0100][3369.489s] GC(14) Humongous regions: 5->5
[2025-04-07T01:12:39.404+0100][3369.489s] GC(14) Metaspace: 60382K->60382K(1103872K)
[2025-04-07T01:12:39.426+0100][3369.515s] GC(14) Pause Young (Normal) (G1 Evacuation Pause) 98M->74M(512M) 2475.379ms
[2025-04-07T01:12:39.426+0100][3369.515s] GC(14) User=0.05s Sys=0.00s Real=2.50s
[2025-04-07T01:25:01.780+0100][4111.872s] GC(15) Pause Young (Normal) (G1 Evacuation Pause)
[2025-04-07T01:25:01.819+0100][4111.904s] GC(15) Using 8 workers of 8 for evacuation
[2025-04-07T01:25:08.489+0100][4118.575s] GC(15) MMU target violated: 251.0ms (250.0ms/251.0ms)
[2025-04-07T01:25:08.489+0100][4118.575s] GC(15)   Pre Evacuate Collection Set: 356.6ms
[2025-04-07T01:25:08.489+0100][4118.575s] GC(15)   Evacuate Collection Set: 5409.2ms
[2025-04-07T01:25:08.489+0100][4118.575s] GC(15)   Post Evacuate Collection Set: 593.5ms
[2025-04-07T01:25:08.489+0100][4118.575s] GC(15)   Other: 383.5ms
[2025-04-07T01:25:08.489+0100][4118.575s] GC(15) Eden regions: 24->0(24)
[2025-04-07T01:25:08.489+0100][4118.575s] GC(15) Survivor regions: 1->1(4)
[2025-04-07T01:25:08.489+0100][4118.575s] GC(15) Old regions: 69->69
[2025-04-07T01:25:08.490+0100][4118.575s] GC(15) Humongous regions: 5->5
[2025-04-07T01:25:08.490+0100][4118.575s] GC(15) Metaspace: 61320K->61320K(1105920K)
[2025-04-07T01:25:08.518+0100][4118.603s] GC(15) Pause Young (Normal) (G1 Evacuation Pause) 98M->74M(512M) 6738.303ms
[2025-04-07T01:25:08.518+0100][4118.603s] GC(15) User=2.59s Sys=0.11s Real=6.74s
[2025-04-07T01:43:24.523+0100][5214.627s] GC(16) Pause Young (Normal) (G1 Evacuation Pause)
[2025-04-07T01:43:24.549+0100][5214.634s] GC(16) Using 8 workers of 8 for evacuation
[2025-04-07T01:43:30.455+0100][5220.541s] GC(16) MMU target violated: 251.0ms (250.0ms/251.0ms)
[2025-04-07T01:43:30.455+0100][5220.541s] GC(16)   Pre Evacuate Collection Set: 170.0ms
[2025-04-07T01:43:30.455+0100][5220.541s] GC(16)   Evacuate Collection Set: 4984.6ms
[2025-04-07T01:43:30.455+0100][5220.541s] GC(16)   Post Evacuate Collection Set: 751.5ms
[2025-04-07T01:43:30.455+0100][5220.541s] GC(16)   Other: 49.7ms
[2025-04-07T01:43:30.455+0100][5220.541s] GC(16) Eden regions: 24->0(24)
[2025-04-07T01:43:30.455+0100][5220.541s] GC(16) Survivor regions: 1->1(4)
[2025-04-07T01:43:30.455+0100][5220.541s] GC(16) Old regions: 69->69
[2025-04-07T01:43:30.455+0100][5220.541s] GC(16) Humongous regions: 5->5
[2025-04-07T01:43:30.455+0100][5220.541s] GC(16) Metaspace: 61342K->61342K(1105920K)
[2025-04-07T01:43:30.455+0100][5220.541s] GC(16) Pause Young (Normal) (G1 Evacuation Pause) 98M->74M(512M) 5933.172ms
[2025-04-07T01:43:30.455+0100][5220.541s] GC(16) User=1.16s Sys=0.02s Real=5.93s
[2025-04-07T02:02:56.289+0100][6386.375s] GC(17) Pause Young (Normal) (G1 Evacuation Pause)
[2025-04-07T02:02:56.289+0100][6386.375s] GC(17) Using 8 workers of 8 for evacuation
[2025-04-07T02:02:56.489+0100][6386.575s] GC(17)   Pre Evacuate Collection Set: 0.0ms
[2025-04-07T02:02:56.489+0100][6386.575s] GC(17)   Evacuate Collection Set: 199.1ms
[2025-04-07T02:02:56.489+0100][6386.575s] GC(17)   Post Evacuate Collection Set: 0.5ms
[2025-04-07T02:02:56.489+0100][6386.575s] GC(17)   Other: 0.4ms
[2025-04-07T02:02:56.489+0100][6386.575s] GC(17) Eden regions: 24->0(24)
[2025-04-07T02:02:56.489+0100][6386.575s] GC(17) Survivor regions: 1->1(4)
[2025-04-07T02:02:56.489+0100][6386.575s] GC(17) Old regions: 69->69
[2025-04-07T02:02:56.489+0100][6386.575s] GC(17) Humongous regions: 5->5
[2025-04-07T02:02:56.489+0100][6386.575s] GC(17) Metaspace: 61360K->61360K(1105920K)
[2025-04-07T02:02:56.490+0100][6386.575s] GC(17) Pause Young (Normal) (G1 Evacuation Pause) 98M->74M(512M) 200.395ms
[2025-04-07T02:02:56.490+0100][6386.575s] GC(17) User=0.03s Sys=0.00s Real=0.20s
[2025-04-07T02:08:01.334+0100][6691.419s] GC(18) Pause Young (Normal) (G1 Evacuation Pause)
[2025-04-07T02:08:01.334+0100][6691.419s] GC(18) Using 8 workers of 8 for evacuation
[2025-04-07T02:08:02.263+0100][6692.348s] GC(18) MMU target violated: 251.0ms (250.0ms/251.0ms)
[2025-04-07T02:08:02.263+0100][6692.348s] GC(18)   Pre Evacuate Collection Set: 0.0ms
[2025-04-07T02:08:02.263+0100][6692.348s] GC(18)   Evacuate Collection Set: 772.9ms
[2025-04-07T02:08:02.263+0100][6692.348s] GC(18)   Post Evacuate Collection Set: 155.3ms
[2025-04-07T02:08:02.263+0100][6692.348s] GC(18)   Other: 0.3ms
[2025-04-07T02:08:02.263+0100][6692.348s] GC(18) Eden regions: 24->0(23)
[2025-04-07T02:08:02.263+0100][6692.348s] GC(18) Survivor regions: 1->2(4)
[2025-04-07T02:08:02.263+0100][6692.348s] GC(18) Old regions: 69->69
[2025-04-07T02:08:02.263+0100][6692.348s] GC(18) Humongous regions: 5->5
[2025-04-07T02:08:02.263+0100][6692.348s] GC(18) Metaspace: 62448K->62448K(1105920K)
[2025-04-07T02:08:02.263+0100][6692.348s] GC(18) Pause Young (Normal) (G1 Evacuation Pause) 98M->75M(512M) 928.762ms
[2025-04-07T02:08:02.263+0100][6692.348s] GC(18) User=0.34s Sys=0.00s Real=0.93s
[2025-04-07T02:08:55.126+0100][6745.211s] GC(19) Pause Young (Normal) (G1 Evacuation Pause)
[2025-04-07T02:08:55.126+0100][6745.211s] GC(19) Using 8 workers of 8 for evacuation
[2025-04-07T02:08:55.430+0100][6745.515s] GC(19) MMU target violated: 251.0ms (250.0ms/251.0ms)
[2025-04-07T02:08:55.430+0100][6745.515s] GC(19)   Pre Evacuate Collection Set: 0.0ms
[2025-04-07T02:08:55.430+0100][6745.516s] GC(19)   Evacuate Collection Set: 283.4ms
[2025-04-07T02:08:55.430+0100][6745.516s] GC(19)   Post Evacuate Collection Set: 4.3ms
[2025-04-07T02:08:55.430+0100][6745.516s] GC(19)   Other: 16.9ms
[2025-04-07T02:08:55.430+0100][6745.516s] GC(19) Eden regions: 23->0(23)
[2025-04-07T02:08:55.430+0100][6745.516s] GC(19) Survivor regions: 2->2(4)
[2025-04-07T02:08:55.430+0100][6745.516s] GC(19) Old regions: 69->69
[2025-04-07T02:08:55.430+0100][6745.516s] GC(19) Humongous regions: 5->5
[2025-04-07T02:08:55.430+0100][6745.516s] GC(19) Metaspace: 63591K->63591K(1105920K)
[2025-04-07T02:08:55.481+0100][6745.567s] GC(19) Pause Young (Normal) (G1 Evacuation Pause) 98M->75M(512M) 355.998ms
[2025-04-07T02:08:55.481+0100][6745.567s] GC(19) User=0.22s Sys=0.00s Real=0.36s
[2025-04-07T02:08:56.470+0100][6746.555s] GC(20) Pause Young (Normal) (G1 Evacuation Pause)
[2025-04-07T02:08:56.470+0100][6746.555s] GC(20) Using 8 workers of 8 for evacuation
[2025-04-07T02:08:56.644+0100][6746.729s] GC(20)   Pre Evacuate Collection Set: 0.0ms
[2025-04-07T02:08:56.644+0100][6746.729s] GC(20)   Evacuate Collection Set: 173.2ms
[2025-04-07T02:08:56.644+0100][6746.729s] GC(20)   Post Evacuate Collection Set: 0.5ms
[2025-04-07T02:08:56.644+0100][6746.729s] GC(20)   Other: 0.2ms
[2025-04-07T02:08:56.644+0100][6746.729s] GC(20) Eden regions: 23->0(22)
[2025-04-07T02:08:56.644+0100][6746.729s] GC(20) Survivor regions: 2->3(4)
[2025-04-07T02:08:56.644+0100][6746.729s] GC(20) Old regions: 69->69
[2025-04-07T02:08:56.644+0100][6746.729s] GC(20) Humongous regions: 5->5
[2025-04-07T02:08:56.644+0100][6746.729s] GC(20) Metaspace: 63595K->63595K(1105920K)
[2025-04-07T02:08:56.644+0100][6746.729s] GC(20) Pause Young (Normal) (G1 Evacuation Pause) 98M->76M(512M) 174.077ms
[2025-04-07T02:08:56.644+0100][6746.729s] GC(20) User=0.00s Sys=0.00s Real=0.17s
[2025-04-07T02:08:57.433+0100][6747.518s] GC(21) Pause Young (Normal) (G1 Evacuation Pause)
[2025-04-07T02:08:57.433+0100][6747.518s] GC(21) Using 8 workers of 8 for evacuation
[2025-04-07T02:08:57.499+0100][6747.585s] GC(21)   Pre Evacuate Collection Set: 0.0ms
[2025-04-07T02:08:57.499+0100][6747.585s] GC(21)   Evacuate Collection Set: 66.2ms
[2025-04-07T02:08:57.499+0100][6747.585s] GC(21)   Post Evacuate Collection Set: 0.5ms
[2025-04-07T02:08:57.499+0100][6747.585s] GC(21)   Other: 0.2ms
[2025-04-07T02:08:57.499+0100][6747.585s] GC(21) Eden regions: 22->0(22)
[2025-04-07T02:08:57.499+0100][6747.585s] GC(21) Survivor regions: 3->3(4)
[2025-04-07T02:08:57.499+0100][6747.585s] GC(21) Old regions: 69->70
[2025-04-07T02:08:57.499+0100][6747.585s] GC(21) Humongous regions: 5->5
[2025-04-07T02:08:57.499+0100][6747.585s] GC(21) Metaspace: 63596K->63596K(1105920K)
[2025-04-07T02:08:57.499+0100][6747.585s] GC(21) Pause Young (Normal) (G1 Evacuation Pause) 98M->77M(512M) 67.004ms
[2025-04-07T02:08:57.499+0100][6747.585s] GC(21) User=0.02s Sys=0.00s Real=0.07s
[2025-04-07T02:08:57.515+0100][6747.601s] GC(22) Pause Young (Normal) (G1 Evacuation Pause)
[2025-04-07T02:08:57.515+0100][6747.601s] GC(22) Using 8 workers of 8 for evacuation
[2025-04-07T02:08:57.518+0100][6747.603s] GC(22)   Pre Evacuate Collection Set: 0.0ms
[2025-04-07T02:08:57.518+0100][6747.603s] GC(22)   Evacuate Collection Set: 1.3ms
[2025-04-07T02:08:57.518+0100][6747.603s] GC(22)   Post Evacuate Collection Set: 0.5ms
[2025-04-07T02:08:57.518+0100][6747.603s] GC(22)   Other: 0.1ms
[2025-04-07T02:08:57.518+0100][6747.603s] GC(22) Eden regions: 22->0(23)
[2025-04-07T02:08:57.518+0100][6747.603s] GC(22) Survivor regions: 3->2(4)
[2025-04-07T02:08:57.518+0100][6747.603s] GC(22) Old regions: 70->71
[2025-04-07T02:08:57.518+0100][6747.603s] GC(22) Humongous regions: 5->5
[2025-04-07T02:08:57.518+0100][6747.603s] GC(22) Metaspace: 63596K->63596K(1105920K)
[2025-04-07T02:08:57.518+0100][6747.603s] GC(22) Pause Young (Normal) (G1 Evacuation Pause) 99M->76M(512M) 2.042ms
[2025-04-07T02:08:57.518+0100][6747.603s] GC(22) User=0.00s Sys=0.00s Real=0.00s
[2025-04-07T02:08:57.687+0100][6747.772s] GC(23) Pause Young (Normal) (G1 Evacuation Pause)
[2025-04-07T02:08:57.687+0100][6747.772s] GC(23) Using 8 workers of 8 for evacuation
[2025-04-07T02:08:57.688+0100][6747.774s] GC(23)   Pre Evacuate Collection Set: 0.0ms
[2025-04-07T02:08:57.688+0100][6747.774s] GC(23)   Evacuate Collection Set: 1.0ms
[2025-04-07T02:08:57.688+0100][6747.774s] GC(23)   Post Evacuate Collection Set: 0.5ms
[2025-04-07T02:08:57.688+0100][6747.774s] GC(23)   Other: 0.2ms
[2025-04-07T02:08:57.688+0100][6747.774s] GC(23) Eden regions: 23->0(23)
[2025-04-07T02:08:57.688+0100][6747.774s] GC(23) Survivor regions: 2->2(4)
[2025-04-07T02:08:57.688+0100][6747.774s] GC(23) Old regions: 71->71
[2025-04-07T02:08:57.688+0100][6747.774s] GC(23) Humongous regions: 5->5
[2025-04-07T02:08:57.688+0100][6747.774s] GC(23) Metaspace: 63596K->63596K(1105920K)
[2025-04-07T02:08:57.688+0100][6747.774s] GC(23) Pause Young (Normal) (G1 Evacuation Pause) 99M->77M(512M) 2.028ms
[2025-04-07T02:08:57.688+0100][6747.774s] GC(23) User=0.00s Sys=0.00s Real=0.00s
[2025-04-07T02:08:57.917+0100][6748.002s] GC(24) Pause Young (Normal) (G1 Evacuation Pause)
[2025-04-07T02:08:57.917+0100][6748.002s] GC(24) Using 8 workers of 8 for evacuation
[2025-04-07T02:08:57.936+0100][6748.021s] GC(24)   Pre Evacuate Collection Set: 0.0ms
[2025-04-07T02:08:57.936+0100][6748.021s] GC(24)   Evacuate Collection Set: 18.7ms
[2025-04-07T02:08:57.936+0100][6748.021s] GC(24)   Post Evacuate Collection Set: 0.3ms
[2025-04-07T02:08:57.936+0100][6748.021s] GC(24)   Other: 0.2ms
[2025-04-07T02:08:57.936+0100][6748.021s] GC(24) Eden regions: 23->0(23)
[2025-04-07T02:08:57.936+0100][6748.021s] GC(24) Survivor regions: 2->2(4)
[2025-04-07T02:08:57.936+0100][6748.021s] GC(24) Old regions: 71->71
[2025-04-07T02:08:57.936+0100][6748.021s] GC(24) Humongous regions: 5->5
[2025-04-07T02:08:57.936+0100][6748.021s] GC(24) Metaspace: 63598K->63598K(1105920K)
[2025-04-07T02:08:57.936+0100][6748.021s] GC(24) Pause Young (Normal) (G1 Evacuation Pause) 100M->76M(512M) 19.370ms
[2025-04-07T02:08:57.936+0100][6748.021s] GC(24) User=0.02s Sys=0.00s Real=0.02s
[2025-04-07T02:08:58.120+0100][6748.205s] GC(25) Pause Young (Normal) (G1 Evacuation Pause)
[2025-04-07T02:08:58.120+0100][6748.205s] GC(25) Using 8 workers of 8 for evacuation
[2025-04-07T02:08:58.122+0100][6748.207s] GC(25)   Pre Evacuate Collection Set: 0.0ms
[2025-04-07T02:08:58.122+0100][6748.207s] GC(25)   Evacuate Collection Set: 0.9ms
[2025-04-07T02:08:58.122+0100][6748.207s] GC(25)   Post Evacuate Collection Set: 0.4ms
[2025-04-07T02:08:58.122+0100][6748.207s] GC(25)   Other: 0.2ms
[2025-04-07T02:08:58.122+0100][6748.207s] GC(25) Eden regions: 23->0(23)
[2025-04-07T02:08:58.122+0100][6748.207s] GC(25) Survivor regions: 2->2(4)
[2025-04-07T02:08:58.122+0100][6748.207s] GC(25) Old regions: 71->71
[2025-04-07T02:08:58.122+0100][6748.207s] GC(25) Humongous regions: 5->5
[2025-04-07T02:08:58.122+0100][6748.207s] GC(25) Metaspace: 63605K->63605K(1107968K)
[2025-04-07T02:08:58.122+0100][6748.207s] GC(25) Pause Young (Normal) (G1 Evacuation Pause) 99M->76M(512M) 1.669ms
[2025-04-07T02:08:58.122+0100][6748.207s] GC(25) User=0.00s Sys=0.00s Real=0.00s
[2025-04-07T02:09:04.172+0100][6754.258s] GC(26) Pause Young (Normal) (G1 Evacuation Pause)
[2025-04-07T02:09:04.172+0100][6754.258s] GC(26) Using 8 workers of 8 for evacuation
[2025-04-07T02:09:04.310+0100][6754.395s] GC(26)   Pre Evacuate Collection Set: 0.0ms
[2025-04-07T02:09:04.310+0100][6754.395s] GC(26)   Evacuate Collection Set: 136.8ms
[2025-04-07T02:09:04.310+0100][6754.395s] GC(26)   Post Evacuate Collection Set: 0.4ms
[2025-04-07T02:09:04.310+0100][6754.395s] GC(26)   Other: 0.1ms
[2025-04-07T02:09:04.310+0100][6754.395s] GC(26) Eden regions: 23->0(24)
[2025-04-07T02:09:04.310+0100][6754.395s] GC(26) Survivor regions: 2->1(4)
[2025-04-07T02:09:04.310+0100][6754.395s] GC(26) Old regions: 71->71
[2025-04-07T02:09:04.310+0100][6754.395s] GC(26) Humongous regions: 5->5
[2025-04-07T02:09:04.310+0100][6754.395s] GC(26) Metaspace: 63634K->63634K(1107968K)
[2025-04-07T02:09:04.310+0100][6754.395s] GC(26) Pause Young (Normal) (G1 Evacuation Pause) 99M->76M(512M) 137.458ms
[2025-04-07T02:09:04.310+0100][6754.395s] GC(26) User=0.03s Sys=0.00s Real=0.14s
[2025-04-07T02:09:11.837+0100][6761.922s] GC(27) Pause Young (Normal) (G1 Evacuation Pause)
[2025-04-07T02:09:11.837+0100][6761.922s] GC(27) Using 8 workers of 8 for evacuation
[2025-04-07T02:09:11.976+0100][6762.061s] GC(27)   Pre Evacuate Collection Set: 0.0ms
[2025-04-07T02:09:11.976+0100][6762.061s] GC(27)   Evacuate Collection Set: 138.3ms
[2025-04-07T02:09:11.976+0100][6762.061s] GC(27)   Post Evacuate Collection Set: 0.7ms
[2025-04-07T02:09:11.976+0100][6762.061s] GC(27)   Other: 0.2ms
[2025-04-07T02:09:11.976+0100][6762.061s] GC(27) Eden regions: 24->0(21)
[2025-04-07T02:09:11.976+0100][6762.061s] GC(27) Survivor regions: 1->4(4)
[2025-04-07T02:09:11.976+0100][6762.061s] GC(27) Old regions: 71->71
[2025-04-07T02:09:11.976+0100][6762.061s] GC(27) Humongous regions: 5->5
[2025-04-07T02:09:11.976+0100][6762.061s] GC(27) Metaspace: 63780K->63780K(1107968K)
[2025-04-07T02:09:11.976+0100][6762.061s] GC(27) Pause Young (Normal) (G1 Evacuation Pause) 100M->79M(512M) 139.563ms
[2025-04-07T02:09:11.976+0100][6762.061s] GC(27) User=0.05s Sys=0.00s Real=0.14s
[2025-04-07T02:09:30.862+0100][6780.947s] GC(28) Pause Young (Normal) (G1 Evacuation Pause)
[2025-04-07T02:09:30.862+0100][6780.947s] GC(28) Using 8 workers of 8 for evacuation
[2025-04-07T02:09:30.897+0100][6780.983s] GC(28)   Pre Evacuate Collection Set: 0.0ms
[2025-04-07T02:09:30.897+0100][6780.983s] GC(28)   Evacuate Collection Set: 35.3ms
[2025-04-07T02:09:30.897+0100][6780.983s] GC(28)   Post Evacuate Collection Set: 0.4ms
[2025-04-07T02:09:30.897+0100][6780.983s] GC(28)   Other: 0.4ms
[2025-04-07T02:09:30.897+0100][6780.983s] GC(28) Eden regions: 21->0(21)
[2025-04-07T02:09:30.897+0100][6780.983s] GC(28) Survivor regions: 4->4(4)
[2025-04-07T02:09:30.897+0100][6780.983s] GC(28) Old regions: 71->73
[2025-04-07T02:09:30.897+0100][6780.983s] GC(28) Humongous regions: 5->5
[2025-04-07T02:09:30.897+0100][6780.983s] GC(28) Metaspace: 63898K->63898K(1107968K)
[2025-04-07T02:09:30.897+0100][6780.983s] GC(28) Pause Young (Normal) (G1 Evacuation Pause) 100M->81M(512M) 36.332ms
[2025-04-07T02:09:30.897+0100][6780.983s] GC(28) User=0.09s Sys=0.02s Real=0.04s
[2025-04-07T02:09:37.144+0100][6787.229s] GC(29) Pause Young (Normal) (G1 Evacuation Pause)
[2025-04-07T02:09:37.144+0100][6787.229s] GC(29) Using 8 workers of 8 for evacuation
[2025-04-07T02:09:37.220+0100][6787.305s] GC(29)   Pre Evacuate Collection Set: 11.9ms
[2025-04-07T02:09:37.220+0100][6787.305s] GC(29)   Evacuate Collection Set: 63.5ms
[2025-04-07T02:09:37.220+0100][6787.305s] GC(29)   Post Evacuate Collection Set: 0.4ms
[2025-04-07T02:09:37.220+0100][6787.305s] GC(29)   Other: 0.2ms
[2025-04-07T02:09:37.220+0100][6787.305s] GC(29) Eden regions: 21->0(21)
[2025-04-07T02:09:37.220+0100][6787.305s] GC(29) Survivor regions: 4->4(4)
[2025-04-07T02:09:37.220+0100][6787.305s] GC(29) Old regions: 73->81
[2025-04-07T02:09:37.220+0100][6787.305s] GC(29) Humongous regions: 12->12
[2025-04-07T02:09:37.220+0100][6787.305s] GC(29) Metaspace: 64719K->64719K(1107968K)
[2025-04-07T02:09:37.220+0100][6787.305s] GC(29) Pause Young (Normal) (G1 Evacuation Pause) 109M->96M(512M) 76.127ms
[2025-04-07T02:09:37.220+0100][6787.305s] GC(29) User=0.02s Sys=0.00s Real=0.08s
[2025-04-07T02:09:42.110+0100][6792.195s] GC(30) Pause Young (Normal) (G1 Evacuation Pause)
[2025-04-07T02:09:42.110+0100][6792.195s] GC(30) Using 8 workers of 8 for evacuation
[2025-04-07T02:09:42.135+0100][6792.220s] GC(30)   Pre Evacuate Collection Set: 0.0ms
[2025-04-07T02:09:42.135+0100][6792.220s] GC(30)   Evacuate Collection Set: 24.7ms
[2025-04-07T02:09:42.135+0100][6792.220s] GC(30)   Post Evacuate Collection Set: 0.4ms
[2025-04-07T02:09:42.135+0100][6792.220s] GC(30)   Other: 0.2ms
[2025-04-07T02:09:42.135+0100][6792.220s] GC(30) Eden regions: 21->0(21)
[2025-04-07T02:09:42.135+0100][6792.220s] GC(30) Survivor regions: 4->4(4)
[2025-04-07T02:09:42.135+0100][6792.220s] GC(30) Old regions: 81->90
[2025-04-07T02:09:42.135+0100][6792.220s] GC(30) Humongous regions: 27->27
[2025-04-07T02:09:42.135+0100][6792.220s] GC(30) Metaspace: 65337K->65337K(1107968K)
[2025-04-07T02:09:42.135+0100][6792.220s] GC(30) Pause Young (Normal) (G1 Evacuation Pause) 132M->120M(512M) 25.495ms
[2025-04-07T02:09:42.136+0100][6792.220s] GC(30) User=0.02s Sys=0.00s Real=0.03s
[2025-04-07T02:09:42.946+0100][6793.031s] GC(31) Pause Young (Normal) (G1 Evacuation Pause)
[2025-04-07T02:09:42.946+0100][6793.031s] GC(31) Using 8 workers of 8 for evacuation
[2025-04-07T02:09:42.948+0100][6793.033s] GC(31)   Pre Evacuate Collection Set: 0.0ms
[2025-04-07T02:09:42.948+0100][6793.033s] GC(31)   Evacuate Collection Set: 1.8ms
[2025-04-07T02:09:42.948+0100][6793.033s] GC(31)   Post Evacuate Collection Set: 0.5ms
[2025-04-07T02:09:42.948+0100][6793.033s] GC(31)   Other: 0.1ms
[2025-04-07T02:09:42.948+0100][6793.033s] GC(31) Eden regions: 21->0(22)
[2025-04-07T02:09:42.948+0100][6793.033s] GC(31) Survivor regions: 4->3(4)
[2025-04-07T02:09:42.948+0100][6793.033s] GC(31) Old regions: 90->94
[2025-04-07T02:09:42.948+0100][6793.033s] GC(31) Humongous regions: 27->27
[2025-04-07T02:09:42.948+0100][6793.033s] GC(31) Metaspace: 65405K->65405K(1107968K)
[2025-04-07T02:09:42.948+0100][6793.033s] GC(31) Pause Young (Normal) (G1 Evacuation Pause) 141M->123M(512M) 2.581ms
[2025-04-07T02:09:42.948+0100][6793.033s] GC(31) User=0.00s Sys=0.00s Real=0.00s
[2025-04-07T02:09:56.635+0100][6806.720s] GC(32) Pause Young (Normal) (G1 Evacuation Pause)
[2025-04-07T02:09:56.635+0100][6806.720s] GC(32) Using 8 workers of 8 for evacuation
[2025-04-07T02:09:56.661+0100][6806.747s] GC(32)   Pre Evacuate Collection Set: 0.0ms
[2025-04-07T02:09:56.661+0100][6806.747s] GC(32)   Evacuate Collection Set: 25.9ms
[2025-04-07T02:09:56.661+0100][6806.747s] GC(32)   Post Evacuate Collection Set: 0.4ms
[2025-04-07T02:09:56.661+0100][6806.747s] GC(32)   Other: 0.1ms
[2025-04-07T02:09:56.661+0100][6806.747s] GC(32) Eden regions: 22->0(30)
[2025-04-07T02:09:56.661+0100][6806.747s] GC(32) Survivor regions: 3->3(4)
[2025-04-07T02:09:56.661+0100][6806.747s] GC(32) Old regions: 94->96
[2025-04-07T02:09:56.661+0100][6806.747s] GC(32) Humongous regions: 27->27
[2025-04-07T02:09:56.661+0100][6806.747s] GC(32) Metaspace: 65532K->65532K(1107968K)
[2025-04-07T02:09:56.661+0100][6806.747s] GC(32) Pause Young (Normal) (G1 Evacuation Pause) 145M->125M(512M) 26.626ms
[2025-04-07T02:09:56.661+0100][6806.747s] GC(32) User=0.02s Sys=0.00s Real=0.03s
[2025-04-07T02:10:22.930+0100][6833.015s] GC(33) Pause Young (Normal) (G1 Evacuation Pause)
[2025-04-07T02:10:22.930+0100][6833.015s] GC(33) Using 8 workers of 8 for evacuation
[2025-04-07T02:10:23.262+0100][6833.347s] GC(33) MMU target violated: 251.0ms (250.0ms/251.0ms)
[2025-04-07T02:10:23.262+0100][6833.347s] GC(33)   Pre Evacuate Collection Set: 0.0ms
[2025-04-07T02:10:23.262+0100][6833.347s] GC(33)   Evacuate Collection Set: 331.9ms
[2025-04-07T02:10:23.262+0100][6833.347s] GC(33)   Post Evacuate Collection Set: 0.5ms
[2025-04-07T02:10:23.262+0100][6833.347s] GC(33)   Other: 0.3ms
[2025-04-07T02:10:23.262+0100][6833.347s] GC(33) Eden regions: 30->0(20)
[2025-04-07T02:10:23.262+0100][6833.347s] GC(33) Survivor regions: 3->5(5)
[2025-04-07T02:10:23.262+0100][6833.347s] GC(33) Old regions: 96->96
[2025-04-07T02:10:23.262+0100][6833.347s] GC(33) Humongous regions: 27->27
[2025-04-07T02:10:23.262+0100][6833.347s] GC(33) Metaspace: 65833K->65833K(1110016K)
[2025-04-07T02:10:23.262+0100][6833.348s] GC(33) Pause Young (Normal) (G1 Evacuation Pause) 155M->127M(512M) 332.947ms
[2025-04-07T02:10:23.262+0100][6833.348s] GC(33) User=0.05s Sys=0.00s Real=0.33s
[2025-04-07T02:10:23.304+0100][6833.389s] GC(34) Pause Young (Normal) (G1 Evacuation Pause)
[2025-04-07T02:10:23.304+0100][6833.389s] GC(34) Using 8 workers of 8 for evacuation
[2025-04-07T02:10:23.307+0100][6833.392s] GC(34)   Pre Evacuate Collection Set: 0.0ms
[2025-04-07T02:10:23.307+0100][6833.392s] GC(34)   Evacuate Collection Set: 1.9ms
[2025-04-07T02:10:23.307+0100][6833.392s] GC(34)   Post Evacuate Collection Set: 0.6ms
[2025-04-07T02:10:23.307+0100][6833.392s] GC(34)   Other: 0.2ms
[2025-04-07T02:10:23.307+0100][6833.392s] GC(34) Eden regions: 20->0(24)
[2025-04-07T02:10:23.307+0100][6833.392s] GC(34) Survivor regions: 5->4(4)
[2025-04-07T02:10:23.307+0100][6833.392s] GC(34) Old regions: 96->100
[2025-04-07T02:10:23.307+0100][6833.392s] GC(34) Humongous regions: 27->27
[2025-04-07T02:10:23.307+0100][6833.392s] GC(34) Metaspace: 65877K->65877K(1110016K)
[2025-04-07T02:10:23.307+0100][6833.392s] GC(34) Pause Young (Normal) (G1 Evacuation Pause) 147M->129M(512M) 2.830ms
[2025-04-07T02:10:23.307+0100][6833.392s] GC(34) User=0.00s Sys=0.00s Real=0.00s
[2025-04-07T02:10:27.994+0100][6838.079s] GC(35) Pause Young (Normal) (G1 Evacuation Pause)
[2025-04-07T02:10:27.994+0100][6838.079s] GC(35) Using 8 workers of 8 for evacuation
[2025-04-07T02:10:27.996+0100][6838.081s] GC(35)   Pre Evacuate Collection Set: 0.0ms
[2025-04-07T02:10:27.996+0100][6838.081s] GC(35)   Evacuate Collection Set: 1.2ms
[2025-04-07T02:10:27.996+0100][6838.081s] GC(35)   Post Evacuate Collection Set: 0.3ms
[2025-04-07T02:10:27.996+0100][6838.081s] GC(35)   Other: 0.2ms
[2025-04-07T02:10:27.996+0100][6838.081s] GC(35) Eden regions: 24->0(31)
[2025-04-07T02:10:27.996+0100][6838.081s] GC(35) Survivor regions: 4->4(4)
[2025-04-07T02:10:27.996+0100][6838.081s] GC(35) Old regions: 100->101
[2025-04-07T02:10:27.996+0100][6838.081s] GC(35) Humongous regions: 27->27
[2025-04-07T02:10:27.996+0100][6838.081s] GC(35) Metaspace: 65914K->65914K(1110016K)
[2025-04-07T02:10:27.996+0100][6838.081s] GC(35) Pause Young (Normal) (G1 Evacuation Pause) 153M->131M(512M) 1.965ms
[2025-04-07T02:10:27.996+0100][6838.081s] GC(35) User=0.00s Sys=0.00s Real=0.00s
[2025-04-07T02:10:32.013+0100][6842.099s] GC(36) Pause Young (Normal) (G1 Evacuation Pause)
[2025-04-07T02:10:32.013+0100][6842.099s] GC(36) Using 8 workers of 8 for evacuation
[2025-04-07T02:10:32.103+0100][6842.188s] GC(36)   Pre Evacuate Collection Set: 0.0ms
[2025-04-07T02:10:32.103+0100][6842.188s] GC(36)   Evacuate Collection Set: 88.5ms
[2025-04-07T02:10:32.103+0100][6842.188s] GC(36)   Post Evacuate Collection Set: 0.2ms
[2025-04-07T02:10:32.103+0100][6842.188s] GC(36)   Other: 0.4ms
[2025-04-07T02:10:32.103+0100][6842.188s] GC(36) Eden regions: 31->0(40)
[2025-04-07T02:10:32.103+0100][6842.188s] GC(36) Survivor regions: 4->4(5)
[2025-04-07T02:10:32.103+0100][6842.188s] GC(36) Old regions: 101->104
[2025-04-07T02:10:32.103+0100][6842.188s] GC(36) Humongous regions: 27->27
[2025-04-07T02:10:32.103+0100][6842.188s] GC(36) Metaspace: 65952K->65952K(1110016K)
[2025-04-07T02:10:32.103+0100][6842.188s] GC(36) Pause Young (Normal) (G1 Evacuation Pause) 162M->133M(512M) 89.238ms
[2025-04-07T02:10:32.103+0100][6842.188s] GC(36) User=0.14s Sys=0.00s Real=0.09s
[2025-04-07T02:10:54.055+0100][6864.140s] GC(37) Pause Young (Normal) (G1 Evacuation Pause)
[2025-04-07T02:10:54.055+0100][6864.140s] GC(37) Using 8 workers of 8 for evacuation
[2025-04-07T02:10:54.393+0100][6864.479s] GC(37) MMU target violated: 251.0ms (250.0ms/251.0ms)
[2025-04-07T02:10:54.393+0100][6864.479s] GC(37)   Pre Evacuate Collection Set: 12.4ms
[2025-04-07T02:10:54.393+0100][6864.479s] GC(37)   Evacuate Collection Set: 325.2ms
[2025-04-07T02:10:54.393+0100][6864.479s] GC(37)   Post Evacuate Collection Set: 0.6ms
[2025-04-07T02:10:54.393+0100][6864.479s] GC(37)   Other: 0.3ms
[2025-04-07T02:10:54.393+0100][6864.479s] GC(37) Eden regions: 40->0(26)
[2025-04-07T02:10:54.393+0100][6864.479s] GC(37) Survivor regions: 4->6(6)
[2025-04-07T02:10:54.393+0100][6864.479s] GC(37) Old regions: 104->105
[2025-04-07T02:10:54.393+0100][6864.479s] GC(37) Humongous regions: 27->27
[2025-04-07T02:10:54.393+0100][6864.479s] GC(37) Metaspace: 67097K->67097K(1110016K)
[2025-04-07T02:10:54.393+0100][6864.479s] GC(37) Pause Young (Normal) (G1 Evacuation Pause) 173M->137M(512M) 338.540ms
[2025-04-07T02:10:54.393+0100][6864.479s] GC(37) User=0.03s Sys=0.00s Real=0.34s
[2025-04-07T02:10:54.501+0100][6864.589s] GC(38) Pause Young (Normal) (G1 Evacuation Pause)
[2025-04-07T02:10:54.501+0100][6864.589s] GC(38) Using 8 workers of 8 for evacuation
[2025-04-07T02:10:54.526+0100][6864.611s] GC(38)   Pre Evacuate Collection Set: 0.0ms
[2025-04-07T02:10:54.526+0100][6864.611s] GC(38)   Evacuate Collection Set: 20.8ms
[2025-04-07T02:10:54.526+0100][6864.611s] GC(38)   Post Evacuate Collection Set: 0.4ms
[2025-04-07T02:10:54.526+0100][6864.611s] GC(38)   Other: 0.1ms
[2025-04-07T02:10:54.526+0100][6864.611s] GC(38) Eden regions: 26->0(35)
[2025-04-07T02:10:54.526+0100][6864.611s] GC(38) Survivor regions: 6->1(4)
[2025-04-07T02:10:54.526+0100][6864.611s] GC(38) Old regions: 105->110
[2025-04-07T02:10:54.526+0100][6864.611s] GC(38) Humongous regions: 27->27
[2025-04-07T02:10:54.526+0100][6864.611s] GC(38) Metaspace: 67198K->67198K(1110016K)
[2025-04-07T02:10:54.526+0100][6864.611s] GC(38) Pause Young (Normal) (G1 Evacuation Pause) 163M->137M(512M) 21.601ms
[2025-04-07T02:10:54.526+0100][6864.611s] GC(38) User=0.00s Sys=0.00s Real=0.03s
[2025-04-07T02:10:54.972+0100][6865.057s] GC(39) Pause Young (Normal) (G1 Evacuation Pause)
[2025-04-07T02:10:54.972+0100][6865.057s] GC(39) Using 8 workers of 8 for evacuation
[2025-04-07T02:10:54.973+0100][6865.058s] GC(39)   Pre Evacuate Collection Set: 0.0ms
[2025-04-07T02:10:54.973+0100][6865.058s] GC(39)   Evacuate Collection Set: 0.6ms
[2025-04-07T02:10:54.973+0100][6865.058s] GC(39)   Post Evacuate Collection Set: 0.3ms
[2025-04-07T02:10:54.973+0100][6865.058s] GC(39)   Other: 0.1ms
[2025-04-07T02:10:54.973+0100][6865.058s] GC(39) Eden regions: 35->0(47)
[2025-04-07T02:10:54.973+0100][6865.058s] GC(39) Survivor regions: 1->1(5)
[2025-04-07T02:10:54.973+0100][6865.058s] GC(39) Old regions: 110->110
[2025-04-07T02:10:54.973+0100][6865.058s] GC(39) Humongous regions: 27->27
[2025-04-07T02:10:54.973+0100][6865.058s] GC(39) Metaspace: 67285K->67285K(1110016K)
[2025-04-07T02:10:54.973+0100][6865.058s] GC(39) Pause Young (Normal) (G1 Evacuation Pause) 172M->137M(512M) 1.207ms
[2025-04-07T02:10:54.973+0100][6865.058s] GC(39) User=0.00s Sys=0.00s Real=0.00s
[2025-04-07T02:10:55.260+0100][6865.346s] GC(40) Pause Young (Normal) (G1 Evacuation Pause)
[2025-04-07T02:10:55.260+0100][6865.346s] GC(40) Using 8 workers of 8 for evacuation
[2025-04-07T02:10:55.261+0100][6865.347s] GC(40)   Pre Evacuate Collection Set: 0.0ms
[2025-04-07T02:10:55.261+0100][6865.347s] GC(40)   Evacuate Collection Set: 0.6ms
[2025-04-07T02:10:55.261+0100][6865.347s] GC(40)   Post Evacuate Collection Set: 0.3ms
[2025-04-07T02:10:55.261+0100][6865.347s] GC(40)   Other: 0.2ms
[2025-04-07T02:10:55.261+0100][6865.347s] GC(40) Eden regions: 47->0(60)
[2025-04-07T02:10:55.261+0100][6865.347s] GC(40) Survivor regions: 1->2(6)
[2025-04-07T02:10:55.261+0100][6865.347s] GC(40) Old regions: 110->110
[2025-04-07T02:10:55.261+0100][6865.347s] GC(40) Humongous regions: 27->27
[2025-04-07T02:10:55.261+0100][6865.347s] GC(40) Metaspace: 67314K->67314K(1110016K)
[2025-04-07T02:10:55.261+0100][6865.347s] GC(40) Pause Young (Normal) (G1 Evacuation Pause) 184M->138M(512M) 1.234ms
[2025-04-07T02:10:55.261+0100][6865.347s] GC(40) User=0.00s Sys=0.00s Real=0.00s
[2025-04-07T02:10:58.824+0100][6868.909s] GC(41) Pause Young (Normal) (G1 Evacuation Pause)
[2025-04-07T02:10:58.824+0100][6868.909s] GC(41) Using 8 workers of 8 for evacuation
[2025-04-07T02:10:58.890+0100][6868.975s] GC(41)   Pre Evacuate Collection Set: 0.0ms
[2025-04-07T02:10:58.890+0100][6868.975s] GC(41)   Evacuate Collection Set: 64.6ms
[2025-04-07T02:10:58.890+0100][6868.975s] GC(41)   Post Evacuate Collection Set: 0.4ms
[2025-04-07T02:10:58.890+0100][6868.975s] GC(41)   Other: 0.1ms
[2025-04-07T02:10:58.890+0100][6868.975s] GC(41) Eden regions: 60->0(51)
[2025-04-07T02:10:58.890+0100][6868.975s] GC(41) Survivor regions: 2->2(8)
[2025-04-07T02:10:58.890+0100][6868.975s] GC(41) Old regions: 110->110
[2025-04-07T02:10:58.890+0100][6868.975s] GC(41) Humongous regions: 27->27
[2025-04-07T02:10:58.890+0100][6868.975s] GC(41) Metaspace: 67354K->67354K(1110016K)
[2025-04-07T02:10:58.890+0100][6868.975s] GC(41) Pause Young (Normal) (G1 Evacuation Pause) 198M->138M(512M) 65.336ms
[2025-04-07T02:10:58.890+0100][6868.975s] GC(41) User=0.00s Sys=0.00s Real=0.07s
[2025-04-07T02:10:59.148+0100][6869.233s] GC(42) Pause Young (Normal) (G1 Evacuation Pause)
[2025-04-07T02:10:59.148+0100][6869.233s] GC(42) Using 8 workers of 8 for evacuation
[2025-04-07T02:10:59.149+0100][6869.234s] GC(42)   Pre Evacuate Collection Set: 0.0ms
[2025-04-07T02:10:59.149+0100][6869.234s] GC(42)   Evacuate Collection Set: 0.7ms
[2025-04-07T02:10:59.149+0100][6869.234s] GC(42)   Post Evacuate Collection Set: 0.4ms
[2025-04-07T02:10:59.149+0100][6869.234s] GC(42)   Other: 0.1ms
[2025-04-07T02:10:59.149+0100][6869.234s] GC(42) Eden regions: 51->0(65)
[2025-04-07T02:10:59.149+0100][6869.234s] GC(42) Survivor regions: 2->2(7)
[2025-04-07T02:10:59.149+0100][6869.234s] GC(42) Old regions: 110->110
[2025-04-07T02:10:59.149+0100][6869.234s] GC(42) Humongous regions: 27->27
[2025-04-07T02:10:59.149+0100][6869.234s] GC(42) Metaspace: 67367K->67367K(1110016K)
[2025-04-07T02:10:59.149+0100][6869.234s] GC(42) Pause Young (Normal) (G1 Evacuation Pause) 189M->138M(512M) 1.438ms
[2025-04-07T02:10:59.149+0100][6869.234s] GC(42) User=0.00s Sys=0.00s Real=0.00s
[2025-04-07T02:45:12.363+0100][8922.629s] GC(43) Pause Young (Normal) (G1 Evacuation Pause)
[2025-04-07T02:45:12.644+0100][8922.730s] GC(43) Using 8 workers of 8 for evacuation
[2025-04-07T02:45:23.517+0100][8933.602s] GC(43) MMU target violated: 251.0ms (250.0ms/251.0ms)
[2025-04-07T02:45:23.517+0100][8933.602s] GC(43)   Pre Evacuate Collection Set: 583.9ms
[2025-04-07T02:45:23.517+0100][8933.602s] GC(43)   Evacuate Collection Set: 9005.7ms
[2025-04-07T02:45:23.517+0100][8933.602s] GC(43)   Post Evacuate Collection Set: 861.7ms
[2025-04-07T02:45:23.517+0100][8933.602s] GC(43)   Other: 730.4ms
[2025-04-07T02:45:23.517+0100][8933.602s] GC(43) Eden regions: 65->0(19)
[2025-04-07T02:45:23.517+0100][8933.602s] GC(43) Survivor regions: 2->6(9)
[2025-04-07T02:45:23.517+0100][8933.602s] GC(43) Old regions: 110->110
[2025-04-07T02:45:23.517+0100][8933.602s] GC(43) Humongous regions: 27->27
[2025-04-07T02:45:23.547+0100][8933.632s] GC(43) Metaspace: 67748K->67748K(1110016K)
[2025-04-07T02:45:23.573+0100][8933.658s] GC(43) Pause Young (Normal) (G1 Evacuation Pause) 203M->142M(512M) 11210.029ms
[2025-04-07T02:45:23.573+0100][8933.658s] GC(43) User=1.88s Sys=0.19s Real=11.21s
[2025-04-07T03:03:36.983+0100][10027.068s] GC(44) Pause Young (Normal) (G1 Evacuation Pause)
[2025-04-07T03:03:36.983+0100][10027.068s] GC(44) Using 8 workers of 8 for evacuation
[2025-04-07T03:03:38.165+0100][10028.250s] GC(44) MMU target violated: 251.0ms (250.0ms/251.0ms)
[2025-04-07T03:03:38.165+0100][10028.250s] GC(44)   Pre Evacuate Collection Set: 0.1ms
[2025-04-07T03:03:38.165+0100][10028.250s] GC(44)   Evacuate Collection Set: 978.6ms
[2025-04-07T03:03:38.165+0100][10028.250s] GC(44)   Post Evacuate Collection Set: 0.6ms
[2025-04-07T03:03:38.165+0100][10028.250s] GC(44)   Other: 203.1ms
[2025-04-07T03:03:38.165+0100][10028.250s] GC(44) Eden regions: 19->0(24)
[2025-04-07T03:03:38.165+0100][10028.251s] GC(44) Survivor regions: 6->1(4)
[2025-04-07T03:03:38.165+0100][10028.251s] GC(44) Old regions: 110->116
[2025-04-07T03:03:38.165+0100][10028.251s] GC(44) Humongous regions: 27->27
[2025-04-07T03:03:38.165+0100][10028.251s] GC(44) Metaspace: 67759K->67759K(1110016K)
[2025-04-07T03:03:38.165+0100][10028.251s] GC(44) Pause Young (Normal) (G1 Evacuation Pause) 161M->142M(512M) 1182.764ms
[2025-04-07T03:03:38.165+0100][10028.251s] GC(44) User=2.73s Sys=0.20s Real=1.18s
[2025-04-07T03:25:50.705+0100][11360.791s] GC(45) Pause Young (Normal) (G1 Evacuation Pause)
[2025-04-07T03:25:50.705+0100][11360.792s] GC(45) Using 8 workers of 8 for evacuation
[2025-04-07T03:25:50.810+0100][11360.897s] GC(45)   Pre Evacuate Collection Set: 0.2ms
[2025-04-07T03:25:50.810+0100][11360.897s] GC(45)   Evacuate Collection Set: 74.1ms
[2025-04-07T03:25:50.810+0100][11360.897s] GC(45)   Post Evacuate Collection Set: 30.5ms
[2025-04-07T03:25:50.810+0100][11360.897s] GC(45)   Other: 0.7ms
[2025-04-07T03:25:50.810+0100][11360.897s] GC(45) Eden regions: 24->0(24)
[2025-04-07T03:25:50.810+0100][11360.897s] GC(45) Survivor regions: 1->1(4)
[2025-04-07T03:25:50.810+0100][11360.897s] GC(45) Old regions: 116->116
[2025-04-07T03:25:50.810+0100][11360.897s] GC(45) Humongous regions: 27->27
[2025-04-07T03:25:50.810+0100][11360.897s] GC(45) Metaspace: 67770K->67770K(1110016K)
[2025-04-07T03:25:50.810+0100][11360.897s] GC(45) Pause Young (Normal) (G1 Evacuation Pause) 166M->142M(512M) 106.110ms
[2025-04-07T03:25:50.810+0100][11360.897s] GC(45) User=0.08s Sys=0.00s Real=0.11s
[2025-04-07T09:44:31.515+0100][34091.391s] GC(46) Pause Young (Normal) (G1 Evacuation Pause)
[2025-04-07T09:44:31.518+0100][34091.394s] GC(46) Using 8 workers of 8 for evacuation
[2025-04-07T09:44:32.231+0100][34092.106s] GC(46) MMU target violated: 251.0ms (250.0ms/251.0ms)
[2025-04-07T09:44:32.232+0100][34092.107s] GC(46)   Pre Evacuate Collection Set: 11.5ms
[2025-04-07T09:44:32.232+0100][34092.107s] GC(46)   Evacuate Collection Set: 410.5ms
[2025-04-07T09:44:32.232+0100][34092.107s] GC(46)   Post Evacuate Collection Set: 203.1ms
[2025-04-07T09:44:32.232+0100][34092.107s] GC(46)   Other: 91.7ms
[2025-04-07T09:44:32.232+0100][34092.107s] GC(46) Eden regions: 24->0(24)
[2025-04-07T09:44:32.232+0100][34092.107s] GC(46) Survivor regions: 1->1(4)
[2025-04-07T09:44:32.232+0100][34092.107s] GC(46) Old regions: 116->116
[2025-04-07T09:44:32.232+0100][34092.108s] GC(46) Humongous regions: 27->27
[2025-04-07T09:44:32.233+0100][34092.108s] GC(46) Metaspace: 67781K->67781K(1110016K)
[2025-04-07T09:44:32.233+0100][34092.109s] GC(46) Pause Young (Normal) (G1 Evacuation Pause) 166M->142M(512M) 718.438ms
[2025-04-07T09:44:32.233+0100][34092.109s] GC(46) User=0.08s Sys=0.02s Real=0.72s
[2025-04-07T10:06:13.123+0100][35393.033s] GC(47) Pause Young (Normal) (G1 Evacuation Pause)
[2025-04-07T10:06:13.177+0100][35393.053s] GC(47) Using 8 workers of 8 for evacuation
[2025-04-07T10:06:14.562+0100][35394.437s] GC(47) MMU target violated: 251.0ms (250.0ms/251.0ms)
[2025-04-07T10:06:14.562+0100][35394.437s] GC(47)   Pre Evacuate Collection Set: 2.4ms
[2025-04-07T10:06:14.562+0100][35394.438s] GC(47)   Evacuate Collection Set: 1101.2ms
[2025-04-07T10:06:14.562+0100][35394.438s] GC(47)   Post Evacuate Collection Set: 226.7ms
[2025-04-07T10:06:14.562+0100][35394.438s] GC(47)   Other: 108.9ms
[2025-04-07T10:06:14.562+0100][35394.438s] GC(47) Eden regions: 24->0(24)
[2025-04-07T10:06:14.562+0100][35394.438s] GC(47) Survivor regions: 1->1(4)
[2025-04-07T10:06:14.562+0100][35394.438s] GC(47) Old regions: 116->116
[2025-04-07T10:06:14.562+0100][35394.438s] GC(47) Humongous regions: 27->27
[2025-04-07T10:06:14.562+0100][35394.438s] GC(47) Metaspace: 67853K->67853K(1110016K)
[2025-04-07T10:06:14.801+0100][35394.676s] GC(47) Pause Young (Normal) (G1 Evacuation Pause) 166M->142M(512M) 1534.242ms
[2025-04-07T10:06:14.801+0100][35394.676s] GC(47) User=0.28s Sys=0.02s Real=1.68s
[2025-04-07T10:06:44.676+0100][35424.574s] Heap
[2025-04-07T10:06:44.698+0100][35424.574s]  garbage-first heap   total 524288K, used 151816K [0x00000000e0000000, 0x0000000100000000)
[2025-04-07T10:06:44.698+0100][35424.574s]   region size 1024K, 8 young (8192K), 1 survivors (1024K)
[2025-04-07T10:06:44.698+0100][35424.574s]  Metaspace       used 67977K, capacity 69574K, committed 69916K, reserved 1112064K
[2025-04-07T10:06:44.698+0100][35424.574s]   class space    used 7597K, capacity 8277K, committed 8396K, reserved 1048576K
