[2025-04-04T17:51:31.009+0000][0.024s] Heap region size: 1M
[2025-04-04T17:51:31.408+0000][0.423s] Using G1
[2025-04-04T17:51:31.408+0000][0.423s] Heap address: 0x00000000e0000000, size: 512 MB, Compressed Oops mode: 32-bit
[2025-04-04T17:51:33.089+0000][2.103s] GC(0) Pause Young (Normal) (G1 Evacuation Pause)
[2025-04-04T17:51:33.090+0000][2.105s] GC(0) Using 8 workers of 8 for evacuation
[2025-04-04T17:51:33.093+0000][2.108s] GC(0)   Pre Evacuate Collection Set: 0.0ms
[2025-04-04T17:51:33.093+0000][2.108s] GC(0)   Evacuate Collection Set: 2.7ms
[2025-04-04T17:51:33.093+0000][2.108s] GC(0)   Post Evacuate Collection Set: 0.4ms
[2025-04-04T17:51:33.093+0000][2.108s] GC(0)   Other: 1.4ms
[2025-04-04T17:51:33.093+0000][2.108s] GC(0) Eden regions: 30->0(303)
[2025-04-04T17:51:33.095+0000][2.110s] GC(0) Survivor regions: 0->4(4)
[2025-04-04T17:51:33.095+0000][2.110s] GC(0) Old regions: 0->4
[2025-04-04T17:51:33.095+0000][2.110s] GC(0) Humongous regions: 0->0
[2025-04-04T17:51:33.095+0000][2.110s] GC(0) Metaspace: 10848K(11392K)->10848K(11392K) NonClass: 9850K(10240K)->9850K(10240K) Class: 997K(1152K)->997K(1152K)
[2025-04-04T17:51:33.095+0000][2.110s] GC(0) Pause Young (Normal) (G1 Evacuation Pause) 30M->7M(512M) 6.789ms
[2025-04-04T17:51:33.095+0000][2.110s] GC(0) User=0.00s Sys=0.00s Real=0.01s
[2025-04-04T17:51:34.178+0000][3.193s] GC(1) Pause Young (Concurrent Start) (Metadata GC Threshold)
[2025-04-04T17:51:34.178+0000][3.193s] GC(1) Using 8 workers of 8 for evacuation
[2025-04-04T17:51:34.188+0000][3.203s] GC(1)   Pre Evacuate Collection Set: 0.0ms
[2025-04-04T17:51:34.188+0000][3.203s] GC(1)   Evacuate Collection Set: 9.0ms
[2025-04-04T17:51:34.188+0000][3.203s] GC(1)   Post Evacuate Collection Set: 0.5ms
[2025-04-04T17:51:34.188+0000][3.203s] GC(1)   Other: 0.3ms
[2025-04-04T17:51:34.188+0000][3.203s] GC(1) Eden regions: 55->0(67)
[2025-04-04T17:51:34.188+0000][3.203s] GC(1) Survivor regions: 4->13(39)
[2025-04-04T17:51:34.188+0000][3.203s] GC(1) Old regions: 4->4
[2025-04-04T17:51:34.188+0000][3.203s] GC(1) Humongous regions: 4->4
[2025-04-04T17:51:34.188+0000][3.203s] GC(1) Metaspace: 20713K(21296K)->20713K(21296K) NonClass: 18526K(18864K)->18526K(18864K) Class: 2187K(2432K)->2187K(2432K)
[2025-04-04T17:51:34.188+0000][3.203s] GC(1) Pause Young (Concurrent Start) (Metadata GC Threshold) 66M->20M(512M) 10.101ms
[2025-04-04T17:51:34.189+0000][3.203s] GC(1) User=0.05s Sys=0.00s Real=0.01s
[2025-04-04T17:51:34.189+0000][3.203s] GC(2) Concurrent Cycle
[2025-04-04T17:51:34.189+0000][3.203s] GC(2) Concurrent Clear Claimed Marks
[2025-04-04T17:51:34.189+0000][3.203s] GC(2) Concurrent Clear Claimed Marks 0.039ms
[2025-04-04T17:51:34.189+0000][3.203s] GC(2) Concurrent Scan Root Regions
[2025-04-04T17:51:34.193+0000][3.208s] GC(2) Concurrent Scan Root Regions 4.612ms
[2025-04-04T17:51:34.193+0000][3.208s] GC(2) Concurrent Mark (3.208s)
[2025-04-04T17:51:34.193+0000][3.208s] GC(2) Concurrent Mark From Roots
[2025-04-04T17:51:34.193+0000][3.208s] GC(2) Using 2 workers of 2 for marking
[2025-04-04T17:51:34.197+0000][3.212s] GC(2) Concurrent Mark From Roots 4.238ms
[2025-04-04T17:51:34.197+0000][3.212s] GC(2) Concurrent Preclean
[2025-04-04T17:51:34.197+0000][3.213s] GC(2) Concurrent Preclean 0.351ms
[2025-04-04T17:51:34.197+0000][3.213s] GC(2) Concurrent Mark (3.208s, 3.213s) 4.756ms
[2025-04-04T17:51:34.198+0000][3.214s] GC(2) Pause Remark
[2025-04-04T17:51:34.200+0000][3.215s] GC(2) Cleaned string and symbol table, strings: 9585 processed, 0 removed, symbols: 68024 processed, 18 removed
[2025-04-04T17:51:34.200+0000][3.215s] GC(2) Pause Remark 21M->21M(512M) 1.762ms
[2025-04-04T17:51:34.200+0000][3.215s] GC(2) User=0.00s Sys=0.00s Real=0.00s
[2025-04-04T17:51:34.200+0000][3.215s] GC(2) Concurrent Rebuild Remembered Sets
[2025-04-04T17:51:34.203+0000][3.218s] GC(2) Concurrent Rebuild Remembered Sets 2.767ms
[2025-04-04T17:51:34.203+0000][3.219s] GC(2) Pause Cleanup
[2025-04-04T17:51:34.203+0000][3.219s] GC(2) Pause Cleanup 21M->21M(512M) 0.132ms
[2025-04-04T17:51:34.203+0000][3.219s] GC(2) User=0.00s Sys=0.00s Real=0.00s
[2025-04-04T17:51:34.203+0000][3.219s] GC(2) Concurrent Cleanup for Next Mark
[2025-04-04T17:51:34.204+0000][3.219s] GC(2) Concurrent Cleanup for Next Mark 0.448ms
[2025-04-04T17:51:34.204+0000][3.219s] GC(2) Concurrent Cycle 16.154ms
[2025-04-04T17:51:35.446+0000][4.461s] GC(3) Pause Young (Normal) (G1 Evacuation Pause)
[2025-04-04T17:51:35.447+0000][4.461s] GC(3) Using 8 workers of 8 for evacuation
[2025-04-04T17:51:35.456+0000][4.471s] GC(3)   Pre Evacuate Collection Set: 0.0ms
[2025-04-04T17:51:35.456+0000][4.471s] GC(3)   Evacuate Collection Set: 8.8ms
[2025-04-04T17:51:35.457+0000][4.471s] GC(3)   Post Evacuate Collection Set: 0.9ms
[2025-04-04T17:51:35.457+0000][4.471s] GC(3)   Other: 0.2ms
[2025-04-04T17:51:35.457+0000][4.471s] GC(3) Eden regions: 56->0(83)
[2025-04-04T17:51:35.457+0000][4.471s] GC(3) Survivor regions: 13->4(9)
[2025-04-04T17:51:35.457+0000][4.471s] GC(3) Old regions: 4->17
[2025-04-04T17:51:35.457+0000][4.471s] GC(3) Humongous regions: 4->4
[2025-04-04T17:51:35.457+0000][4.471s] GC(3) Metaspace: 26507K(27440K)->26507K(27440K) NonClass: 23662K(24240K)->23662K(24240K) Class: 2844K(3200K)->2844K(3200K)
[2025-04-04T17:51:35.457+0000][4.472s] GC(3) Pause Young (Normal) (G1 Evacuation Pause) 76M->23M(512M) 10.176ms
[2025-04-04T17:51:35.457+0000][4.472s] GC(3) User=0.00s Sys=0.00s Real=0.01s
[2025-04-04T17:51:36.576+0000][5.591s] GC(4) Pause Young (Concurrent Start) (Metadata GC Threshold)
[2025-04-04T17:51:36.576+0000][5.591s] GC(4) Using 8 workers of 8 for evacuation
[2025-04-04T17:51:36.582+0000][5.597s] GC(4)   Pre Evacuate Collection Set: 0.0ms
[2025-04-04T17:51:36.582+0000][5.597s] GC(4)   Evacuate Collection Set: 5.1ms
[2025-04-04T17:51:36.582+0000][5.597s] GC(4)   Post Evacuate Collection Set: 0.4ms
[2025-04-04T17:51:36.582+0000][5.597s] GC(4)   Other: 0.2ms
[2025-04-04T17:51:36.582+0000][5.597s] GC(4) Eden regions: 67->0(302)
[2025-04-04T17:51:36.582+0000][5.597s] GC(4) Survivor regions: 4->5(11)
[2025-04-04T17:51:36.582+0000][5.597s] GC(4) Old regions: 17->17
[2025-04-04T17:51:36.582+0000][5.597s] GC(4) Humongous regions: 4->4
[2025-04-04T17:51:36.582+0000][5.597s] GC(4) Metaspace: 35113K(35920K)->35113K(35920K) NonClass: 31345K(31824K)->31345K(31824K) Class: 3767K(4096K)->3767K(4096K)
[2025-04-04T17:51:36.582+0000][5.597s] GC(4) Pause Young (Concurrent Start) (Metadata GC Threshold) 90M->24M(512M) 6.142ms
[2025-04-04T17:51:36.582+0000][5.597s] GC(4) User=0.00s Sys=0.00s Real=0.01s
[2025-04-04T17:51:36.582+0000][5.597s] GC(5) Concurrent Cycle
[2025-04-04T17:51:36.582+0000][5.597s] GC(5) Concurrent Clear Claimed Marks
[2025-04-04T17:51:36.582+0000][5.597s] GC(5) Concurrent Clear Claimed Marks 0.045ms
[2025-04-04T17:51:36.582+0000][5.597s] GC(5) Concurrent Scan Root Regions
[2025-04-04T17:51:36.585+0000][5.600s] GC(5) Concurrent Scan Root Regions 2.271ms
[2025-04-04T17:51:36.585+0000][5.600s] GC(5) Concurrent Mark (5.600s)
[2025-04-04T17:51:36.585+0000][5.600s] GC(5) Concurrent Mark From Roots
[2025-04-04T17:51:36.585+0000][5.600s] GC(5) Using 2 workers of 2 for marking
[2025-04-04T17:51:36.617+0000][5.632s] GC(5) Concurrent Mark From Roots 31.880ms
[2025-04-04T17:51:36.617+0000][5.632s] GC(5) Concurrent Preclean
[2025-04-04T17:51:36.617+0000][5.632s] GC(5) Concurrent Preclean 0.319ms
[2025-04-04T17:51:36.617+0000][5.632s] GC(5) Concurrent Mark (5.600s, 5.632s) 32.336ms
[2025-04-04T17:51:36.617+0000][5.632s] GC(5) Pause Remark
[2025-04-04T17:51:36.620+0000][5.635s] GC(5) Cleaned string and symbol table, strings: 15032 processed, 22 removed, symbols: 112016 processed, 40 removed
[2025-04-04T17:51:36.620+0000][5.635s] GC(5) Pause Remark 25M->25M(512M) 3.142ms
[2025-04-04T17:51:36.620+0000][5.635s] GC(5) User=0.00s Sys=0.00s Real=0.00s
[2025-04-04T17:51:36.620+0000][5.636s] GC(5) Concurrent Rebuild Remembered Sets
[2025-04-04T17:51:36.631+0000][5.646s] GC(5) Concurrent Rebuild Remembered Sets 10.260ms
[2025-04-04T17:51:36.631+0000][5.646s] GC(5) Pause Cleanup
[2025-04-04T17:51:36.631+0000][5.646s] GC(5) Pause Cleanup 26M->26M(512M) 0.148ms
[2025-04-04T17:51:36.631+0000][5.646s] GC(5) User=0.00s Sys=0.00s Real=0.00s
[2025-04-04T17:51:36.631+0000][5.646s] GC(5) Concurrent Cleanup for Next Mark
[2025-04-04T17:51:36.632+0000][5.647s] GC(5) Concurrent Cleanup for Next Mark 0.382ms
[2025-04-04T17:51:36.632+0000][5.647s] GC(5) Concurrent Cycle 49.665ms
[2025-04-04T17:51:38.315+0000][7.330s] GC(6) Pause Young (Concurrent Start) (G1 Evacuation Pause)
[2025-04-04T17:51:38.315+0000][7.330s] GC(6) Using 8 workers of 8 for evacuation
[2025-04-04T17:51:38.328+0000][7.343s] GC(6)   Pre Evacuate Collection Set: 0.1ms
[2025-04-04T17:51:38.328+0000][7.343s] GC(6)   Evacuate Collection Set: 11.8ms
[2025-04-04T17:51:38.328+0000][7.343s] GC(6)   Post Evacuate Collection Set: 0.6ms
[2025-04-04T17:51:38.328+0000][7.343s] GC(6)   Other: 0.4ms
[2025-04-04T17:51:38.328+0000][7.343s] GC(6) Eden regions: 302->0(293)
[2025-04-04T17:51:38.328+0000][7.343s] GC(6) Survivor regions: 5->14(39)
[2025-04-04T17:51:38.328+0000][7.343s] GC(6) Old regions: 17->17
[2025-04-04T17:51:38.328+0000][7.343s] GC(6) Humongous regions: 5->4
[2025-04-04T17:51:38.328+0000][7.343s] GC(6) Metaspace: 46180K(47312K)->46180K(47312K) NonClass: 41095K(41808K)->41095K(41808K) Class: 5085K(5504K)->5085K(5504K)
[2025-04-04T17:51:38.328+0000][7.343s] GC(6) Pause Young (Concurrent Start) (G1 Evacuation Pause) 327M->34M(512M) 13.057ms
[2025-04-04T17:51:38.328+0000][7.343s] GC(6) User=0.06s Sys=0.00s Real=0.01s
[2025-04-04T17:51:38.328+0000][7.343s] GC(7) Concurrent Cycle
[2025-04-04T17:51:38.328+0000][7.343s] GC(7) Concurrent Clear Claimed Marks
[2025-04-04T17:51:38.328+0000][7.343s] GC(7) Concurrent Clear Claimed Marks 0.078ms
[2025-04-04T17:51:38.328+0000][7.343s] GC(7) Concurrent Scan Root Regions
[2025-04-04T17:51:38.335+0000][7.350s] GC(7) Concurrent Scan Root Regions 6.571ms
[2025-04-04T17:51:38.335+0000][7.350s] GC(7) Concurrent Mark (7.350s)
[2025-04-04T17:51:38.335+0000][7.350s] GC(7) Concurrent Mark From Roots
[2025-04-04T17:51:38.335+0000][7.350s] GC(7) Using 2 workers of 2 for marking
[2025-04-04T17:51:38.359+0000][7.374s] GC(7) Concurrent Mark From Roots 23.991ms
[2025-04-04T17:51:38.359+0000][7.374s] GC(7) Concurrent Preclean
[2025-04-04T17:51:38.360+0000][7.375s] GC(7) Concurrent Preclean 0.494ms
[2025-04-04T17:51:38.360+0000][7.375s] GC(7) Concurrent Mark (7.350s, 7.375s) 24.692ms
[2025-04-04T17:51:38.360+0000][7.375s] GC(7) Pause Remark
[2025-04-04T17:51:38.365+0000][7.380s] GC(7) Cleaned string and symbol table, strings: 19755 processed, 0 removed, symbols: 144089 processed, 177 removed
[2025-04-04T17:51:38.365+0000][7.381s] GC(7) Pause Remark 67M->67M(512M) 5.319ms
[2025-04-04T17:51:38.365+0000][7.381s] GC(7) User=0.00s Sys=0.00s Real=0.01s
[2025-04-04T17:51:38.366+0000][7.381s] GC(7) Concurrent Rebuild Remembered Sets
[2025-04-04T17:51:38.376+0000][7.391s] GC(7) Concurrent Rebuild Remembered Sets 10.377ms
[2025-04-04T17:51:38.377+0000][7.392s] GC(7) Pause Cleanup
[2025-04-04T17:51:38.377+0000][7.392s] GC(7) Pause Cleanup 76M->76M(512M) 0.168ms
[2025-04-04T17:51:38.377+0000][7.392s] GC(7) User=0.00s Sys=0.00s Real=0.00s
[2025-04-04T17:51:38.377+0000][7.392s] GC(7) Concurrent Cleanup for Next Mark
[2025-04-04T17:51:38.378+0000][7.393s] GC(7) Concurrent Cleanup for Next Mark 0.460ms
[2025-04-04T17:51:38.378+0000][7.393s] GC(7) Concurrent Cycle 49.372ms
[2025-04-04T17:51:38.962+0000][7.977s] GC(8) Pause Young (Normal) (G1 Evacuation Pause)
[2025-04-04T17:51:38.962+0000][7.977s] GC(8) Using 8 workers of 8 for evacuation
[2025-04-04T17:51:38.973+0000][7.988s] GC(8)   Pre Evacuate Collection Set: 0.0ms
[2025-04-04T17:51:38.973+0000][7.988s] GC(8)   Evacuate Collection Set: 10.2ms
[2025-04-04T17:51:38.973+0000][7.988s] GC(8)   Post Evacuate Collection Set: 0.8ms
[2025-04-04T17:51:38.973+0000][7.988s] GC(8)   Other: 0.3ms
[2025-04-04T17:51:38.973+0000][7.988s] GC(8) Eden regions: 293->0(289)
[2025-04-04T17:51:38.973+0000][7.988s] GC(8) Survivor regions: 14->18(39)
[2025-04-04T17:51:38.974+0000][7.988s] GC(8) Old regions: 17->17
[2025-04-04T17:51:38.974+0000][7.989s] GC(8) Humongous regions: 5->5
[2025-04-04T17:51:38.974+0000][7.989s] GC(8) Metaspace: 48968K(50256K)->48968K(50256K) NonClass: 43548K(44368K)->43548K(44368K) Class: 5419K(5888K)->5419K(5888K)
[2025-04-04T17:51:38.974+0000][7.989s] GC(8) Pause Young (Normal) (G1 Evacuation Pause) 327M->38M(512M) 11.702ms
[2025-04-04T17:51:38.974+0000][7.989s] GC(8) User=0.00s Sys=0.00s Real=0.01s
[2025-04-04T17:51:40.756+0000][9.771s] GC(9) Pause Young (Normal) (G1 Evacuation Pause)
[2025-04-04T17:51:40.756+0000][9.771s] GC(9) Using 8 workers of 8 for evacuation
[2025-04-04T17:51:40.775+0000][9.790s] GC(9)   Pre Evacuate Collection Set: 0.0ms
[2025-04-04T17:51:40.775+0000][9.790s] GC(9)   Evacuate Collection Set: 17.5ms
[2025-04-04T17:51:40.775+0000][9.790s] GC(9)   Post Evacuate Collection Set: 1.2ms
[2025-04-04T17:51:40.775+0000][9.790s] GC(9)   Other: 0.3ms
[2025-04-04T17:51:40.775+0000][9.790s] GC(9) Eden regions: 289->0(279)
[2025-04-04T17:51:40.775+0000][9.790s] GC(9) Survivor regions: 18->28(39)
[2025-04-04T17:51:40.775+0000][9.790s] GC(9) Old regions: 17->17
[2025-04-04T17:51:40.775+0000][9.790s] GC(9) Humongous regions: 5->5
[2025-04-04T17:51:40.775+0000][9.790s] GC(9) Metaspace: 58996K(60368K)->58996K(60368K) NonClass: 52255K(53072K)->52255K(53072K) Class: 6741K(7296K)->6741K(7296K)
[2025-04-04T17:51:40.775+0000][9.790s] GC(9) Pause Young (Normal) (G1 Evacuation Pause) 327M->49M(512M) 19.359ms
[2025-04-04T17:51:40.775+0000][9.790s] GC(9) User=0.22s Sys=0.00s Real=0.02s
[2025-04-04T17:51:51.276+0000][20.291s] Heap
[2025-04-04T17:51:51.276+0000][20.291s]  garbage-first heap   total 524288K, used 318710K [0x00000000e0000000, 0x0000000100000000)
[2025-04-04T17:51:51.276+0000][20.291s]   region size 1024K, 292 young (299008K), 28 survivors (28672K)
[2025-04-04T17:51:51.276+0000][20.291s]  Metaspace       used 61010K, capacity 62503K, committed 62800K, reserved 1103872K
[2025-04-04T17:51:51.276+0000][20.291s]   class space    used 6953K, capacity 7598K, committed 7680K, reserved 1048576K
