[2025-04-04T17:49:41.019+0000][0.025s] Heap region size: 1M
[2025-04-04T17:49:41.412+0000][0.418s] Using G1
[2025-04-04T17:49:41.412+0000][0.418s] Heap address: 0x00000000e0000000, size: 512 MB, Compressed Oops mode: 32-bit
[2025-04-04T17:49:43.155+0000][2.161s] GC(0) Pause Young (Normal) (G1 Evacuation Pause)
[2025-04-04T17:49:43.157+0000][2.162s] GC(0) Using 8 workers of 8 for evacuation
[2025-04-04T17:49:43.159+0000][2.165s] GC(0)   Pre Evacuate Collection Set: 0.0ms
[2025-04-04T17:49:43.159+0000][2.165s] GC(0)   Evacuate Collection Set: 2.5ms
[2025-04-04T17:49:43.159+0000][2.165s] GC(0)   Post Evacuate Collection Set: 0.3ms
[2025-04-04T17:49:43.159+0000][2.166s] GC(0)   Other: 1.5ms
[2025-04-04T17:49:43.160+0000][2.166s] GC(0) Eden regions: 30->0(303)
[2025-04-04T17:49:43.161+0000][2.168s] GC(0) Survivor regions: 0->4(4)
[2025-04-04T17:49:43.161+0000][2.168s] GC(0) Old regions: 0->4
[2025-04-04T17:49:43.162+0000][2.168s] GC(0) Humongous regions: 0->0
[2025-04-04T17:49:43.162+0000][2.168s] GC(0) Metaspace: 10970K(11392K)->10970K(11392K) NonClass: 9956K(10240K)->9956K(10240K) Class: 1014K(1152K)->1014K(1152K)
[2025-04-04T17:49:43.162+0000][2.168s] GC(0) Pause Young (Normal) (G1 Evacuation Pause) 30M->7M(512M) 6.534ms
[2025-04-04T17:49:43.162+0000][2.168s] GC(0) User=0.00s Sys=0.00s Real=0.01s
[2025-04-04T17:49:44.221+0000][3.226s] GC(1) Pause Young (Concurrent Start) (Metadata GC Threshold)
[2025-04-04T17:49:44.221+0000][3.227s] GC(1) Using 8 workers of 8 for evacuation
[2025-04-04T17:49:44.232+0000][3.238s] GC(1)   Pre Evacuate Collection Set: 0.0ms
[2025-04-04T17:49:44.232+0000][3.238s] GC(1)   Evacuate Collection Set: 10.6ms
[2025-04-04T17:49:44.232+0000][3.238s] GC(1)   Post Evacuate Collection Set: 0.5ms
[2025-04-04T17:49:44.232+0000][3.238s] GC(1)   Other: 0.3ms
[2025-04-04T17:49:44.232+0000][3.238s] GC(1) Eden regions: 54->0(66)
[2025-04-04T17:49:44.232+0000][3.238s] GC(1) Survivor regions: 4->14(39)
[2025-04-04T17:49:44.232+0000][3.238s] GC(1) Old regions: 4->4
[2025-04-04T17:49:44.232+0000][3.238s] GC(1) Humongous regions: 4->4
[2025-04-04T17:49:44.232+0000][3.238s] GC(1) Metaspace: 20689K(21296K)->20689K(21296K) NonClass: 18503K(18864K)->18503K(18864K) Class: 2186K(2432K)->2186K(2432K)
[2025-04-04T17:49:44.232+0000][3.238s] GC(1) Pause Young (Concurrent Start) (Metadata GC Threshold) 65M->20M(512M) 11.701ms
[2025-04-04T17:49:44.232+0000][3.238s] GC(1) User=0.13s Sys=0.00s Real=0.01s
[2025-04-04T17:49:44.233+0000][3.238s] GC(2) Concurrent Cycle
[2025-04-04T17:49:44.233+0000][3.238s] GC(2) Concurrent Clear Claimed Marks
[2025-04-04T17:49:44.233+0000][3.238s] GC(2) Concurrent Clear Claimed Marks 0.054ms
[2025-04-04T17:49:44.233+0000][3.238s] GC(2) Concurrent Scan Root Regions
[2025-04-04T17:49:44.237+0000][3.243s] GC(2) Concurrent Scan Root Regions 4.542ms
[2025-04-04T17:49:44.237+0000][3.243s] GC(2) Concurrent Mark (3.243s)
[2025-04-04T17:49:44.237+0000][3.243s] GC(2) Concurrent Mark From Roots
[2025-04-04T17:49:44.237+0000][3.243s] GC(2) Using 2 workers of 2 for marking
[2025-04-04T17:49:44.241+0000][3.247s] GC(2) Concurrent Mark From Roots 3.676ms
[2025-04-04T17:49:44.241+0000][3.247s] GC(2) Concurrent Preclean
[2025-04-04T17:49:44.241+0000][3.247s] GC(2) Concurrent Preclean 0.339ms
[2025-04-04T17:49:44.241+0000][3.247s] GC(2) Concurrent Mark (3.243s, 3.247s) 4.164ms
[2025-04-04T17:49:44.242+0000][3.247s] GC(2) Pause Remark
[2025-04-04T17:49:44.243+0000][3.249s] GC(2) Cleaned string and symbol table, strings: 9598 processed, 0 removed, symbols: 68024 processed, 18 removed
[2025-04-04T17:49:44.243+0000][3.249s] GC(2) Pause Remark 21M->21M(512M) 1.777ms
[2025-04-04T17:49:44.243+0000][3.249s] GC(2) User=0.11s Sys=0.00s Real=0.00s
[2025-04-04T17:49:44.243+0000][3.249s] GC(2) Concurrent Rebuild Remembered Sets
[2025-04-04T17:49:44.246+0000][3.252s] GC(2) Concurrent Rebuild Remembered Sets 2.345ms
[2025-04-04T17:49:44.246+0000][3.252s] GC(2) Pause Cleanup
[2025-04-04T17:49:44.246+0000][3.252s] GC(2) Pause Cleanup 21M->21M(512M) 0.115ms
[2025-04-04T17:49:44.246+0000][3.252s] GC(2) User=0.00s Sys=0.00s Real=0.00s
[2025-04-04T17:49:44.246+0000][3.252s] GC(2) Concurrent Cleanup for Next Mark
[2025-04-04T17:49:44.247+0000][3.252s] GC(2) Concurrent Cleanup for Next Mark 0.302ms
[2025-04-04T17:49:44.247+0000][3.252s] GC(2) Concurrent Cycle 14.081ms
[2025-04-04T17:49:45.514+0000][4.520s] GC(3) Pause Young (Normal) (G1 Evacuation Pause)
[2025-04-04T17:49:45.514+0000][4.520s] GC(3) Using 8 workers of 8 for evacuation
[2025-04-04T17:49:45.523+0000][4.529s] GC(3)   Pre Evacuate Collection Set: 0.0ms
[2025-04-04T17:49:45.523+0000][4.529s] GC(3)   Evacuate Collection Set: 7.8ms
[2025-04-04T17:49:45.523+0000][4.529s] GC(3)   Post Evacuate Collection Set: 0.9ms
[2025-04-04T17:49:45.523+0000][4.529s] GC(3)   Other: 0.1ms
[2025-04-04T17:49:45.523+0000][4.529s] GC(3) Eden regions: 57->0(93)
[2025-04-04T17:49:45.523+0000][4.529s] GC(3) Survivor regions: 14->4(9)
[2025-04-04T17:49:45.523+0000][4.529s] GC(3) Old regions: 4->16
[2025-04-04T17:49:45.523+0000][4.529s] GC(3) Humongous regions: 4->4
[2025-04-04T17:49:45.523+0000][4.530s] GC(3) Metaspace: 26588K(27440K)->26588K(27440K) NonClass: 23722K(24240K)->23722K(24240K) Class: 2865K(3200K)->2865K(3200K)
[2025-04-04T17:49:45.523+0000][4.530s] GC(3) Pause Young (Normal) (G1 Evacuation Pause) 77M->23M(512M) 9.146ms
[2025-04-04T17:49:45.524+0000][4.530s] GC(3) User=0.02s Sys=0.00s Real=0.01s
[2025-04-04T17:49:46.528+0000][5.534s] GC(4) Pause Young (Concurrent Start) (Metadata GC Threshold)
[2025-04-04T17:49:46.528+0000][5.534s] GC(4) Using 8 workers of 8 for evacuation
[2025-04-04T17:49:46.534+0000][5.539s] GC(4)   Pre Evacuate Collection Set: 0.0ms
[2025-04-04T17:49:46.534+0000][5.540s] GC(4)   Evacuate Collection Set: 4.8ms
[2025-04-04T17:49:46.534+0000][5.540s] GC(4)   Post Evacuate Collection Set: 0.3ms
[2025-04-04T17:49:46.534+0000][5.540s] GC(4)   Other: 0.2ms
[2025-04-04T17:49:46.534+0000][5.540s] GC(4) Eden regions: 70->0(302)
[2025-04-04T17:49:46.534+0000][5.540s] GC(4) Survivor regions: 4->5(13)
[2025-04-04T17:49:46.534+0000][5.540s] GC(4) Old regions: 16->16
[2025-04-04T17:49:46.534+0000][5.540s] GC(4) Humongous regions: 4->4
[2025-04-04T17:49:46.534+0000][5.540s] GC(4) Metaspace: 35114K(35920K)->35114K(35920K) NonClass: 31349K(31824K)->31349K(31824K) Class: 3765K(4096K)->3765K(4096K)
[2025-04-04T17:49:46.534+0000][5.540s] GC(4) Pause Young (Concurrent Start) (Metadata GC Threshold) 93M->24M(512M) 5.600ms
[2025-04-04T17:49:46.534+0000][5.540s] GC(4) User=0.00s Sys=0.00s Real=0.01s
[2025-04-04T17:49:46.534+0000][5.540s] GC(5) Concurrent Cycle
[2025-04-04T17:49:46.534+0000][5.540s] GC(5) Concurrent Clear Claimed Marks
[2025-04-04T17:49:46.534+0000][5.540s] GC(5) Concurrent Clear Claimed Marks 0.036ms
[2025-04-04T17:49:46.534+0000][5.540s] GC(5) Concurrent Scan Root Regions
[2025-04-04T17:49:46.537+0000][5.542s] GC(5) Concurrent Scan Root Regions 2.400ms
[2025-04-04T17:49:46.537+0000][5.542s] GC(5) Concurrent Mark (5.542s)
[2025-04-04T17:49:46.537+0000][5.542s] GC(5) Concurrent Mark From Roots
[2025-04-04T17:49:46.537+0000][5.543s] GC(5) Using 2 workers of 2 for marking
[2025-04-04T17:49:46.573+0000][5.579s] GC(5) Concurrent Mark From Roots 36.169ms
[2025-04-04T17:49:46.573+0000][5.579s] GC(5) Concurrent Preclean
[2025-04-04T17:49:46.573+0000][5.579s] GC(5) Concurrent Preclean 0.400ms
[2025-04-04T17:49:46.573+0000][5.579s] GC(5) Concurrent Mark (5.542s, 5.579s) 36.736ms
[2025-04-04T17:49:46.574+0000][5.579s] GC(5) Pause Remark
[2025-04-04T17:49:46.577+0000][5.583s] GC(5) Cleaned string and symbol table, strings: 15013 processed, 22 removed, symbols: 111815 processed, 40 removed
[2025-04-04T17:49:46.577+0000][5.583s] GC(5) Pause Remark 25M->25M(512M) 3.524ms
[2025-04-04T17:49:46.577+0000][5.583s] GC(5) User=0.00s Sys=0.00s Real=0.00s
[2025-04-04T17:49:46.577+0000][5.583s] GC(5) Concurrent Rebuild Remembered Sets
[2025-04-04T17:49:46.587+0000][5.594s] GC(5) Concurrent Rebuild Remembered Sets 10.494ms
[2025-04-04T17:49:46.587+0000][5.594s] GC(5) Pause Cleanup
[2025-04-04T17:49:46.587+0000][5.594s] GC(5) Pause Cleanup 25M->25M(512M) 0.157ms
[2025-04-04T17:49:46.587+0000][5.594s] GC(5) User=0.00s Sys=0.00s Real=0.00s
[2025-04-04T17:49:46.587+0000][5.594s] GC(5) Concurrent Cleanup for Next Mark
[2025-04-04T17:49:46.589+0000][5.595s] GC(5) Concurrent Cleanup for Next Mark 0.482ms
[2025-04-04T17:49:46.589+0000][5.595s] GC(5) Concurrent Cycle 54.847ms
[2025-04-04T17:49:48.208+0000][7.214s] GC(6) Pause Young (Concurrent Start) (G1 Evacuation Pause)
[2025-04-04T17:49:48.208+0000][7.214s] GC(6) Using 8 workers of 8 for evacuation
[2025-04-04T17:49:48.219+0000][7.225s] GC(6)   Pre Evacuate Collection Set: 0.1ms
[2025-04-04T17:49:48.219+0000][7.225s] GC(6)   Evacuate Collection Set: 10.0ms
[2025-04-04T17:49:48.219+0000][7.225s] GC(6)   Post Evacuate Collection Set: 0.8ms
[2025-04-04T17:49:48.219+0000][7.225s] GC(6)   Other: 0.4ms
[2025-04-04T17:49:48.219+0000][7.225s] GC(6) Eden regions: 302->0(293)
[2025-04-04T17:49:48.219+0000][7.225s] GC(6) Survivor regions: 5->14(39)
[2025-04-04T17:49:48.219+0000][7.225s] GC(6) Old regions: 16->16
[2025-04-04T17:49:48.219+0000][7.225s] GC(6) Humongous regions: 5->4
[2025-04-04T17:49:48.219+0000][7.225s] GC(6) Metaspace: 46074K(47312K)->46074K(47312K) NonClass: 41002K(41808K)->41002K(41808K) Class: 5072K(5504K)->5072K(5504K)
[2025-04-04T17:49:48.219+0000][7.225s] GC(6) Pause Young (Concurrent Start) (G1 Evacuation Pause) 327M->33M(512M) 11.442ms
[2025-04-04T17:49:48.219+0000][7.225s] GC(6) User=0.09s Sys=0.00s Real=0.01s
[2025-04-04T17:49:48.219+0000][7.225s] GC(7) Concurrent Cycle
[2025-04-04T17:49:48.219+0000][7.226s] GC(7) Concurrent Clear Claimed Marks
[2025-04-04T17:49:48.219+0000][7.226s] GC(7) Concurrent Clear Claimed Marks 0.085ms
[2025-04-04T17:49:48.220+0000][7.226s] GC(7) Concurrent Scan Root Regions
[2025-04-04T17:49:48.225+0000][7.232s] GC(7) Concurrent Scan Root Regions 6.406ms
[2025-04-04T17:49:48.226+0000][7.232s] GC(7) Concurrent Mark (7.232s)
[2025-04-04T17:49:48.226+0000][7.232s] GC(7) Concurrent Mark From Roots
[2025-04-04T17:49:48.226+0000][7.232s] GC(7) Using 2 workers of 2 for marking
[2025-04-04T17:49:48.252+0000][7.258s] GC(7) Concurrent Mark From Roots 25.585ms
[2025-04-04T17:49:48.252+0000][7.258s] GC(7) Concurrent Preclean
[2025-04-04T17:49:48.252+0000][7.258s] GC(7) Concurrent Preclean 0.449ms
[2025-04-04T17:49:48.252+0000][7.258s] GC(7) Concurrent Mark (7.232s, 7.258s) 26.218ms
[2025-04-04T17:49:48.252+0000][7.259s] GC(7) Pause Remark
[2025-04-04T17:49:48.257+0000][7.263s] GC(7) Cleaned string and symbol table, strings: 19747 processed, 0 removed, symbols: 143636 processed, 179 removed
[2025-04-04T17:49:48.257+0000][7.264s] GC(7) Pause Remark 60M->60M(512M) 4.871ms
[2025-04-04T17:49:48.257+0000][7.264s] GC(7) User=0.00s Sys=0.00s Real=0.00s
[2025-04-04T17:49:48.257+0000][7.264s] GC(7) Concurrent Rebuild Remembered Sets
[2025-04-04T17:49:48.270+0000][7.276s] GC(7) Concurrent Rebuild Remembered Sets 11.909ms
[2025-04-04T17:49:48.270+0000][7.276s] GC(7) Pause Cleanup
[2025-04-04T17:49:48.270+0000][7.276s] GC(7) Pause Cleanup 68M->68M(512M) 0.160ms
[2025-04-04T17:49:48.270+0000][7.276s] GC(7) User=0.00s Sys=0.00s Real=0.00s
[2025-04-04T17:49:48.270+0000][7.276s] GC(7) Concurrent Cleanup for Next Mark
[2025-04-04T17:49:48.271+0000][7.277s] GC(7) Concurrent Cleanup for Next Mark 0.418ms
[2025-04-04T17:49:48.271+0000][7.277s] GC(7) Concurrent Cycle 51.242ms
[2025-04-04T17:49:48.849+0000][7.856s] GC(8) Pause Young (Normal) (G1 Evacuation Pause)
[2025-04-04T17:49:48.849+0000][7.856s] GC(8) Using 8 workers of 8 for evacuation
[2025-04-04T17:49:48.859+0000][7.865s] GC(8)   Pre Evacuate Collection Set: 0.0ms
[2025-04-04T17:49:48.859+0000][7.865s] GC(8)   Evacuate Collection Set: 8.1ms
[2025-04-04T17:49:48.859+0000][7.865s] GC(8)   Post Evacuate Collection Set: 0.8ms
[2025-04-04T17:49:48.859+0000][7.865s] GC(8)   Other: 0.2ms
[2025-04-04T17:49:48.859+0000][7.865s] GC(8) Eden regions: 293->0(290)
[2025-04-04T17:49:48.859+0000][7.865s] GC(8) Survivor regions: 14->17(39)
[2025-04-04T17:49:48.859+0000][7.865s] GC(8) Old regions: 16->16
[2025-04-04T17:49:48.859+0000][7.865s] GC(8) Humongous regions: 5->5
[2025-04-04T17:49:48.859+0000][7.865s] GC(8) Metaspace: 48789K(50000K)->48789K(50000K) NonClass: 43396K(44112K)->43396K(44112K) Class: 5392K(5888K)->5392K(5888K)
[2025-04-04T17:49:48.859+0000][7.865s] GC(8) Pause Young (Normal) (G1 Evacuation Pause) 327M->38M(512M) 9.436ms
[2025-04-04T17:49:48.859+0000][7.865s] GC(8) User=0.09s Sys=0.00s Real=0.01s
[2025-04-04T17:49:50.853+0000][9.858s] GC(9) Pause Young (Normal) (G1 Evacuation Pause)
[2025-04-04T17:49:50.853+0000][9.859s] GC(9) Using 8 workers of 8 for evacuation
[2025-04-04T17:49:50.869+0000][9.875s] GC(9)   Pre Evacuate Collection Set: 0.0ms
[2025-04-04T17:49:50.870+0000][9.875s] GC(9)   Evacuate Collection Set: 14.9ms
[2025-04-04T17:49:50.870+0000][9.875s] GC(9)   Post Evacuate Collection Set: 1.5ms
[2025-04-04T17:49:50.870+0000][9.875s] GC(9)   Other: 0.4ms
[2025-04-04T17:49:50.870+0000][9.875s] GC(9) Eden regions: 290->0(279)
[2025-04-04T17:49:50.870+0000][9.876s] GC(9) Survivor regions: 17->28(39)
[2025-04-04T17:49:50.870+0000][9.876s] GC(9) Old regions: 16->16
[2025-04-04T17:49:50.870+0000][9.876s] GC(9) Humongous regions: 5->5
[2025-04-04T17:49:50.870+0000][9.876s] GC(9) Metaspace: 59153K(60624K)->59153K(60624K) NonClass: 52415K(53328K)->52415K(53328K) Class: 6737K(7296K)->6737K(7296K)
[2025-04-04T17:49:50.870+0000][9.876s] GC(9) Pause Young (Normal) (G1 Evacuation Pause) 328M->48M(512M) 17.282ms
[2025-04-04T17:49:50.870+0000][9.876s] GC(9) User=0.09s Sys=0.00s Real=0.02s
[2025-04-04T17:50:02.449+0000][21.455s] Heap
[2025-04-04T17:50:02.449+0000][21.455s]  garbage-first heap   total 524288K, used 315031K [0x00000000e0000000, 0x0000000100000000)
[2025-04-04T17:50:02.449+0000][21.455s]   region size 1024K, 289 young (295936K), 28 survivors (28672K)
[2025-04-04T17:50:02.449+0000][21.455s]  Metaspace       used 60991K, capacity 62463K, committed 62800K, reserved 1103872K
[2025-04-04T17:50:02.450+0000][21.455s]   class space    used 6939K, capacity 7582K, committed 7680K, reserved 1048576K
