[2025-04-04T17:50:35.734+0000][0.024s] Heap region size: 1M
[2025-04-04T17:50:36.136+0000][0.427s] Using G1
[2025-04-04T17:50:36.137+0000][0.427s] Heap address: 0x00000000e0000000, size: 512 MB, Compressed Oops mode: 32-bit
[2025-04-04T17:50:37.955+0000][2.245s] GC(0) Pause Young (Normal) (G1 Evacuation Pause)
[2025-04-04T17:50:37.956+0000][2.247s] GC(0) Using 8 workers of 8 for evacuation
[2025-04-04T17:50:37.960+0000][2.251s] GC(0)   Pre Evacuate Collection Set: 0.0ms
[2025-04-04T17:50:37.960+0000][2.251s] GC(0)   Evacuate Collection Set: 3.6ms
[2025-04-04T17:50:37.961+0000][2.251s] GC(0)   Post Evacuate Collection Set: 0.3ms
[2025-04-04T17:50:37.961+0000][2.251s] GC(0)   Other: 1.5ms
[2025-04-04T17:50:37.961+0000][2.251s] GC(0) Eden regions: 30->0(303)
[2025-04-04T17:50:37.963+0000][2.254s] GC(0) Survivor regions: 0->4(4)
[2025-04-04T17:50:37.963+0000][2.254s] GC(0) Old regions: 0->4
[2025-04-04T17:50:37.963+0000][2.254s] GC(0) Humongous regions: 0->0
[2025-04-04T17:50:37.963+0000][2.254s] GC(0) Metaspace: 10962K(11392K)->10962K(11392K) NonClass: 9948K(10240K)->9948K(10240K) Class: 1014K(1152K)->1014K(1152K)
[2025-04-04T17:50:37.963+0000][2.254s] GC(0) Pause Young (Normal) (G1 Evacuation Pause) 30M->7M(512M) 8.335ms
[2025-04-04T17:50:37.963+0000][2.254s] GC(0) User=0.02s Sys=0.02s Real=0.01s
[2025-04-04T17:50:39.027+0000][3.317s] GC(1) Pause Young (Normal) (G1 Evacuation Pause)
[2025-04-04T17:50:39.027+0000][3.317s] GC(1) Using 8 workers of 8 for evacuation
[2025-04-04T17:50:39.034+0000][3.325s] GC(1)   Pre Evacuate Collection Set: 0.0ms
[2025-04-04T17:50:39.034+0000][3.325s] GC(1)   Evacuate Collection Set: 7.0ms
[2025-04-04T17:50:39.034+0000][3.325s] GC(1)   Post Evacuate Collection Set: 0.5ms
[2025-04-04T17:50:39.034+0000][3.325s] GC(1)   Other: 0.2ms
[2025-04-04T17:50:39.034+0000][3.325s] GC(1) Eden regions: 52->0(68)
[2025-04-04T17:50:39.034+0000][3.325s] GC(1) Survivor regions: 4->7(7)
[2025-04-04T17:50:39.034+0000][3.325s] GC(1) Old regions: 4->10
[2025-04-04T17:50:39.034+0000][3.325s] GC(1) Humongous regions: 4->4
[2025-04-04T17:50:39.034+0000][3.325s] GC(1) Metaspace: 20446K(21120K)->20446K(21120K) NonClass: 18275K(18688K)->18275K(18688K) Class: 2170K(2432K)->2170K(2432K)
[2025-04-04T17:50:39.034+0000][3.325s] GC(1) Pause Young (Normal) (G1 Evacuation Pause) 63M->20M(512M) 7.915ms
[2025-04-04T17:50:39.034+0000][3.325s] GC(1) User=0.00s Sys=0.00s Real=0.01s
[2025-04-04T17:50:39.064+0000][3.355s] GC(2) Pause Young (Concurrent Start) (Metadata GC Threshold)
[2025-04-04T17:50:39.065+0000][3.355s] GC(2) Using 8 workers of 8 for evacuation
[2025-04-04T17:50:39.071+0000][3.361s] GC(2)   Pre Evacuate Collection Set: 0.0ms
[2025-04-04T17:50:39.071+0000][3.361s] GC(2)   Evacuate Collection Set: 5.5ms
[2025-04-04T17:50:39.071+0000][3.362s] GC(2)   Post Evacuate Collection Set: 0.2ms
[2025-04-04T17:50:39.071+0000][3.362s] GC(2)   Other: 0.3ms
[2025-04-04T17:50:39.071+0000][3.362s] GC(2) Eden regions: 1->0(45)
[2025-04-04T17:50:39.071+0000][3.362s] GC(2) Survivor regions: 7->1(10)
[2025-04-04T17:50:39.071+0000][3.362s] GC(2) Old regions: 10->17
[2025-04-04T17:50:39.071+0000][3.362s] GC(2) Humongous regions: 4->4
[2025-04-04T17:50:39.071+0000][3.362s] GC(2) Metaspace: 20688K(21296K)->20688K(21296K) NonClass: 18501K(18864K)->18501K(18864K) Class: 2186K(2432K)->2186K(2432K)
[2025-04-04T17:50:39.071+0000][3.362s] GC(2) Pause Young (Concurrent Start) (Metadata GC Threshold) 21M->21M(512M) 6.349ms
[2025-04-04T17:50:39.071+0000][3.362s] GC(2) User=0.06s Sys=0.00s Real=0.01s
[2025-04-04T17:50:39.071+0000][3.362s] GC(3) Concurrent Cycle
[2025-04-04T17:50:39.071+0000][3.362s] GC(3) Concurrent Clear Claimed Marks
[2025-04-04T17:50:39.071+0000][3.362s] GC(3) Concurrent Clear Claimed Marks 0.034ms
[2025-04-04T17:50:39.071+0000][3.362s] GC(3) Concurrent Scan Root Regions
[2025-04-04T17:50:39.072+0000][3.362s] GC(3) Concurrent Scan Root Regions 0.270ms
[2025-04-04T17:50:39.072+0000][3.362s] GC(3) Concurrent Mark (3.362s)
[2025-04-04T17:50:39.072+0000][3.362s] GC(3) Concurrent Mark From Roots
[2025-04-04T17:50:39.072+0000][3.363s] GC(3) Using 2 workers of 2 for marking
[2025-04-04T17:50:39.086+0000][3.377s] GC(3) Concurrent Mark From Roots 14.511ms
[2025-04-04T17:50:39.086+0000][3.377s] GC(3) Concurrent Preclean
[2025-04-04T17:50:39.087+0000][3.377s] GC(3) Concurrent Preclean 0.296ms
[2025-04-04T17:50:39.087+0000][3.377s] GC(3) Concurrent Mark (3.362s, 3.377s) 14.932ms
[2025-04-04T17:50:39.087+0000][3.377s] GC(3) Pause Remark
[2025-04-04T17:50:39.088+0000][3.379s] GC(3) Cleaned string and symbol table, strings: 9635 processed, 3 removed, symbols: 68441 processed, 17 removed
[2025-04-04T17:50:39.089+0000][3.379s] GC(3) Pause Remark 22M->22M(512M) 1.595ms
[2025-04-04T17:50:39.089+0000][3.379s] GC(3) User=0.00s Sys=0.00s Real=0.00s
[2025-04-04T17:50:39.089+0000][3.379s] GC(3) Concurrent Rebuild Remembered Sets
[2025-04-04T17:50:39.101+0000][3.392s] GC(3) Concurrent Rebuild Remembered Sets 12.762ms
[2025-04-04T17:50:39.102+0000][3.392s] GC(3) Pause Cleanup
[2025-04-04T17:50:39.102+0000][3.392s] GC(3) Pause Cleanup 23M->23M(512M) 0.133ms
[2025-04-04T17:50:39.102+0000][3.392s] GC(3) User=0.00s Sys=0.00s Real=0.00s
[2025-04-04T17:50:39.102+0000][3.392s] GC(3) Concurrent Cleanup for Next Mark
[2025-04-04T17:50:39.102+0000][3.393s] GC(3) Concurrent Cleanup for Next Mark 0.308ms
[2025-04-04T17:50:39.102+0000][3.393s] GC(3) Concurrent Cycle 30.795ms
[2025-04-04T17:50:40.208+0000][4.499s] GC(4) Pause Young (Normal) (G1 Evacuation Pause)
[2025-04-04T17:50:40.208+0000][4.499s] GC(4) Using 8 workers of 8 for evacuation
[2025-04-04T17:50:40.211+0000][4.502s] GC(4)   Pre Evacuate Collection Set: 0.0ms
[2025-04-04T17:50:40.211+0000][4.502s] GC(4)   Evacuate Collection Set: 2.5ms
[2025-04-04T17:50:40.211+0000][4.502s] GC(4)   Post Evacuate Collection Set: 0.6ms
[2025-04-04T17:50:40.211+0000][4.502s] GC(4)   Other: 0.2ms
[2025-04-04T17:50:40.211+0000][4.502s] GC(4) Eden regions: 45->0(70)
[2025-04-04T17:50:40.211+0000][4.502s] GC(4) Survivor regions: 1->4(6)
[2025-04-04T17:50:40.211+0000][4.502s] GC(4) Old regions: 17->17
[2025-04-04T17:50:40.211+0000][4.502s] GC(4) Humongous regions: 4->4
[2025-04-04T17:50:40.212+0000][4.502s] GC(4) Metaspace: 25292K(25904K)->25292K(25904K) NonClass: 22598K(22960K)->22598K(22960K) Class: 2693K(2944K)->2693K(2944K)
[2025-04-04T17:50:40.212+0000][4.502s] GC(4) Pause Young (Normal) (G1 Evacuation Pause) 66M->23M(512M) 3.691ms
[2025-04-04T17:50:40.212+0000][4.502s] GC(4) User=0.03s Sys=0.00s Real=0.00s
[2025-04-04T17:50:41.250+0000][5.540s] GC(5) Pause Young (Normal) (G1 Evacuation Pause)
[2025-04-04T17:50:41.250+0000][5.540s] GC(5) Using 8 workers of 8 for evacuation
[2025-04-04T17:50:41.254+0000][5.544s] GC(5)   Pre Evacuate Collection Set: 0.0ms
[2025-04-04T17:50:41.254+0000][5.544s] GC(5)   Evacuate Collection Set: 3.4ms
[2025-04-04T17:50:41.254+0000][5.544s] GC(5)   Post Evacuate Collection Set: 0.4ms
[2025-04-04T17:50:41.254+0000][5.544s] GC(5)   Other: 0.2ms
[2025-04-04T17:50:41.254+0000][5.544s] GC(5) Eden regions: 70->0(303)
[2025-04-04T17:50:41.254+0000][5.545s] GC(5) Survivor regions: 4->4(10)
[2025-04-04T17:50:41.254+0000][5.545s] GC(5) Old regions: 17->17
[2025-04-04T17:50:41.254+0000][5.545s] GC(5) Humongous regions: 4->4
[2025-04-04T17:50:41.254+0000][5.545s] GC(5) Metaspace: 34704K(35760K)->34704K(35760K) NonClass: 30974K(31664K)->30974K(31664K) Class: 3729K(4096K)->3729K(4096K)
[2025-04-04T17:50:41.254+0000][5.545s] GC(5) Pause Young (Normal) (G1 Evacuation Pause) 93M->24M(512M) 4.281ms
[2025-04-04T17:50:41.254+0000][5.545s] GC(5) User=0.00s Sys=0.00s Real=0.00s
[2025-04-04T17:50:41.298+0000][5.588s] GC(6) Pause Young (Concurrent Start) (Metadata GC Threshold)
[2025-04-04T17:50:41.298+0000][5.588s] GC(6) Using 8 workers of 8 for evacuation
[2025-04-04T17:50:41.302+0000][5.592s] GC(6)   Pre Evacuate Collection Set: 0.0ms
[2025-04-04T17:50:41.302+0000][5.592s] GC(6)   Evacuate Collection Set: 3.7ms
[2025-04-04T17:50:41.302+0000][5.592s] GC(6)   Post Evacuate Collection Set: 0.3ms
[2025-04-04T17:50:41.302+0000][5.592s] GC(6)   Other: 0.2ms
[2025-04-04T17:50:41.302+0000][5.592s] GC(6) Eden regions: 2->0(153)
[2025-04-04T17:50:41.302+0000][5.592s] GC(6) Survivor regions: 4->5(39)
[2025-04-04T17:50:41.302+0000][5.592s] GC(6) Old regions: 17->17
[2025-04-04T17:50:41.302+0000][5.592s] GC(6) Humongous regions: 4->4
[2025-04-04T17:50:41.302+0000][5.592s] GC(6) Metaspace: 35116K(35920K)->35116K(35920K) NonClass: 31350K(31824K)->31350K(31824K) Class: 3765K(4096K)->3765K(4096K)
[2025-04-04T17:50:41.302+0000][5.592s] GC(6) Pause Young (Concurrent Start) (Metadata GC Threshold) 25M->24M(512M) 4.574ms
[2025-04-04T17:50:41.302+0000][5.592s] GC(6) User=0.00s Sys=0.00s Real=0.00s
[2025-04-04T17:50:41.302+0000][5.592s] GC(7) Concurrent Cycle
[2025-04-04T17:50:41.302+0000][5.592s] GC(7) Concurrent Clear Claimed Marks
[2025-04-04T17:50:41.302+0000][5.592s] GC(7) Concurrent Clear Claimed Marks 0.041ms
[2025-04-04T17:50:41.302+0000][5.592s] GC(7) Concurrent Scan Root Regions
[2025-04-04T17:50:41.305+0000][5.595s] GC(7) Concurrent Scan Root Regions 2.223ms
[2025-04-04T17:50:41.305+0000][5.595s] GC(7) Concurrent Mark (5.595s)
[2025-04-04T17:50:41.305+0000][5.595s] GC(7) Concurrent Mark From Roots
[2025-04-04T17:50:41.305+0000][5.595s] GC(7) Using 2 workers of 2 for marking
[2025-04-04T17:50:41.327+0000][5.618s] GC(7) Concurrent Mark From Roots 23.201ms
[2025-04-04T17:50:41.327+0000][5.618s] GC(7) Concurrent Preclean
[2025-04-04T17:50:41.328+0000][5.618s] GC(7) Concurrent Preclean 0.377ms
[2025-04-04T17:50:41.328+0000][5.619s] GC(7) Concurrent Mark (5.595s, 5.619s) 23.740ms
[2025-04-04T17:50:41.328+0000][5.619s] GC(7) Pause Remark
[2025-04-04T17:50:41.331+0000][5.622s] GC(7) Cleaned string and symbol table, strings: 15022 processed, 20 removed, symbols: 111815 processed, 40 removed
[2025-04-04T17:50:41.331+0000][5.622s] GC(7) Pause Remark 25M->25M(512M) 3.390ms
[2025-04-04T17:50:41.331+0000][5.622s] GC(7) User=0.00s Sys=0.00s Real=0.00s
[2025-04-04T17:50:41.331+0000][5.622s] GC(7) Concurrent Rebuild Remembered Sets
[2025-04-04T17:50:41.342+0000][5.633s] GC(7) Concurrent Rebuild Remembered Sets 10.747ms
[2025-04-04T17:50:41.343+0000][5.633s] GC(7) Pause Cleanup
[2025-04-04T17:50:41.343+0000][5.633s] GC(7) Pause Cleanup 26M->26M(512M) 0.157ms
[2025-04-04T17:50:41.343+0000][5.633s] GC(7) User=0.00s Sys=0.00s Real=0.00s
[2025-04-04T17:50:41.343+0000][5.633s] GC(7) Concurrent Cleanup for Next Mark
[2025-04-04T17:50:41.343+0000][5.634s] GC(7) Concurrent Cleanup for Next Mark 0.399ms
[2025-04-04T17:50:41.343+0000][5.634s] GC(7) Concurrent Cycle 41.553ms
[2025-04-04T17:50:42.731+0000][7.021s] GC(8) Pause Young (Concurrent Start) (G1 Evacuation Pause)
[2025-04-04T17:50:42.731+0000][7.021s] GC(8) Using 8 workers of 8 for evacuation
[2025-04-04T17:50:42.741+0000][7.031s] GC(8)   Pre Evacuate Collection Set: 0.1ms
[2025-04-04T17:50:42.741+0000][7.031s] GC(8)   Evacuate Collection Set: 8.6ms
[2025-04-04T17:50:42.741+0000][7.031s] GC(8)   Post Evacuate Collection Set: 0.7ms
[2025-04-04T17:50:42.741+0000][7.031s] GC(8)   Other: 0.4ms
[2025-04-04T17:50:42.741+0000][7.031s] GC(8) Eden regions: 169->0(280)
[2025-04-04T17:50:42.741+0000][7.031s] GC(8) Survivor regions: 5->10(22)
[2025-04-04T17:50:42.741+0000][7.031s] GC(8) Old regions: 17->17
[2025-04-04T17:50:42.741+0000][7.031s] GC(8) Humongous regions: 5->4
[2025-04-04T17:50:42.741+0000][7.031s] GC(8) Metaspace: 45227K(46544K)->45227K(46544K) NonClass: 40246K(41040K)->40246K(41040K) Class: 4980K(5504K)->4980K(5504K)
[2025-04-04T17:50:42.741+0000][7.031s] GC(8) Pause Young (Concurrent Start) (G1 Evacuation Pause) 194M->30M(512M) 10.254ms
[2025-04-04T17:50:42.741+0000][7.031s] GC(8) User=0.00s Sys=0.00s Real=0.01s
[2025-04-04T17:50:42.741+0000][7.032s] GC(9) Concurrent Cycle
[2025-04-04T17:50:42.741+0000][7.032s] GC(9) Concurrent Clear Claimed Marks
[2025-04-04T17:50:42.741+0000][7.032s] GC(9) Concurrent Clear Claimed Marks 0.074ms
[2025-04-04T17:50:42.741+0000][7.032s] GC(9) Concurrent Scan Root Regions
[2025-04-04T17:50:42.746+0000][7.037s] GC(9) Concurrent Scan Root Regions 5.022ms
[2025-04-04T17:50:42.747+0000][7.037s] GC(9) Concurrent Mark (7.037s)
[2025-04-04T17:50:42.747+0000][7.037s] GC(9) Concurrent Mark From Roots
[2025-04-04T17:50:42.747+0000][7.037s] GC(9) Using 2 workers of 2 for marking
[2025-04-04T17:50:42.771+0000][7.062s] GC(9) Concurrent Mark From Roots 24.665ms
[2025-04-04T17:50:42.771+0000][7.062s] GC(9) Concurrent Preclean
[2025-04-04T17:50:42.772+0000][7.062s] GC(9) Concurrent Preclean 0.421ms
[2025-04-04T17:50:42.772+0000][7.062s] GC(9) Concurrent Mark (7.037s, 7.062s) 25.274ms
[2025-04-04T17:50:42.772+0000][7.063s] GC(9) Pause Remark
[2025-04-04T17:50:42.776+0000][7.067s] GC(9) Cleaned string and symbol table, strings: 19407 processed, 0 removed, symbols: 142001 processed, 115 removed
[2025-04-04T17:50:42.777+0000][7.067s] GC(9) Pause Remark 44M->44M(512M) 4.635ms
[2025-04-04T17:50:42.777+0000][7.067s] GC(9) User=0.09s Sys=0.00s Real=0.00s
[2025-04-04T17:50:42.777+0000][7.067s] GC(9) Concurrent Rebuild Remembered Sets
[2025-04-04T17:50:42.789+0000][7.079s] GC(9) Concurrent Rebuild Remembered Sets 11.462ms
[2025-04-04T17:50:42.789+0000][7.079s] GC(9) Pause Cleanup
[2025-04-04T17:50:42.789+0000][7.079s] GC(9) Pause Cleanup 50M->50M(512M) 0.314ms
[2025-04-04T17:50:42.789+0000][7.080s] GC(9) User=0.00s Sys=0.00s Real=0.00s
[2025-04-04T17:50:42.789+0000][7.080s] GC(9) Concurrent Cleanup for Next Mark
[2025-04-04T17:50:42.789+0000][7.080s] GC(9) Concurrent Cleanup for Next Mark 0.448ms
[2025-04-04T17:50:42.790+0000][7.080s] GC(9) Concurrent Cycle 48.569ms
[2025-04-04T17:50:43.227+0000][7.518s] GC(10) Pause Young (Normal) (G1 Evacuation Pause)
[2025-04-04T17:50:43.227+0000][7.518s] GC(10) Using 8 workers of 8 for evacuation
[2025-04-04T17:50:43.236+0000][7.526s] GC(10)   Pre Evacuate Collection Set: 0.0ms
[2025-04-04T17:50:43.236+0000][7.526s] GC(10)   Evacuate Collection Set: 7.8ms
[2025-04-04T17:50:43.236+0000][7.526s] GC(10)   Post Evacuate Collection Set: 0.7ms
[2025-04-04T17:50:43.236+0000][7.527s] GC(10)   Other: 0.3ms
[2025-04-04T17:50:43.236+0000][7.527s] GC(10) Eden regions: 280->0(292)
[2025-04-04T17:50:43.236+0000][7.527s] GC(10) Survivor regions: 10->15(37)
[2025-04-04T17:50:43.236+0000][7.527s] GC(10) Old regions: 17->17
[2025-04-04T17:50:43.236+0000][7.527s] GC(10) Humongous regions: 4->4
[2025-04-04T17:50:43.236+0000][7.527s] GC(10) Metaspace: 46620K(47952K)->46620K(47952K) NonClass: 41475K(42320K)->41475K(42320K) Class: 5145K(5632K)->5145K(5632K)
[2025-04-04T17:50:43.236+0000][7.527s] GC(10) Pause Young (Normal) (G1 Evacuation Pause) 310M->35M(512M) 9.174ms
[2025-04-04T17:50:43.236+0000][7.527s] GC(10) User=0.00s Sys=0.00s Real=0.01s
[2025-04-04T17:50:44.822+0000][9.113s] GC(11) Pause Young (Normal) (G1 Evacuation Pause)
[2025-04-04T17:50:44.822+0000][9.113s] GC(11) Using 8 workers of 8 for evacuation
[2025-04-04T17:50:44.837+0000][9.128s] GC(11)   Pre Evacuate Collection Set: 0.0ms
[2025-04-04T17:50:44.837+0000][9.128s] GC(11)   Evacuate Collection Set: 13.8ms
[2025-04-04T17:50:44.837+0000][9.128s] GC(11)   Post Evacuate Collection Set: 1.1ms
[2025-04-04T17:50:44.837+0000][9.128s] GC(11)   Other: 0.3ms
[2025-04-04T17:50:44.837+0000][9.128s] GC(11) Eden regions: 292->0(287)
[2025-04-04T17:50:44.837+0000][9.128s] GC(11) Survivor regions: 15->20(39)
[2025-04-04T17:50:44.837+0000][9.128s] GC(11) Old regions: 17->17
[2025-04-04T17:50:44.837+0000][9.128s] GC(11) Humongous regions: 5->5
[2025-04-04T17:50:44.837+0000][9.128s] GC(11) Metaspace: 55038K(56528K)->55038K(56528K) NonClass: 48830K(49744K)->48830K(49744K) Class: 6208K(6784K)->6208K(6784K)
[2025-04-04T17:50:44.838+0000][9.128s] GC(11) Pause Young (Normal) (G1 Evacuation Pause) 328M->40M(512M) 15.668ms
[2025-04-04T17:50:44.838+0000][9.128s] GC(11) User=0.13s Sys=0.00s Real=0.02s
[2025-04-04T17:50:46.082+0000][10.372s] GC(12) Pause Young (Normal) (G1 Evacuation Pause)
[2025-04-04T17:50:46.082+0000][10.372s] GC(12) Using 8 workers of 8 for evacuation
[2025-04-04T17:50:46.102+0000][10.392s] GC(12)   Pre Evacuate Collection Set: 0.0ms
[2025-04-04T17:50:46.102+0000][10.392s] GC(12)   Evacuate Collection Set: 18.8ms
[2025-04-04T17:50:46.102+0000][10.392s] GC(12)   Post Evacuate Collection Set: 1.0ms
[2025-04-04T17:50:46.102+0000][10.393s] GC(12)   Other: 0.3ms
[2025-04-04T17:50:46.102+0000][10.393s] GC(12) Eden regions: 287->0(269)
[2025-04-04T17:50:46.102+0000][10.393s] GC(12) Survivor regions: 20->38(39)
[2025-04-04T17:50:46.102+0000][10.393s] GC(12) Old regions: 17->17
[2025-04-04T17:50:46.102+0000][10.393s] GC(12) Humongous regions: 5->5
[2025-04-04T17:50:46.102+0000][10.393s] GC(12) Metaspace: 60341K(61904K)->60341K(61904K) NonClass: 53454K(54352K)->53454K(54352K) Class: 6887K(7552K)->6887K(7552K)
[2025-04-04T17:50:46.102+0000][10.393s] GC(12) Pause Young (Normal) (G1 Evacuation Pause) 327M->59M(512M) 20.602ms
[2025-04-04T17:50:46.102+0000][10.393s] GC(12) User=0.17s Sys=0.00s Real=0.02s
[2025-04-04T17:50:56.506+0000][20.797s] Heap
[2025-04-04T17:50:56.506+0000][20.797s]  garbage-first heap   total 524288K, used 160148K [0x00000000e0000000, 0x0000000100000000)
[2025-04-04T17:50:56.506+0000][20.797s]   region size 1024K, 137 young (140288K), 38 survivors (38912K)
[2025-04-04T17:50:56.506+0000][20.797s]  Metaspace       used 60973K, capacity 62473K, committed 62800K, reserved 1103872K
[2025-04-04T17:50:56.506+0000][20.797s]   class space    used 6946K, capacity 7585K, committed 7680K, reserved 1048576K
